Archive member included because of file (symbol)

D:\oxygine-sound\dependencies\openalext\lib\android\libopenal.a(android.o)
                              debug\openalext_platform.os (alcSuspend)
D:\oxygine-sound\dependencies\openalext\lib\android\libopenal.a(alBuffer.o)
                              debug\openalext_platform.os (alGenBuffers)
D:\oxygine-sound\dependencies\openalext\lib\android\libopenal.a(alError.o)
                              debug\openalext_platform.os (alGetError)
D:\oxygine-sound\dependencies\openalext\lib\android\libopenal.a(alSource.o)
                              debug\openalext_platform.os (alGenSources)
D:\oxygine-sound\dependencies\openalext\lib\android\libopenal.a(ALc.o)
                              D:\oxygine-sound\dependencies\openalext\lib\android\libopenal.a(alBuffer.o) (InsertUIntMapEntry)
D:\oxygine-sound\dependencies\openalext\lib\android\libopenal.a(alcConfig.o)
                              D:\oxygine-sound\dependencies\openalext\lib\android\libopenal.a(ALc.o) (ReadALConfig)
D:\oxygine-sound\dependencies\openalext\lib\android\libopenal.a(ALu.o)
                              D:\oxygine-sound\dependencies\openalext\lib\android\libopenal.a(alSource.o) (CalcNonAttnSourceParams)
D:\oxygine-sound\dependencies\openalext\lib\android\libopenal.a(bs2b.o)
                              D:\oxygine-sound\dependencies\openalext\lib\android\libopenal.a(ALc.o) (bs2b_set_level)
D:\oxygine-sound\dependencies\openalext\lib\android\libopenal.a(null.o)
                              D:\oxygine-sound\dependencies\openalext\lib\android\libopenal.a(ALc.o) (alc_null_init)
D:\oxygine-sound\dependencies\openalext\lib\android\libopenal.a(panning.o)
                              D:\oxygine-sound\dependencies\openalext\lib\android\libopenal.a(ALu.o) (aluCart2LUTpos)
D:\oxygine-sound\dependencies\openalext\lib\android\libopenal.a(mixer.o)
                              D:\oxygine-sound\dependencies\openalext\lib\android\libopenal.a(ALu.o) (MixSource)
D:\oxygine-sound\dependencies\openalext\lib\android\libopenal.a(audiotrack.o)
                              D:\oxygine-sound\dependencies\openalext\lib\android\libopenal.a(ALc.o) (alc_audiotrack_init)
D:\oxygine-sound\dependencies\openalext\lib\android\libopenal.a(opensles.o)
                              D:\oxygine-sound\dependencies\openalext\lib\android\libopenal.a(ALc.o) (alc_opensles_init)
D:\oxygine-sound\dependencies\openalext\lib\android\libopenal.a(alAuxEffectSlot.o)
                              D:\oxygine-sound\dependencies\openalext\lib\android\libopenal.a(ALc.o) (alDeleteAuxiliaryEffectSlots)
D:\oxygine-sound\dependencies\openalext\lib\android\libopenal.a(alDatabuffer.o)
                              D:\oxygine-sound\dependencies\openalext\lib\android\libopenal.a(ALc.o) (ReleaseALDatabuffers)
D:\oxygine-sound\dependencies\openalext\lib\android\libopenal.a(alEffect.o)
                              D:\oxygine-sound\dependencies\openalext\lib\android\libopenal.a(ALc.o) (alGenEffects)
D:\oxygine-sound\dependencies\openalext\lib\android\libopenal.a(alExtension.o)
                              D:\oxygine-sound\dependencies\openalext\lib\android\libopenal.a(ALc.o) (alIsExtensionPresent)
D:\oxygine-sound\dependencies\openalext\lib\android\libopenal.a(alFilter.o)
                              D:\oxygine-sound\dependencies\openalext\lib\android\libopenal.a(ALc.o) (alGenFilters)
D:\oxygine-sound\dependencies\openalext\lib\android\libopenal.a(alListener.o)
                              D:\oxygine-sound\dependencies\openalext\lib\android\libopenal.a(ALc.o) (alListenerf)
D:\oxygine-sound\dependencies\openalext\lib\android\libopenal.a(alState.o)
                              D:\oxygine-sound\dependencies\openalext\lib\android\libopenal.a(ALc.o) (alEnable)
D:\oxygine-sound\dependencies\openalext\lib\android\libopenal.a(alcEcho.o)
                              D:\oxygine-sound\dependencies\openalext\lib\android\libopenal.a(alAuxEffectSlot.o) (EchoCreate)
D:\oxygine-sound\dependencies\openalext\lib\android\libopenal.a(alcModulator.o)
                              D:\oxygine-sound\dependencies\openalext\lib\android\libopenal.a(alAuxEffectSlot.o) (ModulatorCreate)
D:\oxygine-sound\dependencies\openalext\lib\android\libopenal.a(alcReverb.o)
                              D:\oxygine-sound\dependencies\openalext\lib\android\libopenal.a(alAuxEffectSlot.o) (VerbCreate)
D:\oxygine-sound\dependencies\openalext\lib\android\libopenal.a(alcThread.o)
                              D:\oxygine-sound\dependencies\openalext\lib\android\libopenal.a(null.o) (StartThread)
d:/android/android-ndk-r8e/toolchains/arm-linux-androideabi-4.4.3/prebuilt/windows/bin/../lib/gcc/arm-linux-androideabi/4.4.3\libgcc.a(_udivsi3.o)
                              D:\oxygine-sound\dependencies\openalext\lib\android\libopenal.a(alBuffer.o) (__aeabi_uidiv)
d:/android/android-ndk-r8e/toolchains/arm-linux-androideabi-4.4.3/prebuilt/windows/bin/../lib/gcc/arm-linux-androideabi/4.4.3\libgcc.a(_divsi3.o)
[...]
Memory Configuration

Name             Origin             Length             Attributes
*default*        0x00000000         0xffffffff

Linker script and memory map

LOAD d:/android/android-ndk-r8e/platforms/android-9/arch-arm/usr/lib/crtbegin_so.o
LOAD debug\openalext_platform.os
LOAD debug\openalext.os
LOAD debug\openalext_register.os
LOAD D:\oxygine-sound\dependencies\openalext\lib\android\libopenal.a
LOAD D:\android\android-ndk-r8e\platforms\android-9\arch-arm\usr\lib/libOpenSLES.so
LOAD D:\marmalade\7.2\s3e\edk\lib\android\libedk.a
LOAD D:\marmalade\7.2\s3e\edk\lib\android/libplaceholderplaceholderplaceholderplaceholderplaceholder.so
LOAD D:\android\android-ndk-r8e\platforms\android-9\arch-arm\usr\lib/liblog.so
LOAD D:\android\android-ndk-r8e\sources\cxx-stl\gnu-libstdc++\4.4.3\libs\armeabi\libgnustl_static.a
LOAD d:/android/android-ndk-r8e/toolchains/arm-linux-androideabi-4.4.3/prebuilt/windows/bin/../lib/gcc/arm-linux-androideabi/4.4.3\libgcc.a
LOAD D:\android\android-ndk-r8e\platforms\android-9\arch-arm\usr\lib/libstdc++.so
LOAD D:\android\android-ndk-r8e\platforms\android-9\arch-arm\usr\lib/libm.so
LOAD D:\android\android-ndk-r8e\platforms\android-9\arch-arm\usr\lib/libc.so
LOAD d:/android/android-ndk-r8e/toolchains/arm-linux-androideabi-4.4.3/prebuilt/windows/bin/../lib/gcc/arm-linux-androideabi/4.4.3\libgcc.a
LOAD D:\android\android-ndk-r8e\platforms\android-9\arch-arm\usr\lib/libc.so
LOAD D:\android\android-ndk-r8e\platforms\android-9\arch-arm\usr\lib/libdl.so
LOAD d:/android/android-ndk-r8e/toolchains/arm-linux-androideabi-4.4.3/prebuilt/windows/bin/../lib/gcc/arm-linux-androideabi/4.4.3\libgcc.a
LOAD d:/android/android-ndk-r8e/platforms/android-9/arch-arm/usr/lib/crtend_so.o
                0x000000f4                . = (0x0 + SIZEOF_HEADERS)

.note.gnu.build-id
 *(.note.gnu.build-id)

.hash           0x000000f4      0xa34
 *(.hash)
 .hash          0x000000f4      0xa34 d:/android/android-ndk-r8e/platforms/android-9/arch-arm/usr/lib/crtbegin_so.o

.gnu.hash
 *(.gnu.hash)

.dynsym         0x00000b28     0x1840
 *(.dynsym)
 .dynsym        0x00000b28     0x1840 d:/android/android-ndk-r8e/platforms/android-9/arch-arm/usr/lib/crtbegin_so.o

.dynstr         0x00002368     0x1758
 *(.dynstr)
 .dynstr        0x00002368     0x1758 d:/android/android-ndk-r8e/platforms/android-9/arch-arm/usr/lib/crtbegin_so.o

.gnu.version    0x00003ac0        0x0
 *(.gnu.version)
 .gnu.version   0x00000000        0x0 d:/android/android-ndk-r8e/platforms/android-9/arch-arm/usr/lib/crtbegin_so.o

.gnu.version_d  0x00003ac0        0x0
 *(.gnu.version_d)
 .gnu.version_d
                0x00000000        0x0 d:/android/android-ndk-r8e/platforms/android-9/arch-arm/usr/lib/crtbegin_so.o

.gnu.version_r  0x00003ac0        0x0
 *(.gnu.version_r)
 .gnu.version_r
                0x00000000        0x0 d:/android/android-ndk-r8e/platforms/android-9/arch-arm/usr/lib/crtbegin_so.o

.rel.dyn        0x00003ac0     0x11a8
 *(.rel.init)
 *(.rel.text .rel.text.* .rel.gnu.linkonce.t.*)
 *(.rel.fini)
 *(.rel.rodata .rel.rodata.* .rel.gnu.linkonce.r.*)
 *(.rel.data.rel.ro* .rel.gnu.linkonce.d.rel.ro.*)
 .rel.data.rel.ro
                0x00003ac0      0x820 d:/android/android-ndk-r8e/platforms/android-9/arch-arm/usr/lib/crtbegin_so.o
 .rel.data.rel.ro.local
                0x000042e0      0x678 d:/android/android-ndk-r8e/platforms/android-9/arch-arm/usr/lib/crtbegin_so.o
 *(.rel.data .rel.data.* .rel.gnu.linkonce.d.*)
 .rel.data      0x00004958       0x98 d:/android/android-ndk-r8e/platforms/android-9/arch-arm/usr/lib/crtbegin_so.o
 .rel.data.rel  0x000049f0       0x60 d:/android/android-ndk-r8e/platforms/android-9/arch-arm/usr/lib/crtbegin_so.o
 .rel.data.rel.local
                0x00004a50       0x78 d:/android/android-ndk-r8e/platforms/android-9/arch-arm/usr/lib/crtbegin_so.o
 *(.rel.tdata .rel.tdata.* .rel.gnu.linkonce.td.*)
 *(.rel.tbss .rel.tbss.* .rel.gnu.linkonce.tb.*)
 *(.rel.ctors)
 *(.rel.dtors)
 *(.rel.got)
 .rel.got       0x00004ac8      0x188 d:/android/android-ndk-r8e/platforms/android-9/arch-arm/usr/lib/crtbegin_so.o
 *(.rel.bss .rel.bss.* .rel.gnu.linkonce.b.*)
 .rel.fini_array
                0x00004c50       0x10 d:/android/android-ndk-r8e/platforms/android-9/arch-arm/usr/lib/crtbegin_so.o
 .rel.init_array
                0x00004c60        0x8 d:/android/android-ndk-r8e/platforms/android-9/arch-arm/usr/lib/crtbegin_so.o

.rela.dyn
 *(.rela.init)
 *(.rela.text .rela.text.* .rela.gnu.linkonce.t.*)
 *(.rela.fini)
 *(.rela.rodata .rela.rodata.* .rela.gnu.linkonce.r.*)
 *(.rela.data .rela.data.* .rela.gnu.linkonce.d.*)
 *(.rela.tdata .rela.tdata.* .rela.gnu.linkonce.td.*)
 *(.rela.tbss .rela.tbss.* .rela.gnu.linkonce.tb.*)
 *(.rela.ctors)
 *(.rela.dtors)
 *(.rela.got)
 *(.rela.bss .rela.bss.* .rela.gnu.linkonce.b.*)

.rel.plt        0x00004c68      0x280
 *(.rel.plt)
 .rel.plt       0x00004c68      0x280 d:/android/android-ndk-r8e/platforms/android-9/arch-arm/usr/lib/crtbegin_so.o

.rela.plt
 *(.rela.plt)

.init
 *(.init)

.plt            0x00004ee8      0x3d4
 *(.plt)
 .plt           0x00004ee8      0x3d4 d:/android/android-ndk-r8e/platforms/android-9/arch-arm/usr/lib/crtbegin_so.o

.text           0x000052c0    0x5dba8
 *(.text .stub .text.* .gnu.linkonce.t.*)
 .text.exit     0x000052c0       0x10 d:/android/android-ndk-r8e/platforms/android-9/arch-arm/usr/lib/crtbegin_so.o
                0x000052c0                __on_dlclose
 .text._Z22openalextInit_platformv
                0x000052d0        0xc debug\openalext_platform.os
                0x000052d0                openalextInit_platform()
 .text._Z27openalextTerminate_platformv
                0x000052dc        0x4 debug\openalext_platform.os
                0x000052dc                openalextTerminate_platform()
 .text._Z20_alGetError_platformv
                0x000052e0       0x14 debug\openalext_platform.os
                0x000052e0                _alGetError_platform()
 .text._Z30_alSourceQueueBuffers_platformjiPKj
                0x000052f4       0x2c debug\openalext_platform.os
                0x000052f4                _alSourceQueueBuffers_platform(unsigned int, int, unsigned int const*)
 .text._Z32_alSourceUnqueueBuffers_platformjiPj
                0x00005320       0x2c debug\openalext_platform.os
                0x00005320                _alSourceUnqueueBuffers_platform(unsigned int, int, unsigned int*)
 .text._Z22_alGetSourcei_platformjjPi
                0x0000534c       0x30 debug\openalext_platform.os
                0x0000534c                _alGetSourcei_platform(unsigned int, unsigned int, int*)
 .text._Z22_alGetSourcef_platformjjPf
                0x0000537c       0x30 debug\openalext_platform.os
                0x0000537c                _alGetSourcef_platform(unsigned int, unsigned int, float*)
 .text._Z19_alSourcef_platformjjf
                0x000053ac       0x30 debug\openalext_platform.os
                0x000053ac                _alSourcef_platform(unsigned int, unsigned int, float)
 .text._Z19_alSourcei_platformjji
                0x000053dc       0x30 debug\openalext_platform.os
                0x000053dc                _alSourcei_platform(unsigned int, unsigned int, int)
 .text._Z22_alSourcePlay_platformj
                0x0000540c       0x1c debug\openalext_platform.os
                0x0000540c                _alSourcePlay_platform(unsigned int)
 .text._Z22_alSourceStop_platformj
                0x00005428       0x1c debug\openalext_platform.os
                0x00005428                _alSourceStop_platform(unsigned int)
 .text._Z23_alSourcePause_platformj
                0x00005444       0x1c debug\openalext_platform.os
                0x00005444                _alSourcePause_platform(unsigned int)
 .text._Z22_alGenSources_platformiPj
                0x00005460       0x24 debug\openalext_platform.os
                0x00005460                _alGenSources_platform(int, unsigned int*)
 .text._Z25_alDeleteSources_platformiPKj
                0x00005484       0x24 debug\openalext_platform.os
                0x00005484                _alDeleteSources_platform(int, unsigned int const*)
 .text._Z22_alGenBuffers_platformiPj
                0x000054a8       0x24 debug\openalext_platform.os
                0x000054a8                _alGenBuffers_platform(int, unsigned int*)
 .text._Z25_alDeleteBuffers_platformiPKj
                0x000054cc       0x24 debug\openalext_platform.os
                0x000054cc                _alDeleteBuffers_platform(int, unsigned int const*)
 .text._Z22_alBufferData_platformjjPKvii
                0x000054f0       0x40 debug\openalext_platform.os
                0x000054f0                _alBufferData_platform(unsigned int, unsigned int, void const*, int, int)
 .text._Z23_alcOpenDevice_platformPKc
                0x00005530       0x24 debug\openalext_platform.os
                0x00005530                _alcOpenDevice_platform(char const*)
 .text._Z24_alcCloseDevice_platformP10_ALCdevice
                0x00005554       0x20 debug\openalext_platform.os
                0x00005554                _alcCloseDevice_platform(_ALCdevice*)
 .text._Z26_alcCreateContext_platformP10_ALCdevicePKi
                0x00005574       0x30 debug\openalext_platform.os
                0x00005574                _alcCreateContext_platform(_ALCdevice*, int const*)
 .text._Z31_alcMakeContextCurrent_platformP11_ALCcontext
                0x000055a4       0x38 debug\openalext_platform.os
                0x000055a4                _alcMakeContextCurrent_platform(_ALCcontext*)
 .text._Z27_alcProcessContext_platformP11_ALCcontext
                0x000055dc       0x24 debug\openalext_platform.os
                0x000055dc                _alcProcessContext_platform(_ALCcontext*)
 .text._Z27_alcSuspendContext_platformP11_ALCcontext
                0x00005600       0x24 debug\openalext_platform.os
                0x00005600                _alcSuspendContext_platform(_ALCcontext*)
 .text._Z27_alcDestroyContext_platformP11_ALCcontext
                0x00005624       0x20 debug\openalext_platform.os
                0x00005624                _alcDestroyContext_platform(_ALCcontext*)
 .text._Z30_alcGetCurrentContext_platformv
                0x00005644       0x14 debug\openalext_platform.os
                0x00005644                _alcGetCurrentContext_platform()
 .text._Z13openalextInitv
                0x00005658       0x14 debug\openalext.os
                0x00005658                openalextInit()
 .text._Z18openalextTerminatev
                0x0000566c        0xc debug\openalext.os
                0x0000566c                openalextTerminate()
 .text._alGetError
                0x00005678       0x14 debug\openalext.os
                0x00005678                _alGetError
 .text._alSourceQueueBuffers
                0x0000568c       0x2c debug\openalext.os
                0x0000568c                _alSourceQueueBuffers
 .text._alSourceUnqueueBuffers
                0x000056b8       0x2c debug\openalext.os
                0x000056b8                _alSourceUnqueueBuffers
 .text._alGetSourcei
                0x000056e4       0x2c debug\openalext.os
                0x000056e4                _alGetSourcei
 .text._alGetSourcef
                0x00005710       0x2c debug\openalext.os
                0x00005710                _alGetSourcef
 .text._alSourcef
                0x0000573c       0x2c debug\openalext.os
                0x0000573c                _alSourcef
 .text._alSourcei
                0x00005768       0x2c debug\openalext.os
                0x00005768                _alSourcei
 .text._alSourcePlay
                0x00005794       0x1c debug\openalext.os
                0x00005794                _alSourcePlay
 .text._alSourceStop
                0x000057b0       0x1c debug\openalext.os
                0x000057b0                _alSourceStop
 .text._alSourcePause
                0x000057cc       0x1c debug\openalext.os
                0x000057cc                _alSourcePause
 .text._alGenSources
                0x000057e8       0x24 debug\openalext.os
                0x000057e8                _alGenSources
 .text._alDeleteSources
                0x0000580c       0x24 debug\openalext.os
                0x0000580c                _alDeleteSources
 .text._alGenBuffers
                0x00005830       0x24 debug\openalext.os
                0x00005830                _alGenBuffers
 .text._alDeleteBuffers
                0x00005854       0x24 debug\openalext.os
                0x00005854                _alDeleteBuffers
 .text._alBufferData
                0x00005878       0x3c debug\openalext.os
                0x00005878                _alBufferData
 .text._alcOpenDevice
                0x000058b4       0x24 debug\openalext.os
                0x000058b4                _alcOpenDevice
 .text._alcCloseDevice
                0x000058d8       0x1c debug\openalext.os
                0x000058d8                _alcCloseDevice
 .text._alcCreateContext
                0x000058f4       0x2c debug\openalext.os
                0x000058f4                _alcCreateContext
 .text._alcMakeContextCurrent
                0x00005920       0x34 debug\openalext.os
                0x00005920                _alcMakeContextCurrent
 .text._alcProcessContext
                0x00005954       0x1c debug\openalext.os
                0x00005954                _alcProcessContext
 .text._alcSuspendContext
                0x00005970       0x1c debug\openalext.os
                0x00005970                _alcSuspendContext
 .text._alcDestroyContext
                0x0000598c       0x1c debug\openalext.os
                0x0000598c                _alcDestroyContext
 .text._alcGetCurrentContext
                0x000059a8       0x14 debug\openalext.os
                0x000059a8                _alcGetCurrentContext
 .text._Z20openalextRegisterExtv
                0x000059bc      0x1f4 debug\openalext_register.os
                0x000059bc                openalextRegisterExt()
 .text.RegisterExt
                0x00005bb0        0xc debug\openalext_register.os
                0x00005bb0                RegisterExt
 .text.alcGetJavaVM
                0x00005bbc       0x10 D:\oxygine-sound\dependencies\openalext\lib\android\libopenal.a(android.o)
                0x00005bbc                alcGetJavaVM
 .text.JNI_OnLoad
                0x00005bcc       0x40 D:\oxygine-sound\dependencies\openalext\lib\android\libopenal.a(android.o)
                0x00005bcc                JNI_OnLoad
 .text.JNI_OnUnload
                0x00005c0c       0x28 D:\oxygine-sound\dependencies\openalext\lib\android\libopenal.a(android.o)
                0x00005c0c                JNI_OnUnload
 .text.alcSuspend
                0x00005c34       0x24 D:\oxygine-sound\dependencies\openalext\lib\android\libopenal.a(android.o)
                0x00005c34                alcSuspend
 .text.alcResume
                0x00005c58       0x24 D:\oxygine-sound\dependencies\openalext\lib\android\libopenal.a(android.o)
                0x00005c58                alcResume
 .text.Convert_ALfp_IMA4
                0x00005c7c      0x2c8 D:\oxygine-sound\dependencies\openalext\lib\android\libopenal.a(alBuffer.o)
 *fill*         0x00005f44        0x4 00000000
 .text.ConvertData
                0x00005f48      0x8f8 D:\oxygine-sound\dependencies\openalext\lib\android\libopenal.a(alBuffer.o)
 .text.Convert_ALubyte_IMA4
                0x00006840      0x2bc D:\oxygine-sound\dependencies\openalext\lib\android\libopenal.a(alBuffer.o)
 .text.Convert_ALshort_IMA4
                0x00006afc      0x350 D:\oxygine-sound\dependencies\openalext\lib\android\libopenal.a(alBuffer.o)
 .text.alGenBuffers
                0x00006e4c      0x2a4 D:\oxygine-sound\dependencies\openalext\lib\android\libopenal.a(alBuffer.o)
                0x00006e4c                alGenBuffers
 .text.alDeleteBuffers
                0x000070f0       0xf4 D:\oxygine-sound\dependencies\openalext\lib\android\libopenal.a(alBuffer.o)
                0x000070f0                alDeleteBuffers
 .text.alIsBuffer
                0x000071e4       0x50 D:\oxygine-sound\dependencies\openalext\lib\android\libopenal.a(alBuffer.o)
                0x000071e4                alIsBuffer
 .text.alBufferf
                0x00007234       0x44 D:\oxygine-sound\dependencies\openalext\lib\android\libopenal.a(alBuffer.o)
                0x00007234                alBufferf
 .text.alBuffer3f
                0x00007278       0x44 D:\oxygine-sound\dependencies\openalext\lib\android\libopenal.a(alBuffer.o)
                0x00007278                alBuffer3f
 .text.alBufferfv
                0x000072bc       0x5c D:\oxygine-sound\dependencies\openalext\lib\android\libopenal.a(alBuffer.o)
                0x000072bc                alBufferfv
 .text.alBufferi
                0x00007318       0x44 D:\oxygine-sound\dependencies\openalext\lib\android\libopenal.a(alBuffer.o)
                0x00007318                alBufferi
 .text.alBuffer3i
                0x0000735c       0x44 D:\oxygine-sound\dependencies\openalext\lib\android\libopenal.a(alBuffer.o)
                0x0000735c                alBuffer3i
 .text.alGetBufferf
                0x000073a0       0x5c D:\oxygine-sound\dependencies\openalext\lib\android\libopenal.a(alBuffer.o)
                0x000073a0                alGetBufferf
 .text.alGetBuffer3f
                0x000073fc       0x74 D:\oxygine-sound\dependencies\openalext\lib\android\libopenal.a(alBuffer.o)
                0x000073fc                alGetBuffer3f
 .text.alGetBufferfv
                0x00007470       0x5c D:\oxygine-sound\dependencies\openalext\lib\android\libopenal.a(alBuffer.o)
                0x00007470                alGetBufferfv
 .text.alGetBuffer3i
                0x000074cc       0x74 D:\oxygine-sound\dependencies\openalext\lib\android\libopenal.a(alBuffer.o)
                0x000074cc                alGetBuffer3i
 .text.BytesFromUserFmt
                0x00007540       0x28 D:\oxygine-sound\dependencies\openalext\lib\android\libopenal.a(alBuffer.o)
                0x00007540                BytesFromUserFmt
 .text.ChannelsFromUserFmt
                0x00007568       0x28 D:\oxygine-sound\dependencies\openalext\lib\android\libopenal.a(alBuffer.o)
                0x00007568                ChannelsFromUserFmt
 .text.DecomposeUserFormat
                0x00007590      0x484 D:\oxygine-sound\dependencies\openalext\lib\android\libopenal.a(alBuffer.o)
                0x00007590                DecomposeUserFormat
 .text.BytesFromFmt
                0x00007a14       0x2c D:\oxygine-sound\dependencies\openalext\lib\android\libopenal.a(alBuffer.o)
                0x00007a14                BytesFromFmt
 .text.ChannelsFromFmt
                0x00007a40       0x28 D:\oxygine-sound\dependencies\openalext\lib\android\libopenal.a(alBuffer.o)
                0x00007a40                ChannelsFromFmt
 .text.alGetBufferi
                0x00007a68       0xd0 D:\oxygine-sound\dependencies\openalext\lib\android\libopenal.a(alBuffer.o)
                0x00007a68                alGetBufferi
 .text.alBufferiv
                0x00007b38      0x114 D:\oxygine-sound\dependencies\openalext\lib\android\libopenal.a(alBuffer.o)
                0x00007b38                alBufferiv
 .text.alBufferSubDataSOFT
                0x00007c4c      0x23c D:\oxygine-sound\dependencies\openalext\lib\android\libopenal.a(alBuffer.o)
                0x00007c4c                alBufferSubDataSOFT
 .text.alGetBufferiv
                0x00007e88      0x13c D:\oxygine-sound\dependencies\openalext\lib\android\libopenal.a(alBuffer.o)
                0x00007e88                alGetBufferiv
 .text.DecomposeFormat
                0x00007fc4      0x32c D:\oxygine-sound\dependencies\openalext\lib\android\libopenal.a(alBuffer.o)
                0x00007fc4                DecomposeFormat
 .text.alBufferData
                0x000082f0      0x6ac D:\oxygine-sound\dependencies\openalext\lib\android\libopenal.a(alBuffer.o)
                0x000082f0                alBufferData
 .text.ReleaseALBuffers
                0x0000899c       0x60 D:\oxygine-sound\dependencies\openalext\lib\android\libopenal.a(alBuffer.o)
                0x0000899c                ReleaseALBuffers
 .text.alGetError
                0x000089fc       0x2c D:\oxygine-sound\dependencies\openalext\lib\android\libopenal.a(alError.o)
                0x000089fc                alGetError
 .text.alSetError
                0x00008a28       0x10 D:\oxygine-sound\dependencies\openalext\lib\android\libopenal.a(alError.o)
                0x00008a28                alSetError
 .text.alGenSources
                0x00008a38      0x510 D:\oxygine-sound\dependencies\openalext\lib\android\libopenal.a(alSource.o)
                0x00008a38                alGenSources
 .text.alDeleteSources
                0x00008f48      0x1bc D:\oxygine-sound\dependencies\openalext\lib\android\libopenal.a(alSource.o)
                0x00008f48                alDeleteSources
 .text.alIsSource
                0x00009104       0x3c D:\oxygine-sound\dependencies\openalext\lib\android\libopenal.a(alSource.o)
                0x00009104                alIsSource
 .text.alSourcef
                0x00009140      0x548 D:\oxygine-sound\dependencies\openalext\lib\android\libopenal.a(alSource.o)
                0x00009140                alSourcef
 .text.alSource3f
                0x00009688       0xcc D:\oxygine-sound\dependencies\openalext\lib\android\libopenal.a(alSource.o)
                0x00009688                alSource3f
 .text.alSourcefv
                0x00009754      0x188 D:\oxygine-sound\dependencies\openalext\lib\android\libopenal.a(alSource.o)
                0x00009754                alSourcefv
 *fill*         0x000098dc        0x4 00000000
 .text.alSourcei
                0x000098e0      0x540 D:\oxygine-sound\dependencies\openalext\lib\android\libopenal.a(alSource.o)
                0x000098e0                alSourcei
 .text.alSource3i
                0x00009e20      0x208 D:\oxygine-sound\dependencies\openalext\lib\android\libopenal.a(alSource.o)
                0x00009e20                alSource3i
 .text.alSourceiv
                0x0000a028      0x360 D:\oxygine-sound\dependencies\openalext\lib\android\libopenal.a(alSource.o)
                0x0000a028                alSourceiv
 .text.alGetSourcef
                0x0000a388      0x3ec D:\oxygine-sound\dependencies\openalext\lib\android\libopenal.a(alSource.o)
                0x0000a388                alGetSourcef
 .text.alGetSource3f
                0x0000a774       0xfc D:\oxygine-sound\dependencies\openalext\lib\android\libopenal.a(alSource.o)
                0x0000a774                alGetSource3f
 .text.alGetSourcefv
                0x0000a870      0x818 D:\oxygine-sound\dependencies\openalext\lib\android\libopenal.a(alSource.o)
                0x0000a870                alGetSourcefv
 .text.alGetSourcei
                0x0000b088      0x4a8 D:\oxygine-sound\dependencies\openalext\lib\android\libopenal.a(alSource.o)
                0x0000b088                alGetSourcei
 .text.alGetSource3i
                0x0000b530       0xf0 D:\oxygine-sound\dependencies\openalext\lib\android\libopenal.a(alSource.o)
                0x0000b530                alGetSource3i
 .text.alGetSourceiv
                0x0000b620      0x940 D:\oxygine-sound\dependencies\openalext\lib\android\libopenal.a(alSource.o)
                0x0000b620                alGetSourceiv
 .text.alSourcePlay
                0x0000bf60      0x3e8 D:\oxygine-sound\dependencies\openalext\lib\android\libopenal.a(alSource.o)
                0x0000bf60                alSourcePlay
 .text.alSourcePlayv
                0x0000c348      0x4a0 D:\oxygine-sound\dependencies\openalext\lib\android\libopenal.a(alSource.o)
                0x0000c348                alSourcePlayv
 .text.alSourcePause
                0x0000c7e8       0x60 D:\oxygine-sound\dependencies\openalext\lib\android\libopenal.a(alSource.o)
                0x0000c7e8                alSourcePause
 .text.alSourcePausev
                0x0000c848       0xc0 D:\oxygine-sound\dependencies\openalext\lib\android\libopenal.a(alSource.o)
                0x0000c848                alSourcePausev
 .text.alSourceStop
                0x0000c908       0x68 D:\oxygine-sound\dependencies\openalext\lib\android\libopenal.a(alSource.o)
                0x0000c908                alSourceStop
 .text.alSourceStopv
                0x0000c970       0xd0 D:\oxygine-sound\dependencies\openalext\lib\android\libopenal.a(alSource.o)
                0x0000c970                alSourceStopv
 .text.alSourceRewind
                0x0000ca40       0x80 D:\oxygine-sound\dependencies\openalext\lib\android\libopenal.a(alSource.o)
                0x0000ca40                alSourceRewind
 .text.alSourceRewindv
                0x0000cac0       0xe4 D:\oxygine-sound\dependencies\openalext\lib\android\libopenal.a(alSource.o)
                0x0000cac0                alSourceRewindv
 .text.alSourceQueueBuffers
                0x0000cba4      0x274 D:\oxygine-sound\dependencies\openalext\lib\android\libopenal.a(alSource.o)
                0x0000cba4                alSourceQueueBuffers
 .text.alSourceUnqueueBuffers
                0x0000ce18      0x118 D:\oxygine-sound\dependencies\openalext\lib\android\libopenal.a(alSource.o)
                0x0000ce18                alSourceUnqueueBuffers
 .text.ReleaseALSources
                0x0000cf30       0xf4 D:\oxygine-sound\dependencies\openalext\lib\android\libopenal.a(alSource.o)
                0x0000cf30                ReleaseALSources
 .text.startup.alc_init
                0x0000d024      0x530 D:\oxygine-sound\dependencies\openalext\lib\android\libopenal.a(ALc.o)
 .text.al_print
                0x0000d554       0xf4 D:\oxygine-sound\dependencies\openalext\lib\android\libopenal.a(ALc.o)
                0x0000d554                al_print
 .text.AppendAllDeviceList
                0x0000d648       0x9c D:\oxygine-sound\dependencies\openalext\lib\android\libopenal.a(ALc.o)
                0x0000d648                AppendAllDeviceList
 .text.AppendDeviceList
                0x0000d6e4       0x9c D:\oxygine-sound\dependencies\openalext\lib\android\libopenal.a(ALc.o)
                0x0000d6e4                AppendDeviceList
 .text.AppendCaptureDeviceList
                0x0000d780       0x9c D:\oxygine-sound\dependencies\openalext\lib\android\libopenal.a(ALc.o)
                0x0000d780                AppendCaptureDeviceList
 .text.SetRTPriority
                0x0000d81c       0xa0 D:\oxygine-sound\dependencies\openalext\lib\android\libopenal.a(ALc.o)
                0x0000d81c                SetRTPriority
 .text.InitUIntMap
                0x0000d8bc       0x14 D:\oxygine-sound\dependencies\openalext\lib\android\libopenal.a(ALc.o)
                0x0000d8bc                InitUIntMap
 .text.ResetUIntMap
                0x0000d8d0       0x24 D:\oxygine-sound\dependencies\openalext\lib\android\libopenal.a(ALc.o)
                0x0000d8d0                ResetUIntMap
 .text.InsertUIntMapEntry
                0x0000d8f4      0x160 D:\oxygine-sound\dependencies\openalext\lib\android\libopenal.a(ALc.o)
                0x0000d8f4                InsertUIntMapEntry
 .text.RemoveUIntMapKey
                0x0000da54       0xb8 D:\oxygine-sound\dependencies\openalext\lib\android\libopenal.a(ALc.o)
                0x0000da54                RemoveUIntMapKey
 .text.LookupUIntMapKey
                0x0000db0c       0x90 D:\oxygine-sound\dependencies\openalext\lib\android\libopenal.a(ALc.o)
                0x0000db0c                LookupUIntMapKey
 .text.BytesFromDevFmt
                0x0000db9c       0x24 D:\oxygine-sound\dependencies\openalext\lib\android\libopenal.a(ALc.o)
                0x0000db9c                BytesFromDevFmt
 .text.ChannelsFromDevFmt
                0x0000dbc0       0x28 D:\oxygine-sound\dependencies\openalext\lib\android\libopenal.a(ALc.o)
                0x0000dbc0                ChannelsFromDevFmt
 .text.DecomposeDevFormat
                0x0000dbe8      0x278 D:\oxygine-sound\dependencies\openalext\lib\android\libopenal.a(ALc.o)
                0x0000dbe8                DecomposeDevFormat
 .text.SuspendContext
                0x0000de60       0x14 D:\oxygine-sound\dependencies\openalext\lib\android\libopenal.a(ALc.o)
                0x0000de60                SuspendContext
 .text.ProcessContext
                0x0000de74       0x14 D:\oxygine-sound\dependencies\openalext\lib\android\libopenal.a(ALc.o)
                0x0000de74                ProcessContext
 .text.alcProcessContext
                0x0000de88       0x64 D:\oxygine-sound\dependencies\openalext\lib\android\libopenal.a(ALc.o)
                0x0000de88                alcProcessContext
 .text.alcSuspendContext
                0x0000deec       0x64 D:\oxygine-sound\dependencies\openalext\lib\android\libopenal.a(ALc.o)
                0x0000deec                alcSuspendContext
 .text.alcGetThreadContext
                0x0000df50       0x90 D:\oxygine-sound\dependencies\openalext\lib\android\libopenal.a(ALc.o)
                0x0000df50                alcGetThreadContext
 .text.alcGetError
                0x0000dfe0       0x78 D:\oxygine-sound\dependencies\openalext\lib\android\libopenal.a(ALc.o)
                0x0000dfe0                alcGetError
 .text.alcSetError
                0x0000e058       0x68 D:\oxygine-sound\dependencies\openalext\lib\android\libopenal.a(ALc.o)
                0x0000e058                alcSetError
 .text.alcGetEnumValue
                0x0000e0c0       0x74 D:\oxygine-sound\dependencies\openalext\lib\android\libopenal.a(ALc.o)
                0x0000e0c0                alcGetEnumValue
 .text.alcGetProcAddress
                0x0000e134       0x74 D:\oxygine-sound\dependencies\openalext\lib\android\libopenal.a(ALc.o)
                0x0000e134                alcGetProcAddress
 .text.alcDestroyContext
                0x0000e1a8      0x200 D:\oxygine-sound\dependencies\openalext\lib\android\libopenal.a(ALc.o)
                0x0000e1a8                alcDestroyContext
 .text.alcOpenDevice
                0x0000e3a8      0x570 D:\oxygine-sound\dependencies\openalext\lib\android\libopenal.a(ALc.o)
                0x0000e3a8                alcOpenDevice
 .text.alcSetThreadContext
                0x0000e918       0xa4 D:\oxygine-sound\dependencies\openalext\lib\android\libopenal.a(ALc.o)
                0x0000e918                alcSetThreadContext
 .text.alcMakeContextCurrent
                0x0000e9bc       0xa8 D:\oxygine-sound\dependencies\openalext\lib\android\libopenal.a(ALc.o)
                0x0000e9bc                alcMakeContextCurrent
 .text.alcGetContextsDevice
                0x0000ea64       0x78 D:\oxygine-sound\dependencies\openalext\lib\android\libopenal.a(ALc.o)
                0x0000ea64                alcGetContextsDevice
 .text.alcCaptureCloseDevice
                0x0000eadc      0x10c D:\oxygine-sound\dependencies\openalext\lib\android\libopenal.a(ALc.o)
                0x0000eadc                alcCaptureCloseDevice
 .text.alcCaptureOpenDevice
                0x0000ebe8      0x17c D:\oxygine-sound\dependencies\openalext\lib\android\libopenal.a(ALc.o)
                0x0000ebe8                alcCaptureOpenDevice
 .text.alcCreateContext
                0x0000ed64      0x634 D:\oxygine-sound\dependencies\openalext\lib\android\libopenal.a(ALc.o)
                0x0000ed64                alcCreateContext
 .text.alcCaptureSamples
                0x0000f398       0xa0 D:\oxygine-sound\dependencies\openalext\lib\android\libopenal.a(ALc.o)
                0x0000f398                alcCaptureSamples
 .text.alcCaptureStop
                0x0000f438       0x90 D:\oxygine-sound\dependencies\openalext\lib\android\libopenal.a(ALc.o)
                0x0000f438                alcCaptureStop
 .text.alcCaptureStart
                0x0000f4c8       0xa0 D:\oxygine-sound\dependencies\openalext\lib\android\libopenal.a(ALc.o)
                0x0000f4c8                alcCaptureStart
 .text.alcIsExtensionPresent
                0x0000f568      0x154 D:\oxygine-sound\dependencies\openalext\lib\android\libopenal.a(ALc.o)
                0x0000f568                alcIsExtensionPresent
 .text.exit.alc_deinit
                0x0000f6bc      0x598 D:\oxygine-sound\dependencies\openalext\lib\android\libopenal.a(ALc.o)
 .text.alcCloseDevice
                0x0000fc54      0x3b4 D:\oxygine-sound\dependencies\openalext\lib\android\libopenal.a(ALc.o)
                0x0000fc54                alcCloseDevice
 .text.alcGetString
                0x00010008      0x578 D:\oxygine-sound\dependencies\openalext\lib\android\libopenal.a(ALc.o)
                0x00010008                alcGetString
 .text.alcGetIntegerv
                0x00010580      0x538 D:\oxygine-sound\dependencies\openalext\lib\android\libopenal.a(ALc.o)
                0x00010580                alcGetIntegerv
 .text.GetContextSuspended
                0x00010ab8       0xb8 D:\oxygine-sound\dependencies\openalext\lib\android\libopenal.a(ALc.o)
                0x00010ab8                GetContextSuspended
 .text.alcGetCurrentContext
                0x00010b70       0x1c D:\oxygine-sound\dependencies\openalext\lib\android\libopenal.a(ALc.o)
                0x00010b70                alcGetCurrentContext
 .text.SetDefaultChannelOrder
                0x00010b8c       0x20 D:\oxygine-sound\dependencies\openalext\lib\android\libopenal.a(ALc.o)
                0x00010b8c                SetDefaultChannelOrder
 .text.SetDefaultWFXChannelOrder
                0x00010bac       0x20 D:\oxygine-sound\dependencies\openalext\lib\android\libopenal.a(ALc.o)
                0x00010bac                SetDefaultWFXChannelOrder
 .text.LoadConfigFromFile
                0x00010bcc      0x60c D:\oxygine-sound\dependencies\openalext\lib\android\libopenal.a(alcConfig.o)
 .text.ReadALConfig
                0x000111d8      0x14c D:\oxygine-sound\dependencies\openalext\lib\android\libopenal.a(alcConfig.o)
                0x000111d8                ReadALConfig
 .text.FreeALConfig
                0x00011324       0xa4 D:\oxygine-sound\dependencies\openalext\lib\android\libopenal.a(alcConfig.o)
                0x00011324                FreeALConfig
 .text.GetConfigValue
                0x000113c8       0xd4 D:\oxygine-sound\dependencies\openalext\lib\android\libopenal.a(alcConfig.o)
                0x000113c8                GetConfigValue
 .text.ConfigValueExists
                0x0001149c       0x24 D:\oxygine-sound\dependencies\openalext\lib\android\libopenal.a(alcConfig.o)
                0x0001149c                ConfigValueExists
 .text.GetConfigValueInt
                0x000114c0       0x3c D:\oxygine-sound\dependencies\openalext\lib\android\libopenal.a(alcConfig.o)
                0x000114c0                GetConfigValueInt
 .text.GetConfigValueFloat
                0x000114fc       0x44 D:\oxygine-sound\dependencies\openalext\lib\android\libopenal.a(alcConfig.o)
                0x000114fc                GetConfigValueFloat
 .text.GetConfigValueBool
                0x00011540       0xa8 D:\oxygine-sound\dependencies\openalext\lib\android\libopenal.a(alcConfig.o)
                0x00011540                GetConfigValueBool
 .text.CalcNonAttnSourceParams
                0x000115e8      0x3c8 D:\oxygine-sound\dependencies\openalext\lib\android\libopenal.a(ALu.o)
                0x000115e8                CalcNonAttnSourceParams
 .text.CalcSourceParams
                0x000119b0     0x1020 D:\oxygine-sound\dependencies\openalext\lib\android\libopenal.a(ALu.o)
                0x000119b0                CalcSourceParams
 .text.aluMixData
                0x000129d0     0x6a0c D:\oxygine-sound\dependencies\openalext\lib\android\libopenal.a(ALu.o)
                0x000129d0                aluMixData
 .text.aluHandleDisconnect
                0x000193dc       0xb4 D:\oxygine-sound\dependencies\openalext\lib\android\libopenal.a(ALu.o)
                0x000193dc                aluHandleDisconnect
 .text.bs2b_set_level
                0x00019490      0x200 D:\oxygine-sound\dependencies\openalext\lib\android\libopenal.a(bs2b.o)
                0x00019490                bs2b_set_level
 .text.bs2b_get_level
                0x00019690        0x8 D:\oxygine-sound\dependencies\openalext\lib\android\libopenal.a(bs2b.o)
                0x00019690                bs2b_get_level
 .text.bs2b_set_srate
                0x00019698      0x200 D:\oxygine-sound\dependencies\openalext\lib\android\libopenal.a(bs2b.o)
                0x00019698                bs2b_set_srate
 .text.bs2b_get_srate
                0x00019898        0x8 D:\oxygine-sound\dependencies\openalext\lib\android\libopenal.a(bs2b.o)
                0x00019898                bs2b_get_srate
 .text.bs2b_clear
                0x000198a0       0x20 D:\oxygine-sound\dependencies\openalext\lib\android\libopenal.a(bs2b.o)
                0x000198a0                bs2b_clear
 .text.bs2b_is_clear
                0x000198c0       0x34 D:\oxygine-sound\dependencies\openalext\lib\android\libopenal.a(bs2b.o)
                0x000198c0                bs2b_is_clear
 .text.bs2b_cross_feed
                0x000198f4       0xbc D:\oxygine-sound\dependencies\openalext\lib\android\libopenal.a(bs2b.o)
                0x000198f4                bs2b_cross_feed
 .text.null_open_capture
                0x000199b0        0x8 D:\oxygine-sound\dependencies\openalext\lib\android\libopenal.a(null.o)
 .text.null_stop_playback
                0x000199b8       0x40 D:\oxygine-sound\dependencies\openalext\lib\android\libopenal.a(null.o)
 .text.null_close_playback
                0x000199f8       0x20 D:\oxygine-sound\dependencies\openalext\lib\android\libopenal.a(null.o)
 .text.null_open_playback
                0x00019a18       0x78 D:\oxygine-sound\dependencies\openalext\lib\android\libopenal.a(null.o)
 .text.null_reset_playback
                0x00019a90       0xbc D:\oxygine-sound\dependencies\openalext\lib\android\libopenal.a(null.o)
 .text.NullProc
                0x00019b4c      0x2ac D:\oxygine-sound\dependencies\openalext\lib\android\libopenal.a(null.o)
 .text.alc_null_init
                0x00019df8       0x34 D:\oxygine-sound\dependencies\openalext\lib\android\libopenal.a(null.o)
                0x00019df8                alc_null_init
 .text.alc_null_deinit
                0x00019e2c        0x4 D:\oxygine-sound\dependencies\openalext\lib\android\libopenal.a(null.o)
                0x00019e2c                alc_null_deinit
 .text.alc_null_probe
                0x00019e30       0x30 D:\oxygine-sound\dependencies\openalext\lib\android\libopenal.a(null.o)
                0x00019e30                alc_null_probe
 .text.SetSpeakerArrangement.constprop.0
                0x00019e60      0x5d0 D:\oxygine-sound\dependencies\openalext\lib\android\libopenal.a(panning.o)
 .text.aluCart2LUTpos
                0x0001a430       0x7c D:\oxygine-sound\dependencies\openalext\lib\android\libopenal.a(panning.o)
                0x0001a430                aluCart2LUTpos
 *fill*         0x0001a4ac        0x4 00000000
 .text.aluInitPanning
                0x0001a4b0      0x5c0 D:\oxygine-sound\dependencies\openalext\lib\android\libopenal.a(panning.o)
                0x0001a4b0                aluInitPanning
 .text.Mix_ALfp_6_point32
                0x0001aa70      0xac0 D:\oxygine-sound\dependencies\openalext\lib\android\libopenal.a(mixer.o)
 .text.Mix_ALfp_6_lerp32
                0x0001b530      0xf18 D:\oxygine-sound\dependencies\openalext\lib\android\libopenal.a(mixer.o)
 .text.Mix_ALshort_6_point16
                0x0001c448      0xd68 D:\oxygine-sound\dependencies\openalext\lib\android\libopenal.a(mixer.o)
 .text.Mix_ALshort_6_lerp16
                0x0001d1b0     0x1248 D:\oxygine-sound\dependencies\openalext\lib\android\libopenal.a(mixer.o)
 .text.Mix_ALubyte_6_point8
                0x0001e3f8      0xd20 D:\oxygine-sound\dependencies\openalext\lib\android\libopenal.a(mixer.o)
 .text.Mix_ALubyte_6_lerp8
                0x0001f118     0x13c8 D:\oxygine-sound\dependencies\openalext\lib\android\libopenal.a(mixer.o)
 .text.Mix_ALfp_7_point32
                0x000204e0      0xc08 D:\oxygine-sound\dependencies\openalext\lib\android\libopenal.a(mixer.o)
 .text.Mix_ALfp_7_lerp32
                0x000210e8     0x1100 D:\oxygine-sound\dependencies\openalext\lib\android\libopenal.a(mixer.o)
 .text.Mix_ALshort_7_point16
                0x000221e8      0xf20 D:\oxygine-sound\dependencies\openalext\lib\android\libopenal.a(mixer.o)
 .text.Mix_ALshort_7_lerp16
                0x00023108     0x1510 D:\oxygine-sound\dependencies\openalext\lib\android\libopenal.a(mixer.o)
 .text.Mix_ALubyte_7_point8
                0x00024618      0xee8 D:\oxygine-sound\dependencies\openalext\lib\android\libopenal.a(mixer.o)
 .text.Mix_ALubyte_7_lerp8
                0x00025500     0x16b8 D:\oxygine-sound\dependencies\openalext\lib\android\libopenal.a(mixer.o)
 .text.Mix_ALfp_8_point32
                0x00026bb8      0xd74 D:\oxygine-sound\dependencies\openalext\lib\android\libopenal.a(mixer.o)
 .text.Mix_ALfp_8_lerp32
                0x0002792c     0x1378 D:\oxygine-sound\dependencies\openalext\lib\android\libopenal.a(mixer.o)
 *fill*         0x00028ca4        0x4 00000000
 .text.Mix_ALshort_8_point16
                0x00028ca8     0x1100 D:\oxygine-sound\dependencies\openalext\lib\android\libopenal.a(mixer.o)
 .text.Mix_ALshort_8_lerp16
                0x00029da8     0x17a8 D:\oxygine-sound\dependencies\openalext\lib\android\libopenal.a(mixer.o)
 .text.Mix_ALubyte_8_point8
                0x0002b550     0x1098 D:\oxygine-sound\dependencies\openalext\lib\android\libopenal.a(mixer.o)
 .text.Mix_ALubyte_8_lerp8
                0x0002c5e8     0x19f8 D:\oxygine-sound\dependencies\openalext\lib\android\libopenal.a(mixer.o)
 .text.Mix_point
                0x0002dfe0     0x36b0 D:\oxygine-sound\dependencies\openalext\lib\android\libopenal.a(mixer.o)
 .text.Mix_ALfp_7_cubic32
                0x00031690     0x2014 D:\oxygine-sound\dependencies\openalext\lib\android\libopenal.a(mixer.o)
 .text.Mix_ALfp_8_cubic32
                0x000336a4     0x2458 D:\oxygine-sound\dependencies\openalext\lib\android\libopenal.a(mixer.o)
 .text.Mix_ALfp_6_cubic32
                0x00035afc     0x1c14 D:\oxygine-sound\dependencies\openalext\lib\android\libopenal.a(mixer.o)
 .text.Mix_ALfp_1_cubic32
                0x00037710      0x724 D:\oxygine-sound\dependencies\openalext\lib\android\libopenal.a(mixer.o)
 *fill*         0x00037e34        0x4 00000000
 .text.Mix_ALshort_7_cubic16
                0x00037e38     0x2d48 D:\oxygine-sound\dependencies\openalext\lib\android\libopenal.a(mixer.o)
 .text.Mix_ALshort_8_cubic16
                0x0003ab80     0x34d8 D:\oxygine-sound\dependencies\openalext\lib\android\libopenal.a(mixer.o)
 .text.Mix_ALshort_6_cubic16
                0x0003e058     0x2800 D:\oxygine-sound\dependencies\openalext\lib\android\libopenal.a(mixer.o)
 .text.Mix_ALshort_1_cubic16
                0x00040858      0x880 D:\oxygine-sound\dependencies\openalext\lib\android\libopenal.a(mixer.o)
 .text.Mix_ALubyte_7_cubic8
                0x000410d8     0x2cf0 D:\oxygine-sound\dependencies\openalext\lib\android\libopenal.a(mixer.o)
 .text.Mix_ALubyte_8_cubic8
                0x00043dc8     0x32b8 D:\oxygine-sound\dependencies\openalext\lib\android\libopenal.a(mixer.o)
 .text.Mix_ALubyte_6_cubic8
                0x00047080     0x27e8 D:\oxygine-sound\dependencies\openalext\lib\android\libopenal.a(mixer.o)
 .text.Mix_ALubyte_1_cubic8
                0x00049868      0x978 D:\oxygine-sound\dependencies\openalext\lib\android\libopenal.a(mixer.o)
 .text.Mix_cubic
                0x0004a1e0     0x75f0 D:\oxygine-sound\dependencies\openalext\lib\android\libopenal.a(mixer.o)
 .text.MixSource
                0x000517d0     0x5650 D:\oxygine-sound\dependencies\openalext\lib\android\libopenal.a(mixer.o)
                0x000517d0                MixSource
 .text.android_open_capture
                0x00056e20        0x8 D:\oxygine-sound\dependencies\openalext\lib\android\libopenal.a(audiotrack.o)
 .text.android_close_capture
                0x00056e28        0x4 D:\oxygine-sound\dependencies\openalext\lib\android\libopenal.a(audiotrack.o)
 .text.android_start_capture
                0x00056e2c        0x4 D:\oxygine-sound\dependencies\openalext\lib\android\libopenal.a(audiotrack.o)
 .text.android_stop_capture
                0x00056e30        0x4 D:\oxygine-sound\dependencies\openalext\lib\android\libopenal.a(audiotrack.o)
 .text.android_capture_samples
                0x00056e34        0x4 D:\oxygine-sound\dependencies\openalext\lib\android\libopenal.a(audiotrack.o)
 .text.android_available_samples
                0x00056e38        0x8 D:\oxygine-sound\dependencies\openalext\lib\android\libopenal.a(audiotrack.o)
 .text.alc_audiotrack_suspend
                0x00056e40       0x1c D:\oxygine-sound\dependencies\openalext\lib\android\libopenal.a(audiotrack.o)
 .text.android_stop_playback
                0x00056e5c       0x40 D:\oxygine-sound\dependencies\openalext\lib\android\libopenal.a(audiotrack.o)
 .text.android_reset_playback
                0x00056e9c       0x40 D:\oxygine-sound\dependencies\openalext\lib\android\libopenal.a(audiotrack.o)
 .text.thread_function
                0x00056edc      0x31c D:\oxygine-sound\dependencies\openalext\lib\android\libopenal.a(audiotrack.o)
 .text.android_close_playback
                0x000571f8       0x28 D:\oxygine-sound\dependencies\openalext\lib\android\libopenal.a(audiotrack.o)
 .text.android_open_playback
                0x00057220      0x270 D:\oxygine-sound\dependencies\openalext\lib\android\libopenal.a(audiotrack.o)
 .text.alc_audiotrack_resume
                0x00057490       0x58 D:\oxygine-sound\dependencies\openalext\lib\android\libopenal.a(audiotrack.o)
 .text.alc_audiotrack_init
                0x000574e8       0x7c D:\oxygine-sound\dependencies\openalext\lib\android\libopenal.a(audiotrack.o)
                0x000574e8                alc_audiotrack_init
 .text.alc_audiotrack_deinit
                0x00057564       0x48 D:\oxygine-sound\dependencies\openalext\lib\android\libopenal.a(audiotrack.o)
                0x00057564                alc_audiotrack_deinit
 .text.alc_audiotrack_probe
                0x000575ac       0x30 D:\oxygine-sound\dependencies\openalext\lib\android\libopenal.a(audiotrack.o)
                0x000575ac                alc_audiotrack_probe
 .text.opensles_available_samples
                0x000575dc       0x30 D:\oxygine-sound\dependencies\openalext\lib\android\libopenal.a(opensles.o)
 .text.opensles_capture_samples
                0x0005760c       0x38 D:\oxygine-sound\dependencies\openalext\lib\android\libopenal.a(opensles.o)
 .text.opensles_stop_capture
                0x00057644       0x24 D:\oxygine-sound\dependencies\openalext\lib\android\libopenal.a(opensles.o)
 .text.opensles_start_capture
                0x00057668       0x24 D:\oxygine-sound\dependencies\openalext\lib\android\libopenal.a(opensles.o)
 .text.opensles_close_capture
                0x0005768c       0x24 D:\oxygine-sound\dependencies\openalext\lib\android\libopenal.a(opensles.o)
 .text.opensles_open_capture
                0x000576b0       0x3c D:\oxygine-sound\dependencies\openalext\lib\android\libopenal.a(opensles.o)
 .text.opensles_stop_playback
                0x000576ec       0x4c D:\oxygine-sound\dependencies\openalext\lib\android\libopenal.a(opensles.o)
 .text.opensles_close_playback
                0x00057738       0xcc D:\oxygine-sound\dependencies\openalext\lib\android\libopenal.a(opensles.o)
 .text.playback_function
                0x00057804      0x18c D:\oxygine-sound\dependencies\openalext\lib\android\libopenal.a(opensles.o)
 .text.opensles_callback
                0x00057990      0x1b0 D:\oxygine-sound\dependencies\openalext\lib\android\libopenal.a(opensles.o)
 .text.alc_opensles_set_java_vm
                0x00057b40      0x3dc D:\oxygine-sound\dependencies\openalext\lib\android\libopenal.a(opensles.o)
 .text.alc_opensles_suspend
                0x00057f1c      0x1dc D:\oxygine-sound\dependencies\openalext\lib\android\libopenal.a(opensles.o)
                0x00057f1c                alc_opensles_suspend
 .text.alc_opensles_init_extradata
                0x000580f8      0x33c D:\oxygine-sound\dependencies\openalext\lib\android\libopenal.a(opensles.o)
                0x000580f8                alc_opensles_init_extradata
 .text.opensles_reset_playback
                0x00058434      0x3d8 D:\oxygine-sound\dependencies\openalext\lib\android\libopenal.a(opensles.o)
 .text.alc_opensles_resume
                0x0005880c      0x184 D:\oxygine-sound\dependencies\openalext\lib\android\libopenal.a(opensles.o)
                0x0005880c                alc_opensles_resume
 .text.alc_opensles_create_native_audio_engine
                0x00058990       0xb4 D:\oxygine-sound\dependencies\openalext\lib\android\libopenal.a(opensles.o)
                0x00058990                alc_opensles_create_native_audio_engine
 .text.alc_opensles_init
                0x00058a44       0x94 D:\oxygine-sound\dependencies\openalext\lib\android\libopenal.a(opensles.o)
                0x00058a44                alc_opensles_init
 .text.alc_opensles_deinit
                0x00058ad8       0x84 D:\oxygine-sound\dependencies\openalext\lib\android\libopenal.a(opensles.o)
                0x00058ad8                alc_opensles_deinit
 .text.alc_opensles_probe
                0x00058b5c      0x344 D:\oxygine-sound\dependencies\openalext\lib\android\libopenal.a(opensles.o)
                0x00058b5c                alc_opensles_probe
 .text.opensles_open_playback
                0x00058ea0       0x8c D:\oxygine-sound\dependencies\openalext\lib\android\libopenal.a(opensles.o)
 .text.NoneDeviceUpdate
                0x00058f2c        0x8 D:\oxygine-sound\dependencies\openalext\lib\android\libopenal.a(alAuxEffectSlot.o)
 .text.NoneUpdate
                0x00058f34        0x4 D:\oxygine-sound\dependencies\openalext\lib\android\libopenal.a(alAuxEffectSlot.o)
 .text.NoneProcess
                0x00058f38        0x4 D:\oxygine-sound\dependencies\openalext\lib\android\libopenal.a(alAuxEffectSlot.o)
 .text.NoneDestroy
                0x00058f3c        0x4 D:\oxygine-sound\dependencies\openalext\lib\android\libopenal.a(alAuxEffectSlot.o)
 .text.alDeleteAuxiliaryEffectSlots
                0x00058f40       0xe0 D:\oxygine-sound\dependencies\openalext\lib\android\libopenal.a(alAuxEffectSlot.o)
                0x00058f40                alDeleteAuxiliaryEffectSlots
 .text.alIsAuxiliaryEffectSlot
                0x00059020       0x3c D:\oxygine-sound\dependencies\openalext\lib\android\libopenal.a(alAuxEffectSlot.o)
                0x00059020                alIsAuxiliaryEffectSlot
 .text.alAuxiliaryEffectSlotf
                0x0005905c       0xa0 D:\oxygine-sound\dependencies\openalext\lib\android\libopenal.a(alAuxEffectSlot.o)
                0x0005905c                alAuxiliaryEffectSlotf
 .text.alAuxiliaryEffectSlotfv
                0x000590fc       0xdc D:\oxygine-sound\dependencies\openalext\lib\android\libopenal.a(alAuxEffectSlot.o)
                0x000590fc                alAuxiliaryEffectSlotfv
 .text.alGetAuxiliaryEffectSloti
                0x000591d8       0x80 D:\oxygine-sound\dependencies\openalext\lib\android\libopenal.a(alAuxEffectSlot.o)
                0x000591d8                alGetAuxiliaryEffectSloti
 .text.alGetAuxiliaryEffectSlotiv
                0x00059258       0xd8 D:\oxygine-sound\dependencies\openalext\lib\android\libopenal.a(alAuxEffectSlot.o)
                0x00059258                alGetAuxiliaryEffectSlotiv
 .text.alGetAuxiliaryEffectSlotf
                0x00059330       0x6c D:\oxygine-sound\dependencies\openalext\lib\android\libopenal.a(alAuxEffectSlot.o)
                0x00059330                alGetAuxiliaryEffectSlotf
 .text.alGetAuxiliaryEffectSlotfv
                0x0005939c       0xa4 D:\oxygine-sound\dependencies\openalext\lib\android\libopenal.a(alAuxEffectSlot.o)
                0x0005939c                alGetAuxiliaryEffectSlotfv
 .text.NoneCreate
                0x00059440       0x54 D:\oxygine-sound\dependencies\openalext\lib\android\libopenal.a(alAuxEffectSlot.o)
                0x00059440                NoneCreate
 .text.alAuxiliaryEffectSloti
                0x00059494      0x244 D:\oxygine-sound\dependencies\openalext\lib\android\libopenal.a(alAuxEffectSlot.o)
                0x00059494                alAuxiliaryEffectSloti
 .text.alAuxiliaryEffectSlotiv
                0x000596d8       0x7c D:\oxygine-sound\dependencies\openalext\lib\android\libopenal.a(alAuxEffectSlot.o)
                0x000596d8                alAuxiliaryEffectSlotiv
 .text.alGenAuxiliaryEffectSlots
                0x00059754      0x304 D:\oxygine-sound\dependencies\openalext\lib\android\libopenal.a(alAuxEffectSlot.o)
                0x00059754                alGenAuxiliaryEffectSlots
 .text.ReleaseALAuxiliaryEffectSlots
                0x00059a58       0x64 D:\oxygine-sound\dependencies\openalext\lib\android\libopenal.a(alAuxEffectSlot.o)
                0x00059a58                ReleaseALAuxiliaryEffectSlots
 .text.alGenDatabuffersEXT
                0x00059abc      0x2c4 D:\oxygine-sound\dependencies\openalext\lib\android\libopenal.a(alDatabuffer.o)
                0x00059abc                alGenDatabuffersEXT
 .text.alDeleteDatabuffersEXT
                0x00059d80      0x110 D:\oxygine-sound\dependencies\openalext\lib\android\libopenal.a(alDatabuffer.o)
                0x00059d80                alDeleteDatabuffersEXT
 .text.alIsDatabufferEXT
                0x00059e90       0x50 D:\oxygine-sound\dependencies\openalext\lib\android\libopenal.a(alDatabuffer.o)
                0x00059e90                alIsDatabufferEXT
 .text.alDatabufferDataEXT
                0x00059ee0       0xe8 D:\oxygine-sound\dependencies\openalext\lib\android\libopenal.a(alDatabuffer.o)
                0x00059ee0                alDatabufferDataEXT
 .text.alDatabufferSubDataEXT
                0x00059fc8       0xb0 D:\oxygine-sound\dependencies\openalext\lib\android\libopenal.a(alDatabuffer.o)
                0x00059fc8                alDatabufferSubDataEXT
 .text.alGetDatabufferSubDataEXT
                0x0005a078       0xb0 D:\oxygine-sound\dependencies\openalext\lib\android\libopenal.a(alDatabuffer.o)
                0x0005a078                alGetDatabufferSubDataEXT
 .text.alDatabufferfEXT
                0x0005a128       0x44 D:\oxygine-sound\dependencies\openalext\lib\android\libopenal.a(alDatabuffer.o)
                0x0005a128                alDatabufferfEXT
 .text.alDatabufferfvEXT
                0x0005a16c       0x44 D:\oxygine-sound\dependencies\openalext\lib\android\libopenal.a(alDatabuffer.o)
                0x0005a16c                alDatabufferfvEXT
 .text.alDatabufferiEXT
                0x0005a1b0       0x44 D:\oxygine-sound\dependencies\openalext\lib\android\libopenal.a(alDatabuffer.o)
                0x0005a1b0                alDatabufferiEXT
 .text.alDatabufferivEXT
                0x0005a1f4       0x44 D:\oxygine-sound\dependencies\openalext\lib\android\libopenal.a(alDatabuffer.o)
                0x0005a1f4                alDatabufferivEXT
 .text.alGetDatabufferfEXT
                0x0005a238       0x5c D:\oxygine-sound\dependencies\openalext\lib\android\libopenal.a(alDatabuffer.o)
                0x0005a238                alGetDatabufferfEXT
 .text.alGetDatabufferfvEXT
                0x0005a294       0x5c D:\oxygine-sound\dependencies\openalext\lib\android\libopenal.a(alDatabuffer.o)
                0x0005a294                alGetDatabufferfvEXT
 .text.alGetDatabufferiEXT
                0x0005a2f0       0x88 D:\oxygine-sound\dependencies\openalext\lib\android\libopenal.a(alDatabuffer.o)
                0x0005a2f0                alGetDatabufferiEXT
 .text.alGetDatabufferivEXT
                0x0005a378       0xc4 D:\oxygine-sound\dependencies\openalext\lib\android\libopenal.a(alDatabuffer.o)
                0x0005a378                alGetDatabufferivEXT
 .text.alSelectDatabufferEXT
                0x0005a43c       0x7c D:\oxygine-sound\dependencies\openalext\lib\android\libopenal.a(alDatabuffer.o)
                0x0005a43c                alSelectDatabufferEXT
 .text.alMapDatabufferEXT
                0x0005a4b8       0xe0 D:\oxygine-sound\dependencies\openalext\lib\android\libopenal.a(alDatabuffer.o)
                0x0005a4b8                alMapDatabufferEXT
 .text.alUnmapDatabufferEXT
                0x0005a598       0x68 D:\oxygine-sound\dependencies\openalext\lib\android\libopenal.a(alDatabuffer.o)
                0x0005a598                alUnmapDatabufferEXT
 .text.ReleaseALDatabuffers
                0x0005a600       0x60 D:\oxygine-sound\dependencies\openalext\lib\android\libopenal.a(alDatabuffer.o)
                0x0005a600                ReleaseALDatabuffers
 .text.alGenEffects
                0x0005a660      0x244 D:\oxygine-sound\dependencies\openalext\lib\android\libopenal.a(alEffect.o)
                0x0005a660                alGenEffects
 .text.alDeleteEffects
                0x0005a8a4       0xd0 D:\oxygine-sound\dependencies\openalext\lib\android\libopenal.a(alEffect.o)
                0x0005a8a4                alDeleteEffects
 .text.alIsEffect
                0x0005a974       0x50 D:\oxygine-sound\dependencies\openalext\lib\android\libopenal.a(alEffect.o)
                0x0005a974                alIsEffect
 .text.alEffectf
                0x0005a9c4      0x59c D:\oxygine-sound\dependencies\openalext\lib\android\libopenal.a(alEffect.o)
                0x0005a9c4                alEffectf
 .text.alEffecti
                0x0005af60      0x2c0 D:\oxygine-sound\dependencies\openalext\lib\android\libopenal.a(alEffect.o)
                0x0005af60                alEffecti
 .text.alEffectiv
                0x0005b220       0xc4 D:\oxygine-sound\dependencies\openalext\lib\android\libopenal.a(alEffect.o)
                0x0005b220                alEffectiv
 .text.alEffectfv
                0x0005b2e4      0x12c D:\oxygine-sound\dependencies\openalext\lib\android\libopenal.a(alEffect.o)
                0x0005b2e4                alEffectfv
 .text.alGetEffecti
                0x0005b410       0xf4 D:\oxygine-sound\dependencies\openalext\lib\android\libopenal.a(alEffect.o)
                0x0005b410                alGetEffecti
 .text.alGetEffectiv
                0x0005b504      0x250 D:\oxygine-sound\dependencies\openalext\lib\android\libopenal.a(alEffect.o)
                0x0005b504                alGetEffectiv
 .text.alGetEffectf
                0x0005b754      0x2a0 D:\oxygine-sound\dependencies\openalext\lib\android\libopenal.a(alEffect.o)
                0x0005b754                alGetEffectf
 .text.alGetEffectfv
                0x0005b9f4      0x12c D:\oxygine-sound\dependencies\openalext\lib\android\libopenal.a(alEffect.o)
                0x0005b9f4                alGetEffectfv
 .text.ReleaseALEffects
                0x0005bb20       0x58 D:\oxygine-sound\dependencies\openalext\lib\android\libopenal.a(alEffect.o)
                0x0005bb20                ReleaseALEffects
 .text.alIsExtensionPresent
                0x0005bb78      0x104 D:\oxygine-sound\dependencies\openalext\lib\android\libopenal.a(alExtension.o)
                0x0005bb78                alIsExtensionPresent
 .text.alGetProcAddress
                0x0005bc7c       0x10 D:\oxygine-sound\dependencies\openalext\lib\android\libopenal.a(alExtension.o)
                0x0005bc7c                alGetProcAddress
 .text.alGetEnumValue
                0x0005bc8c       0x60 D:\oxygine-sound\dependencies\openalext\lib\android\libopenal.a(alExtension.o)
                0x0005bc8c                alGetEnumValue
 .text.alGenFilters
                0x0005bcec      0x25c D:\oxygine-sound\dependencies\openalext\lib\android\libopenal.a(alFilter.o)
                0x0005bcec                alGenFilters
 .text.alDeleteFilters
                0x0005bf48       0xd0 D:\oxygine-sound\dependencies\openalext\lib\android\libopenal.a(alFilter.o)
                0x0005bf48                alDeleteFilters
 .text.alIsFilter
                0x0005c018       0x50 D:\oxygine-sound\dependencies\openalext\lib\android\libopenal.a(alFilter.o)
                0x0005c018                alIsFilter
 .text.alFilteri
                0x0005c068       0x94 D:\oxygine-sound\dependencies\openalext\lib\android\libopenal.a(alFilter.o)
                0x0005c068                alFilteri
 .text.alFilteriv
                0x0005c0fc       0xd4 D:\oxygine-sound\dependencies\openalext\lib\android\libopenal.a(alFilter.o)
                0x0005c0fc                alFilteriv
 .text.alFilterf
                0x0005c1d0       0xdc D:\oxygine-sound\dependencies\openalext\lib\android\libopenal.a(alFilter.o)
                0x0005c1d0                alFilterf
 .text.alFilterfv
                0x0005c2ac      0x11c D:\oxygine-sound\dependencies\openalext\lib\android\libopenal.a(alFilter.o)
                0x0005c2ac                alFilterfv
 .text.alGetFilteri
                0x0005c3c8       0x74 D:\oxygine-sound\dependencies\openalext\lib\android\libopenal.a(alFilter.o)
                0x0005c3c8                alGetFilteri
 .text.alGetFilteriv
                0x0005c43c       0xb0 D:\oxygine-sound\dependencies\openalext\lib\android\libopenal.a(alFilter.o)
                0x0005c43c                alGetFilteriv
 .text.alGetFilterf
                0x0005c4ec       0x90 D:\oxygine-sound\dependencies\openalext\lib\android\libopenal.a(alFilter.o)
                0x0005c4ec                alGetFilterf
 .text.alGetFilterfv
                0x0005c57c       0xcc D:\oxygine-sound\dependencies\openalext\lib\android\libopenal.a(alFilter.o)
                0x0005c57c                alGetFilterfv
 .text.ReleaseALFilters
                0x0005c648       0x58 D:\oxygine-sound\dependencies\openalext\lib\android\libopenal.a(alFilter.o)
                0x0005c648                ReleaseALFilters
 .text.alListenerf
                0x0005c6a0       0xbc D:\oxygine-sound\dependencies\openalext\lib\android\libopenal.a(alListener.o)
                0x0005c6a0                alListenerf
 .text.alListener3f
                0x0005c75c       0xa8 D:\oxygine-sound\dependencies\openalext\lib\android\libopenal.a(alListener.o)
                0x0005c75c                alListener3f
 .text.alListenerfv
                0x0005c804      0x238 D:\oxygine-sound\dependencies\openalext\lib\android\libopenal.a(alListener.o)
                0x0005c804                alListenerfv
 .text.alListeneri
                0x0005ca3c       0x3c D:\oxygine-sound\dependencies\openalext\lib\android\libopenal.a(alListener.o)
                0x0005ca3c                alListeneri
 .text.alListener3i
                0x0005ca78       0xf8 D:\oxygine-sound\dependencies\openalext\lib\android\libopenal.a(alListener.o)
                0x0005ca78                alListener3i
 .text.alListeneriv
                0x0005cb70      0x1fc D:\oxygine-sound\dependencies\openalext\lib\android\libopenal.a(alListener.o)
                0x0005cb70                alListeneriv
 .text.alGetListenerf
                0x0005cd6c       0x74 D:\oxygine-sound\dependencies\openalext\lib\android\libopenal.a(alListener.o)
                0x0005cd6c                alGetListenerf
 .text.alGetListener3f
                0x0005cde0       0xa8 D:\oxygine-sound\dependencies\openalext\lib\android\libopenal.a(alListener.o)
                0x0005cde0                alGetListener3f
 .text.alGetListenerfv
                0x0005ce88      0x10c D:\oxygine-sound\dependencies\openalext\lib\android\libopenal.a(alListener.o)
                0x0005ce88                alGetListenerfv
 .text.alGetListeneri
                0x0005cf94       0x58 D:\oxygine-sound\dependencies\openalext\lib\android\libopenal.a(alListener.o)
                0x0005cf94                alGetListeneri
 .text.alGetListener3i
                0x0005cfec       0xa8 D:\oxygine-sound\dependencies\openalext\lib\android\libopenal.a(alListener.o)
                0x0005cfec                alGetListener3i
 .text.alGetListeneriv
                0x0005d094       0xec D:\oxygine-sound\dependencies\openalext\lib\android\libopenal.a(alListener.o)
                0x0005d094                alGetListeneriv
 .text.alEnable
                0x0005d180       0x6c D:\oxygine-sound\dependencies\openalext\lib\android\libopenal.a(alState.o)
                0x0005d180                alEnable
 .text.alDisable
                0x0005d1ec       0x6c D:\oxygine-sound\dependencies\openalext\lib\android\libopenal.a(alState.o)
                0x0005d1ec                alDisable
 .text.alIsEnabled
                0x0005d258       0x40 D:\oxygine-sound\dependencies\openalext\lib\android\libopenal.a(alState.o)
                0x0005d258                alIsEnabled
 .text.alGetBoolean
                0x0005d298       0xe4 D:\oxygine-sound\dependencies\openalext\lib\android\libopenal.a(alState.o)
                0x0005d298                alGetBoolean
 *fill*         0x0005d37c        0x4 00000000
 .text.alGetDouble
                0x0005d380       0xa8 D:\oxygine-sound\dependencies\openalext\lib\android\libopenal.a(alState.o)
                0x0005d380                alGetDouble
 .text.alGetFloat
                0x0005d428       0x90 D:\oxygine-sound\dependencies\openalext\lib\android\libopenal.a(alState.o)
                0x0005d428                alGetFloat
 .text.alGetInteger
                0x0005d4b8       0xf4 D:\oxygine-sound\dependencies\openalext\lib\android\libopenal.a(alState.o)
                0x0005d4b8                alGetInteger
 .text.alGetBooleanv
                0x0005d5ac       0xe0 D:\oxygine-sound\dependencies\openalext\lib\android\libopenal.a(alState.o)
                0x0005d5ac                alGetBooleanv
 .text.alGetDoublev
                0x0005d68c       0xb0 D:\oxygine-sound\dependencies\openalext\lib\android\libopenal.a(alState.o)
                0x0005d68c                alGetDoublev
 .text.alGetFloatv
                0x0005d73c       0xa4 D:\oxygine-sound\dependencies\openalext\lib\android\libopenal.a(alState.o)
                0x0005d73c                alGetFloatv
 .text.alGetIntegerv
                0x0005d7e0       0xec D:\oxygine-sound\dependencies\openalext\lib\android\libopenal.a(alState.o)
                0x0005d7e0                alGetIntegerv
 .text.alGetString
                0x0005d8cc      0x170 D:\oxygine-sound\dependencies\openalext\lib\android\libopenal.a(alState.o)
                0x0005d8cc                alGetString
 .text.alDopplerFactor
                0x0005da3c       0x80 D:\oxygine-sound\dependencies\openalext\lib\android\libopenal.a(alState.o)
                0x0005da3c                alDopplerFactor
 .text.alDopplerVelocity
                0x0005dabc       0x80 D:\oxygine-sound\dependencies\openalext\lib\android\libopenal.a(alState.o)
                0x0005dabc                alDopplerVelocity
 .text.alSpeedOfSound
                0x0005db3c       0x80 D:\oxygine-sound\dependencies\openalext\lib\android\libopenal.a(alState.o)
                0x0005db3c                alSpeedOfSound
 .text.alDistanceModel
                0x0005dbbc       0x8c D:\oxygine-sound\dependencies\openalext\lib\android\libopenal.a(alState.o)
                0x0005dbbc                alDistanceModel
 .text.EchoProcess
                0x0005dc48       0xf4 D:\oxygine-sound\dependencies\openalext\lib\android\libopenal.a(alcEcho.o)
 *fill*         0x0005dd3c        0x4 00000000
 .text.EchoUpdate
                0x0005dd40      0x168 D:\oxygine-sound\dependencies\openalext\lib\android\libopenal.a(alcEcho.o)
 .text.EchoDeviceUpdate
                0x0005dea8      0x110 D:\oxygine-sound\dependencies\openalext\lib\android\libopenal.a(alcEcho.o)
 .text.EchoDestroy
                0x0005dfb8       0x28 D:\oxygine-sound\dependencies\openalext\lib\android\libopenal.a(alcEcho.o)
 .text.EchoCreate
                0x0005dfe0       0x84 D:\oxygine-sound\dependencies\openalext\lib\android\libopenal.a(alcEcho.o)
                0x0005dfe0                EchoCreate
 .text.ModulatorDeviceUpdate
                0x0005e064       0x5c D:\oxygine-sound\dependencies\openalext\lib\android\libopenal.a(alcModulator.o)
 .text.ModulatorProcess
                0x0005e0c0      0x218 D:\oxygine-sound\dependencies\openalext\lib\android\libopenal.a(alcModulator.o)
 .text.ModulatorUpdate
                0x0005e2d8       0xe0 D:\oxygine-sound\dependencies\openalext\lib\android\libopenal.a(alcModulator.o)
 .text.ModulatorDestroy
                0x0005e3b8        0x4 D:\oxygine-sound\dependencies\openalext\lib\android\libopenal.a(alcModulator.o)
 .text.ModulatorCreate
                0x0005e3bc       0x74 D:\oxygine-sound\dependencies\openalext\lib\android\libopenal.a(alcModulator.o)
                0x0005e3bc                ModulatorCreate
 .text.AllocLines
                0x0005e430      0x470 D:\oxygine-sound\dependencies\openalext\lib\android\libopenal.a(alcReverb.o)
 .text.EAXVerbDeviceUpdate
                0x0005e8a0      0x114 D:\oxygine-sound\dependencies\openalext\lib\android\libopenal.a(alcReverb.o)
 .text.VerbDestroy
                0x0005e9b4       0x28 D:\oxygine-sound\dependencies\openalext\lib\android\libopenal.a(alcReverb.o)
 .text.VerbDeviceUpdate
                0x0005e9dc      0x130 D:\oxygine-sound\dependencies\openalext\lib\android\libopenal.a(alcReverb.o)
 .text.LateReverb
                0x0005eb0c      0x314 D:\oxygine-sound\dependencies\openalext\lib\android\libopenal.a(alcReverb.o)
 .text.EAXVerbProcess
                0x0005ee20      0x4b0 D:\oxygine-sound\dependencies\openalext\lib\android\libopenal.a(alcReverb.o)
 .text.EAXVerbUpdate
                0x0005f2d0      0xd18 D:\oxygine-sound\dependencies\openalext\lib\android\libopenal.a(alcReverb.o)
 .text.VerbProcess
                0x0005ffe8      0x2c4 D:\oxygine-sound\dependencies\openalext\lib\android\libopenal.a(alcReverb.o)
 *fill*         0x000602ac        0x4 00000000
 .text.VerbUpdate
                0x000602b0      0x8c0 D:\oxygine-sound\dependencies\openalext\lib\android\libopenal.a(alcReverb.o)
 .text.VerbCreate
                0x00060b70      0x20c D:\oxygine-sound\dependencies\openalext\lib\android\libopenal.a(alcReverb.o)
                0x00060b70                VerbCreate
 .text.EAXVerbCreate
                0x00060d7c       0x44 D:\oxygine-sound\dependencies\openalext\lib\android\libopenal.a(alcReverb.o)
                0x00060d7c                EAXVerbCreate
 .text.StarterFunc
                0x00060dc0       0x20 D:\oxygine-sound\dependencies\openalext\lib\android\libopenal.a(alcThread.o)
 .text.StartThread
                0x00060de0       0x60 D:\oxygine-sound\dependencies\openalext\lib\android\libopenal.a(alcThread.o)
                0x00060de0                StartThread
 .text.StopThread
                0x00060e40       0x28 D:\oxygine-sound\dependencies\openalext\lib\android\libopenal.a(alcThread.o)
                0x00060e40                StopThread
 .text          0x00060e68       0xc4 d:/android/android-ndk-r8e/toolchains/arm-linux-androideabi-4.4.3/prebuilt/windows/bin/../lib/gcc/arm-linux-androideabi/4.4.3\libgcc.a(_udivsi3.o)
                0x00060e68                __udivsi3
                0x00060e68                __aeabi_uidiv
                0x00060f14                __aeabi_uidivmod
 .text          0x00060f2c       0xf4 d:/android/android-ndk-r8e/toolchains/arm-linux-androideabi-4.4.3/prebuilt/windows/bin/../lib/gcc/arm-linux-androideabi/4.4.3\libgcc.a(_divsi3.o)
                0x00060f2c                __aeabi_idiv
                0x00060f2c                __divsi3
                0x00061008                __aeabi_idivmod
 .text          0x00061020       0x1c d:/android/android-ndk-r8e/toolchains/arm-linux-androideabi-4.4.3/prebuilt/windows/bin/../lib/gcc/arm-linux-androideabi/4.4.3\libgcc.a(_aeabi_ldivmod.o)
                0x00061020                __aeabi_ldivmod
 .text          0x0006103c       0x1c d:/android/android-ndk-r8e/toolchains/arm-linux-androideabi-4.4.3/prebuilt/windows/bin/../lib/gcc/arm-linux-androideabi/4.4.3\libgcc.a(_aeabi_uldivmod.o)
                0x0006103c                __aeabi_uldivmod
 .text          0x00061058       0x10 d:/android/android-ndk-r8e/toolchains/arm-linux-androideabi-4.4.3/prebuilt/windows/bin/../lib/gcc/arm-linux-androideabi/4.4.3\libgcc.a(_dvmd_lnx.o)
                0x00061058                __div0
 .text          0x00061068       0x88 d:/android/android-ndk-r8e/toolchains/arm-linux-androideabi-4.4.3/prebuilt/windows/bin/../lib/gcc/arm-linux-androideabi/4.4.3\libgcc.a(bpabi.o)
                0x00061068                __gnu_uldivmod_helper
                0x000610ac                __gnu_ldivmod_helper
 .text          0x000610f0      0xec4 d:/android/android-ndk-r8e/toolchains/arm-linux-androideabi-4.4.3/prebuilt/windows/bin/../lib/gcc/arm-linux-androideabi/4.4.3\libgcc.a(unwind-arm.o)
                0x00061b18                __gnu_Unwind_RaiseException
                0x00061670                __aeabi_unwind_cpp_pr0
                0x000611a0                _Unwind_GetCFA
                0x0006113c                _Unwind_VRS_Set
                0x000618b4                __gnu_Unwind_Backtrace
                0x00061c48                _Unwind_VRS_Pop
                0x00061660                __aeabi_unwind_cpp_pr2
                0x000611ac                _Unwind_DeleteException
                0x000611a8                _Unwind_Complete
                0x00061bdc                __gnu_Unwind_Resume
                0x00061aa4                __gnu_Unwind_ForcedUnwind
                0x00061bbc                __gnu_Unwind_Resume_or_Rethrow
                0x000610f0                _Unwind_VRS_Get
                0x00061668                __aeabi_unwind_cpp_pr1
 .text          0x00061fb4      0x1a8 d:/android/android-ndk-r8e/toolchains/arm-linux-androideabi-4.4.3/prebuilt/windows/bin/../lib/gcc/arm-linux-androideabi/4.4.3\libgcc.a(libunwind.o)
                0x00062114                ___Unwind_ForcedUnwind
                0x00061fd0                __gnu_Unwind_Save_VFP
                0x000620f0                _Unwind_Resume_or_Rethrow
                0x000620f0                ___Unwind_Resume_or_Rethrow
                0x00062138                _Unwind_Backtrace
                0x00061fb4                __restore_core_regs
                0x00061ff0                __gnu_Unwind_Save_VFP_D_16_to_31
                0x00061fe0                __gnu_Unwind_Save_VFP_D
                0x00062138                ___Unwind_Backtrace
                0x000620a8                ___Unwind_RaiseException
                0x000620cc                ___Unwind_Resume
                0x00061ff8                __gnu_Unwind_Restore_WMMXD
                0x00061fc8                __gnu_Unwind_Restore_VFP
                0x000620cc                _Unwind_Resume
                0x00061fd8                __gnu_Unwind_Restore_VFP_D
                0x00061fe8                __gnu_Unwind_Restore_VFP_D_16_to_31
                0x000620a8                _Unwind_RaiseException
                0x00061fb4                restore_core_regs
                0x00062094                __gnu_Unwind_Save_WMMXC
                0x00062080                __gnu_Unwind_Restore_WMMXC
                0x00062114                _Unwind_ForcedUnwind
                0x0006203c                __gnu_Unwind_Save_WMMXD
 .text          0x0006215c      0x484 d:/android/android-ndk-r8e/toolchains/arm-linux-androideabi-4.4.3/prebuilt/windows/bin/../lib/gcc/arm-linux-androideabi/4.4.3\libgcc.a(pr-support.o)
                0x000621fc                _Unwind_GetRegionStart
                0x00062228                __gnu_unwind_execute
                0x000621b4                _Unwind_GetTextRelBase
                0x000621c4                _Unwind_GetLanguageSpecificData
                0x000625a0                __gnu_unwind_frame
                0x000621bc                _Unwind_GetDataRelBase
 .text          0x000625e0      0x47c d:/android/android-ndk-r8e/toolchains/arm-linux-androideabi-4.4.3/prebuilt/windows/bin/../lib/gcc/arm-linux-androideabi/4.4.3\libgcc.a(_divdi3.o)
                0x000625e0                __divdi3
 .text          0x00062a5c      0x40c d:/android/android-ndk-r8e/toolchains/arm-linux-androideabi-4.4.3/prebuilt/windows/bin/../lib/gcc/arm-linux-androideabi/4.4.3\libgcc.a(_udivdi3.o)
                0x00062a5c                __udivdi3
 *(.gnu.warning)
 *(.glue_7t)
 .glue_7t       0x00000000        0x0 linker stubs
 *(.glue_7)
 .glue_7        0x00000000        0x0 linker stubs
 *(.vfp11_veneer)
 .vfp11_veneer  0x00000000        0x0 linker stubs
 *(.v4_bx)
 .v4_bx         0x00000000        0x0 linker stubs

.fini
 *(.fini)
                0x00062e68                PROVIDE (__etext, .)
                0x00062e68                PROVIDE (_etext, .)
                0x00062e68                PROVIDE (etext, .)

.rodata         0x00062e68     0x2bf8
 *(.rodata .rodata.* .gnu.linkonce.r.*)
 .rodata        0x00062e68        0xc debug\openalext_register.os
 .rodata        0x00062e74      0x488 D:\oxygine-sound\dependencies\openalext\lib\android\libopenal.a(alBuffer.o)
 .rodata        0x000632fc       0x18 D:\oxygine-sound\dependencies\openalext\lib\android\libopenal.a(alSource.o)
                0x00063308                ResamplerPadding
                0x000632fc                ResamplerPrePadding
 .rodata.str1.4
                0x00063314       0x49 D:\oxygine-sound\dependencies\openalext\lib\android\libopenal.a(alSource.o)
                                 0x4c (size before relaxing)
 *fill*         0x0006335d        0x3 00
 .rodata        0x00063360      0x254 D:\oxygine-sound\dependencies\openalext\lib\android\libopenal.a(ALc.o)
 .rodata.str1.4
                0x000635b4      0xdea D:\oxygine-sound\dependencies\openalext\lib\android\libopenal.a(ALc.o)
                                0xdf0 (size before relaxing)
 *fill*         0x0006439e        0x2 00
 .rodata.str1.4
                0x000643a0      0x19b D:\oxygine-sound\dependencies\openalext\lib\android\libopenal.a(alcConfig.o)
                                0x1a4 (size before relaxing)
 *fill*         0x0006453b        0x1 00
 .rodata.str1.4
                0x0006453c       0x20 D:\oxygine-sound\dependencies\openalext\lib\android\libopenal.a(ALu.o)
 .rodata        0x0006455c        0xc D:\oxygine-sound\dependencies\openalext\lib\android\libopenal.a(null.o)
 .rodata.str1.4
                0x00064568       0x2e D:\oxygine-sound\dependencies\openalext\lib\android\libopenal.a(null.o)
                                 0x30 (size before relaxing)
 *fill*         0x00064596        0x2 00
 .rodata.str1.4
                0x00064598      0x109 D:\oxygine-sound\dependencies\openalext\lib\android\libopenal.a(panning.o)
                                0x110 (size before relaxing)
 *fill*         0x000646a1        0x3 00
 .rodata        0x000646a4       0x10 D:\oxygine-sound\dependencies\openalext\lib\android\libopenal.a(audiotrack.o)
 .rodata.str1.4
                0x000646b4      0x118 D:\oxygine-sound\dependencies\openalext\lib\android\libopenal.a(audiotrack.o)
 .rodata        0x000647cc       0x18 D:\oxygine-sound\dependencies\openalext\lib\android\libopenal.a(opensles.o)
 .rodata.str1.4
                0x000647e4      0x53c D:\oxygine-sound\dependencies\openalext\lib\android\libopenal.a(opensles.o)
                                0x550 (size before relaxing)
 .rodata.str1.4
                0x00064d20      0xc7c D:\oxygine-sound\dependencies\openalext\lib\android\libopenal.a(alExtension.o)
                                0xdb4 (size before relaxing)
 .rodata        0x0006599c       0x94 D:\oxygine-sound\dependencies\openalext\lib\android\libopenal.a(alState.o)
 .rodata        0x00065a30       0x30 D:\oxygine-sound\dependencies\openalext\lib\android\libopenal.a(alcReverb.o)

.rodata1
 *(.rodata1)

.ARM.extab      0x00065a60      0x3d8
 *(.ARM.extab* .gnu.linkonce.armextab.*)
 .ARM.extab.text.JNI_OnUnload
                0x00065a60        0xc D:\oxygine-sound\dependencies\openalext\lib\android\libopenal.a(android.o)
 .ARM.extab.text.alcSuspend
                0x00065a6c        0xc D:\oxygine-sound\dependencies\openalext\lib\android\libopenal.a(android.o)
 .ARM.extab.text.alcResume
                0x00065a78        0xc D:\oxygine-sound\dependencies\openalext\lib\android\libopenal.a(android.o)
 .ARM.extab.text.alDeleteBuffers
                0x00065a84        0xc D:\oxygine-sound\dependencies\openalext\lib\android\libopenal.a(alBuffer.o)
 .ARM.extab.text.alBufferiv
                0x00065a90        0xc D:\oxygine-sound\dependencies\openalext\lib\android\libopenal.a(alBuffer.o)
 .ARM.extab.text.alGetBufferiv
                0x00065a9c        0xc D:\oxygine-sound\dependencies\openalext\lib\android\libopenal.a(alBuffer.o)
 .ARM.extab.text.alSourcef
                0x00065aa8        0xc D:\oxygine-sound\dependencies\openalext\lib\android\libopenal.a(alSource.o)
 .ARM.extab.text.alSource3f
                0x00065ab4        0xc D:\oxygine-sound\dependencies\openalext\lib\android\libopenal.a(alSource.o)
 .ARM.extab.text.alSourcei
                0x00065ac0        0xc D:\oxygine-sound\dependencies\openalext\lib\android\libopenal.a(alSource.o)
 .ARM.extab.text.alGetSource3f
                0x00065acc        0xc D:\oxygine-sound\dependencies\openalext\lib\android\libopenal.a(alSource.o)
 .ARM.extab.text.alGetSourcefv
                0x00065ad8        0xc D:\oxygine-sound\dependencies\openalext\lib\android\libopenal.a(alSource.o)
 .ARM.extab.text.alGetSource3i
                0x00065ae4        0xc D:\oxygine-sound\dependencies\openalext\lib\android\libopenal.a(alSource.o)
 .ARM.extab.text.alSourcePlay
                0x00065af0        0xc D:\oxygine-sound\dependencies\openalext\lib\android\libopenal.a(alSource.o)
 .ARM.extab.text.alSourcePlayv
                0x00065afc        0xc D:\oxygine-sound\dependencies\openalext\lib\android\libopenal.a(alSource.o)
 .ARM.extab.text.alSourcePausev
                0x00065b08        0xc D:\oxygine-sound\dependencies\openalext\lib\android\libopenal.a(alSource.o)
 .ARM.extab.text.alSourceStopv
                0x00065b14        0xc D:\oxygine-sound\dependencies\openalext\lib\android\libopenal.a(alSource.o)
 .ARM.extab.text.alSourceRewindv
                0x00065b20        0xc D:\oxygine-sound\dependencies\openalext\lib\android\libopenal.a(alSource.o)
 .ARM.extab.text.alSourceUnqueueBuffers
                0x00065b2c        0xc D:\oxygine-sound\dependencies\openalext\lib\android\libopenal.a(alSource.o)
 .ARM.extab.text.al_print
                0x00065b38        0xc D:\oxygine-sound\dependencies\openalext\lib\android\libopenal.a(ALc.o)
 .ARM.extab.text.alcOpenDevice
                0x00065b44        0xc D:\oxygine-sound\dependencies\openalext\lib\android\libopenal.a(ALc.o)
 .ARM.extab.text.ConfigValueExists
                0x00065b50        0xc D:\oxygine-sound\dependencies\openalext\lib\android\libopenal.a(alcConfig.o)
 .ARM.extab.text.GetConfigValueFloat
                0x00065b5c        0xc D:\oxygine-sound\dependencies\openalext\lib\android\libopenal.a(alcConfig.o)
 .ARM.extab.text.CalcNonAttnSourceParams
                0x00065b68        0xc D:\oxygine-sound\dependencies\openalext\lib\android\libopenal.a(ALu.o)
 .ARM.extab.text.CalcSourceParams
                0x00065b74        0xc D:\oxygine-sound\dependencies\openalext\lib\android\libopenal.a(ALu.o)
 .ARM.extab.text.aluMixData
                0x00065b80        0xc D:\oxygine-sound\dependencies\openalext\lib\android\libopenal.a(ALu.o)
 .ARM.extab.text.aluHandleDisconnect
                0x00065b8c        0xc D:\oxygine-sound\dependencies\openalext\lib\android\libopenal.a(ALu.o)
 .ARM.extab.text.aluInitPanning
                0x00065b98        0xc D:\oxygine-sound\dependencies\openalext\lib\android\libopenal.a(panning.o)
 .ARM.extab.text.Mix_ALfp_6_point32
                0x00065ba4        0xc D:\oxygine-sound\dependencies\openalext\lib\android\libopenal.a(mixer.o)
 .ARM.extab.text.Mix_ALfp_6_lerp32
                0x00065bb0        0xc D:\oxygine-sound\dependencies\openalext\lib\android\libopenal.a(mixer.o)
 .ARM.extab.text.Mix_ALshort_6_point16
                0x00065bbc        0xc D:\oxygine-sound\dependencies\openalext\lib\android\libopenal.a(mixer.o)
 .ARM.extab.text.Mix_ALshort_6_lerp16
                0x00065bc8        0xc D:\oxygine-sound\dependencies\openalext\lib\android\libopenal.a(mixer.o)
 .ARM.extab.text.Mix_ALubyte_6_point8
                0x00065bd4        0xc D:\oxygine-sound\dependencies\openalext\lib\android\libopenal.a(mixer.o)
 .ARM.extab.text.Mix_ALubyte_6_lerp8
                0x00065be0        0xc D:\oxygine-sound\dependencies\openalext\lib\android\libopenal.a(mixer.o)
 .ARM.extab.text.Mix_ALfp_7_point32
                0x00065bec        0xc D:\oxygine-sound\dependencies\openalext\lib\android\libopenal.a(mixer.o)
 .ARM.extab.text.Mix_ALfp_7_lerp32
                0x00065bf8        0xc D:\oxygine-sound\dependencies\openalext\lib\android\libopenal.a(mixer.o)
 .ARM.extab.text.Mix_ALshort_7_point16
                0x00065c04        0xc D:\oxygine-sound\dependencies\openalext\lib\android\libopenal.a(mixer.o)
 .ARM.extab.text.Mix_ALshort_7_lerp16
                0x00065c10        0xc D:\oxygine-sound\dependencies\openalext\lib\android\libopenal.a(mixer.o)
 .ARM.extab.text.Mix_ALubyte_7_point8
                0x00065c1c        0xc D:\oxygine-sound\dependencies\openalext\lib\android\libopenal.a(mixer.o)
 .ARM.extab.text.Mix_ALubyte_7_lerp8
                0x00065c28        0xc D:\oxygine-sound\dependencies\openalext\lib\android\libopenal.a(mixer.o)
 .ARM.extab.text.Mix_ALfp_8_point32
                0x00065c34        0xc D:\oxygine-sound\dependencies\openalext\lib\android\libopenal.a(mixer.o)
 .ARM.extab.text.Mix_ALfp_8_lerp32
                0x00065c40        0xc D:\oxygine-sound\dependencies\openalext\lib\android\libopenal.a(mixer.o)
 .ARM.extab.text.Mix_ALshort_8_point16
                0x00065c4c        0xc D:\oxygine-sound\dependencies\openalext\lib\android\libopenal.a(mixer.o)
 .ARM.extab.text.Mix_ALshort_8_lerp16
                0x00065c58        0xc D:\oxygine-sound\dependencies\openalext\lib\android\libopenal.a(mixer.o)
 .ARM.extab.text.Mix_ALubyte_8_point8
                0x00065c64        0xc D:\oxygine-sound\dependencies\openalext\lib\android\libopenal.a(mixer.o)
 .ARM.extab.text.Mix_ALubyte_8_lerp8
                0x00065c70        0xc D:\oxygine-sound\dependencies\openalext\lib\android\libopenal.a(mixer.o)
 .ARM.extab.text.Mix_point
                0x00065c7c        0xc D:\oxygine-sound\dependencies\openalext\lib\android\libopenal.a(mixer.o)
 .ARM.extab.text.Mix_ALfp_7_cubic32
                0x00065c88        0xc D:\oxygine-sound\dependencies\openalext\lib\android\libopenal.a(mixer.o)
 .ARM.extab.text.Mix_ALfp_8_cubic32
                0x00065c94        0xc D:\oxygine-sound\dependencies\openalext\lib\android\libopenal.a(mixer.o)
 .ARM.extab.text.Mix_ALfp_6_cubic32
                0x00065ca0        0xc D:\oxygine-sound\dependencies\openalext\lib\android\libopenal.a(mixer.o)
 .ARM.extab.text.Mix_ALfp_1_cubic32
                0x00065cac        0xc D:\oxygine-sound\dependencies\openalext\lib\android\libopenal.a(mixer.o)
 .ARM.extab.text.Mix_ALshort_7_cubic16
                0x00065cb8        0xc D:\oxygine-sound\dependencies\openalext\lib\android\libopenal.a(mixer.o)
 .ARM.extab.text.Mix_ALshort_8_cubic16
                0x00065cc4        0xc D:\oxygine-sound\dependencies\openalext\lib\android\libopenal.a(mixer.o)
 .ARM.extab.text.Mix_ALshort_6_cubic16
                0x00065cd0        0xc D:\oxygine-sound\dependencies\openalext\lib\android\libopenal.a(mixer.o)
 .ARM.extab.text.Mix_ALshort_1_cubic16
                0x00065cdc        0xc D:\oxygine-sound\dependencies\openalext\lib\android\libopenal.a(mixer.o)
 .ARM.extab.text.Mix_ALubyte_7_cubic8
                0x00065ce8        0xc D:\oxygine-sound\dependencies\openalext\lib\android\libopenal.a(mixer.o)
 .ARM.extab.text.Mix_ALubyte_8_cubic8
                0x00065cf4        0xc D:\oxygine-sound\dependencies\openalext\lib\android\libopenal.a(mixer.o)
 .ARM.extab.text.Mix_ALubyte_6_cubic8
                0x00065d00        0xc D:\oxygine-sound\dependencies\openalext\lib\android\libopenal.a(mixer.o)
 .ARM.extab.text.Mix_ALubyte_1_cubic8
                0x00065d0c        0xc D:\oxygine-sound\dependencies\openalext\lib\android\libopenal.a(mixer.o)
 .ARM.extab.text.Mix_cubic
                0x00065d18        0xc D:\oxygine-sound\dependencies\openalext\lib\android\libopenal.a(mixer.o)
 .ARM.extab.text.MixSource
                0x00065d24        0xc D:\oxygine-sound\dependencies\openalext\lib\android\libopenal.a(mixer.o)
 .ARM.extab.text.android_stop_playback
                0x00065d30        0xc D:\oxygine-sound\dependencies\openalext\lib\android\libopenal.a(audiotrack.o)
 .ARM.extab.text.opensles_available_samples
                0x00065d3c        0xc D:\oxygine-sound\dependencies\openalext\lib\android\libopenal.a(opensles.o)
 .ARM.extab.text.alAuxiliaryEffectSlotfv
                0x00065d48        0xc D:\oxygine-sound\dependencies\openalext\lib\android\libopenal.a(alAuxEffectSlot.o)
 .ARM.extab.text.NoneCreate
                0x00065d54        0xc D:\oxygine-sound\dependencies\openalext\lib\android\libopenal.a(alAuxEffectSlot.o)
 .ARM.extab.text.alDeleteEffects
                0x00065d60        0xc D:\oxygine-sound\dependencies\openalext\lib\android\libopenal.a(alEffect.o)
 .ARM.extab.text.alDeleteFilters
                0x00065d6c        0xc D:\oxygine-sound\dependencies\openalext\lib\android\libopenal.a(alFilter.o)
 .ARM.extab.text.alFilterfv
                0x00065d78        0xc D:\oxygine-sound\dependencies\openalext\lib\android\libopenal.a(alFilter.o)
 .ARM.extab.text.alListenerf
                0x00065d84        0xc D:\oxygine-sound\dependencies\openalext\lib\android\libopenal.a(alListener.o)
 .ARM.extab.text.alListenerfv
                0x00065d90        0xc D:\oxygine-sound\dependencies\openalext\lib\android\libopenal.a(alListener.o)
 .ARM.extab.text.alListener3i
                0x00065d9c        0xc D:\oxygine-sound\dependencies\openalext\lib\android\libopenal.a(alListener.o)
 .ARM.extab.text.alGetDouble
                0x00065da8        0xc D:\oxygine-sound\dependencies\openalext\lib\android\libopenal.a(alState.o)
 .ARM.extab.text.alGetFloat
                0x00065db4        0xc D:\oxygine-sound\dependencies\openalext\lib\android\libopenal.a(alState.o)
 .ARM.extab.text.EchoUpdate
                0x00065dc0        0xc D:\oxygine-sound\dependencies\openalext\lib\android\libopenal.a(alcEcho.o)
 .ARM.extab.text.EAXVerbDeviceUpdate
                0x00065dcc        0xc D:\oxygine-sound\dependencies\openalext\lib\android\libopenal.a(alcReverb.o)
 .ARM.extab.text.EAXVerbProcess
                0x00065dd8        0xc D:\oxygine-sound\dependencies\openalext\lib\android\libopenal.a(alcReverb.o)
 .ARM.extab.text.EAXVerbUpdate
                0x00065de4        0xc D:\oxygine-sound\dependencies\openalext\lib\android\libopenal.a(alcReverb.o)
 .ARM.extab.text.VerbProcess
                0x00065df0        0xc D:\oxygine-sound\dependencies\openalext\lib\android\libopenal.a(alcReverb.o)
 .ARM.extab.text.VerbUpdate
                0x00065dfc        0xc D:\oxygine-sound\dependencies\openalext\lib\android\libopenal.a(alcReverb.o)
 .ARM.extab.text.EAXVerbCreate
                0x00065e08        0xc D:\oxygine-sound\dependencies\openalext\lib\android\libopenal.a(alcReverb.o)
 .ARM.extab     0x00065e14       0x24 d:/android/android-ndk-r8e/toolchains/arm-linux-androideabi-4.4.3/prebuilt/windows/bin/../lib/gcc/arm-linux-androideabi/4.4.3\libgcc.a(unwind-arm.o)
                0x00065e38                __exidx_start = .

.ARM.exidx      0x00065e38      0xae8
 *(.ARM.exidx* .gnu.linkonce.armexidx.*)
 .ARM.exidx.text.alcGetJavaVM
                0x00065e38        0x8 D:\oxygine-sound\dependencies\openalext\lib\android\libopenal.a(android.o)
 .ARM.exidx.text.JNI_OnLoad
                0x00065e40        0x8 D:\oxygine-sound\dependencies\openalext\lib\android\libopenal.a(android.o)
 .ARM.exidx.text.JNI_OnUnload
                0x00065e48        0x8 D:\oxygine-sound\dependencies\openalext\lib\android\libopenal.a(android.o)
 .ARM.exidx.text.alcSuspend
                0x00065e50        0x8 D:\oxygine-sound\dependencies\openalext\lib\android\libopenal.a(android.o)
 .ARM.exidx.text.alcResume
                0x00065e58        0x8 D:\oxygine-sound\dependencies\openalext\lib\android\libopenal.a(android.o)
 .ARM.exidx.text.Convert_ALfp_IMA4
                0x00065e60        0x8 D:\oxygine-sound\dependencies\openalext\lib\android\libopenal.a(alBuffer.o)
 .ARM.exidx.text.ConvertData
                0x00065e68        0x8 D:\oxygine-sound\dependencies\openalext\lib\android\libopenal.a(alBuffer.o)
 .ARM.exidx.text.Convert_ALubyte_IMA4
                0x00065e70        0x8 D:\oxygine-sound\dependencies\openalext\lib\android\libopenal.a(alBuffer.o)
 .ARM.exidx.text.Convert_ALshort_IMA4
                0x00065e78        0x8 D:\oxygine-sound\dependencies\openalext\lib\android\libopenal.a(alBuffer.o)
 .ARM.exidx.text.alGenBuffers
                0x00065e80        0x8 D:\oxygine-sound\dependencies\openalext\lib\android\libopenal.a(alBuffer.o)
 .ARM.exidx.text.alDeleteBuffers
                0x00065e88        0x8 D:\oxygine-sound\dependencies\openalext\lib\android\libopenal.a(alBuffer.o)
 .ARM.exidx.text.alIsBuffer
                0x00065e90        0x8 D:\oxygine-sound\dependencies\openalext\lib\android\libopenal.a(alBuffer.o)
 .ARM.exidx.text.alBufferf
                0x00065e98        0x8 D:\oxygine-sound\dependencies\openalext\lib\android\libopenal.a(alBuffer.o)
 .ARM.exidx.text.alBuffer3f
                0x00065ea0        0x8 D:\oxygine-sound\dependencies\openalext\lib\android\libopenal.a(alBuffer.o)
 .ARM.exidx.text.alBufferfv
                0x00065ea8        0x8 D:\oxygine-sound\dependencies\openalext\lib\android\libopenal.a(alBuffer.o)
 .ARM.exidx.text.alBufferi
                0x00065eb0        0x8 D:\oxygine-sound\dependencies\openalext\lib\android\libopenal.a(alBuffer.o)
 .ARM.exidx.text.alBuffer3i
                0x00065eb8        0x8 D:\oxygine-sound\dependencies\openalext\lib\android\libopenal.a(alBuffer.o)
 .ARM.exidx.text.alGetBufferf
                0x00065ec0        0x8 D:\oxygine-sound\dependencies\openalext\lib\android\libopenal.a(alBuffer.o)
 .ARM.exidx.text.alGetBuffer3f
                0x00065ec8        0x8 D:\oxygine-sound\dependencies\openalext\lib\android\libopenal.a(alBuffer.o)
 .ARM.exidx.text.alGetBufferfv