Archive member included because of file (symbol)

D:\oxygine-sound\dependencies\openalext\lib\android\libopenal.a(android.o)
                              release\openalext_platform.os (alcSuspend)
D:\oxygine-sound\dependencies\openalext\lib\android\libopenal.a(alBuffer.o)
                              release\openalext_platform.os (alGenBuffers)
D:\oxygine-sound\dependencies\openalext\lib\android\libopenal.a(alError.o)
                              release\openalext_platform.os (alGetError)
D:\oxygine-sound\dependencies\openalext\lib\android\libopenal.a(alSource.o)
                              release\openalext_platform.os (alGenSources)
D:\oxygine-sound\dependencies\openalext\lib\android\libopenal.a(ALc.o)
                              D:\oxygine-sound\dependencies\openalext\lib\android\libopenal.a(alBuffer.o) (InsertUIntMapEntry)
D:\oxygine-sound\dependencies\openalext\lib\android\libopenal.a(alcConfig.o)
                              D:\oxygine-sound\dependencies\openalext\lib\android\libopenal.a(ALc.o) (ReadALConfig)
D:\oxygine-sound\dependencies\openalext\lib\android\libopenal.a(ALu.o)
                              D:\oxygine-sound\dependencies\openalext\lib\android\libopenal.a(alSource.o) (CalcNonAttnSourceParams)
D:\oxygine-sound\dependencies\openalext\lib\android\libopenal.a(bs2b.o)
                              D:\oxygine-sound\dependencies\openalext\lib\android\libopenal.a(ALc.o) (bs2b_set_level)
D:\oxygine-sound\dependencies\openalext\lib\android\libopenal.a(null.o)
                              D:\oxygine-sound\dependencies\openalext\lib\android\libopenal.a(ALc.o) (alc_null_init)
D:\oxygine-sound\dependencies\openalext\lib\android\libopenal.a(panning.o)
                              D:\oxygine-sound\dependencies\openalext\lib\android\libopenal.a(ALu.o) (aluCart2LUTpos)
D:\oxygine-sound\dependencies\openalext\lib\android\libopenal.a(mixer.o)
                              D:\oxygine-sound\dependencies\openalext\lib\android\libopenal.a(ALu.o) (MixSource)
D:\oxygine-sound\dependencies\openalext\lib\android\libopenal.a(audiotrack.o)
                              D:\oxygine-sound\dependencies\openalext\lib\android\libopenal.a(ALc.o) (alc_audiotrack_init)
D:\oxygine-sound\dependencies\openalext\lib\android\libopenal.a(opensles.o)
                              D:\oxygine-sound\dependencies\openalext\lib\android\libopenal.a(ALc.o) (alc_opensles_init)
D:\oxygine-sound\dependencies\openalext\lib\android\libopenal.a(alAuxEffectSlot.o)
                              D:\oxygine-sound\dependencies\openalext\lib\android\libopenal.a(ALc.o) (alDeleteAuxiliaryEffectSlots)
D:\oxygine-sound\dependencies\openalext\lib\android\libopenal.a(alDatabuffer.o)
                              D:\oxygine-sound\dependencies\openalext\lib\android\libopenal.a(ALc.o) (ReleaseALDatabuffers)
D:\oxygine-sound\dependencies\openalext\lib\android\libopenal.a(alEffect.o)
                              D:\oxygine-sound\dependencies\openalext\lib\android\libopenal.a(ALc.o) (alGenEffects)
D:\oxygine-sound\dependencies\openalext\lib\android\libopenal.a(alExtension.o)
                              D:\oxygine-sound\dependencies\openalext\lib\android\libopenal.a(ALc.o) (alIsExtensionPresent)
D:\oxygine-sound\dependencies\openalext\lib\android\libopenal.a(alFilter.o)
                              D:\oxygine-sound\dependencies\openalext\lib\android\libopenal.a(ALc.o) (alGenFilters)
D:\oxygine-sound\dependencies\openalext\lib\android\libopenal.a(alListener.o)
                              D:\oxygine-sound\dependencies\openalext\lib\android\libopenal.a(ALc.o) (alListenerf)
D:\oxygine-sound\dependencies\openalext\lib\android\libopenal.a(alState.o)
                              D:\oxygine-sound\dependencies\openalext\lib\android\libopenal.a(ALc.o) (alEnable)
D:\oxygine-sound\dependencies\openalext\lib\android\libopenal.a(alcEcho.o)
                              D:\oxygine-sound\dependencies\openalext\lib\android\libopenal.a(alAuxEffectSlot.o) (EchoCreate)
D:\oxygine-sound\dependencies\openalext\lib\android\libopenal.a(alcModulator.o)
                              D:\oxygine-sound\dependencies\openalext\lib\android\libopenal.a(alAuxEffectSlot.o) (ModulatorCreate)
D:\oxygine-sound\dependencies\openalext\lib\android\libopenal.a(alcReverb.o)
                              D:\oxygine-sound\dependencies\openalext\lib\android\libopenal.a(alAuxEffectSlot.o) (VerbCreate)
D:\oxygine-sound\dependencies\openalext\lib\android\libopenal.a(alcThread.o)
                              D:\oxygine-sound\dependencies\openalext\lib\android\libopenal.a(null.o) (StartThread)
d:/android/android-ndk-r8e/toolchains/arm-linux-androideabi-4.4.3/prebuilt/windows/bin/../lib/gcc/arm-linux-androideabi/4.4.3\libgcc.a(_udivsi3.o)
                              D:\oxygine-sound\dependencies\openalext\lib\android\libopenal.a(alBuffer.o) (__aeabi_uidiv)
[...]
Memory Configuration

Name             Origin             Length             Attributes
*default*        0x00000000         0xffffffff

Linker script and memory map

LOAD d:/android/android-ndk-r8e/platforms/android-9/arch-arm/usr/lib/crtbegin_so.o
LOAD release\openalext_platform.os
LOAD release\openalext.os
LOAD release\openalext_register.os
LOAD D:\oxygine-sound\dependencies\openalext\lib\android\libopenal.a
LOAD D:\android\android-ndk-r8e\platforms\android-9\arch-arm\usr\lib/libOpenSLES.so
LOAD D:\marmalade\7.2\s3e\edk\lib\android\libedk.a
LOAD D:\marmalade\7.2\s3e\edk\lib\android/libplaceholderplaceholderplaceholderplaceholderplaceholder.so
LOAD D:\android\android-ndk-r8e\platforms\android-9\arch-arm\usr\lib/liblog.so
LOAD D:\android\android-ndk-r8e\sources\cxx-stl\gnu-libstdc++\4.4.3\libs\armeabi\libgnustl_static.a
LOAD d:/android/android-ndk-r8e/toolchains/arm-linux-androideabi-4.4.3/prebuilt/windows/bin/../lib/gcc/arm-linux-androideabi/4.4.3\libgcc.a
LOAD D:\android\android-ndk-r8e\platforms\android-9\arch-arm\usr\lib/libstdc++.so
LOAD D:\android\android-ndk-r8e\platforms\android-9\arch-arm\usr\lib/libm.so
LOAD D:\android\android-ndk-r8e\platforms\android-9\arch-arm\usr\lib/libc.so
LOAD d:/android/android-ndk-r8e/toolchains/arm-linux-androideabi-4.4.3/prebuilt/windows/bin/../lib/gcc/arm-linux-androideabi/4.4.3\libgcc.a
LOAD D:\android\android-ndk-r8e\platforms\android-9\arch-arm\usr\lib/libc.so
LOAD D:\android\android-ndk-r8e\platforms\android-9\arch-arm\usr\lib/libdl.so
LOAD d:/android/android-ndk-r8e/toolchains/arm-linux-androideabi-4.4.3/prebuilt/windows/bin/../lib/gcc/arm-linux-androideabi/4.4.3\libgcc.a
LOAD d:/android/android-ndk-r8e/platforms/android-9/arch-arm/usr/lib/crtend_so.o
                0x000000f4                . = (0x0 + SIZEOF_HEADERS)

.note.gnu.build-id
 *(.note.gnu.build-id)

.hash           0x000000f4      0xa34
 *(.hash)
 .hash          0x000000f4      0xa34 d:/android/android-ndk-r8e/platforms/android-9/arch-arm/usr/lib/crtbegin_so.o

.gnu.hash
 *(.gnu.hash)

.dynsym         0x00000b28     0x1840
 *(.dynsym)
 .dynsym        0x00000b28     0x1840 d:/android/android-ndk-r8e/platforms/android-9/arch-arm/usr/lib/crtbegin_so.o

.dynstr         0x00002368     0x1758
 *(.dynstr)
 .dynstr        0x00002368     0x1758 d:/android/android-ndk-r8e/platforms/android-9/arch-arm/usr/lib/crtbegin_so.o

.gnu.version    0x00003ac0        0x0
 *(.gnu.version)
 .gnu.version   0x00000000        0x0 d:/android/android-ndk-r8e/platforms/android-9/arch-arm/usr/lib/crtbegin_so.o

.gnu.version_d  0x00003ac0        0x0
 *(.gnu.version_d)
 .gnu.version_d
                0x00000000        0x0 d:/android/android-ndk-r8e/platforms/android-9/arch-arm/usr/lib/crtbegin_so.o

.gnu.version_r  0x00003ac0        0x0
 *(.gnu.version_r)
 .gnu.version_r
                0x00000000        0x0 d:/android/android-ndk-r8e/platforms/android-9/arch-arm/usr/lib/crtbegin_so.o

.rel.dyn        0x00003ac0     0x11a8
 *(.rel.init)
 *(.rel.text .rel.text.* .rel.gnu.linkonce.t.*)
 *(.rel.fini)
 *(.rel.rodata .rel.rodata.* .rel.gnu.linkonce.r.*)
 *(.rel.data.rel.ro* .rel.gnu.linkonce.d.rel.ro.*)
 .rel.data.rel.ro
                0x00003ac0      0x820 d:/android/android-ndk-r8e/platforms/android-9/arch-arm/usr/lib/crtbegin_so.o
 .rel.data.rel.ro.local
                0x000042e0      0x678 d:/android/android-ndk-r8e/platforms/android-9/arch-arm/usr/lib/crtbegin_so.o
 *(.rel.data .rel.data.* .rel.gnu.linkonce.d.*)
 .rel.data      0x00004958       0x98 d:/android/android-ndk-r8e/platforms/android-9/arch-arm/usr/lib/crtbegin_so.o
 .rel.data.rel  0x000049f0       0x60 d:/android/android-ndk-r8e/platforms/android-9/arch-arm/usr/lib/crtbegin_so.o
 .rel.data.rel.local
                0x00004a50       0x78 d:/android/android-ndk-r8e/platforms/android-9/arch-arm/usr/lib/crtbegin_so.o
 *(.rel.tdata .rel.tdata.* .rel.gnu.linkonce.td.*)
 *(.rel.tbss .rel.tbss.* .rel.gnu.linkonce.tb.*)
 *(.rel.ctors)
 *(.rel.dtors)
 *(.rel.got)
 .rel.got       0x00004ac8      0x188 d:/android/android-ndk-r8e/platforms/android-9/arch-arm/usr/lib/crtbegin_so.o
 *(.rel.bss .rel.bss.* .rel.gnu.linkonce.b.*)
 .rel.fini_array
                0x00004c50       0x10 d:/android/android-ndk-r8e/platforms/android-9/arch-arm/usr/lib/crtbegin_so.o
 .rel.init_array
                0x00004c60        0x8 d:/android/android-ndk-r8e/platforms/android-9/arch-arm/usr/lib/crtbegin_so.o

.rela.dyn
 *(.rela.init)
 *(.rela.text .rela.text.* .rela.gnu.linkonce.t.*)
 *(.rela.fini)
 *(.rela.rodata .rela.rodata.* .rela.gnu.linkonce.r.*)
 *(.rela.data .rela.data.* .rela.gnu.linkonce.d.*)
 *(.rela.tdata .rela.tdata.* .rela.gnu.linkonce.td.*)
 *(.rela.tbss .rela.tbss.* .rela.gnu.linkonce.tb.*)
 *(.rela.ctors)
 *(.rela.dtors)
 *(.rela.got)
 *(.rela.bss .rela.bss.* .rela.gnu.linkonce.b.*)

.rel.plt        0x00004c68      0x280
 *(.rel.plt)
 .rel.plt       0x00004c68      0x280 d:/android/android-ndk-r8e/platforms/android-9/arch-arm/usr/lib/crtbegin_so.o

.rela.plt
 *(.rela.plt)

.init
 *(.init)

.plt            0x00004ee8      0x3d4
 *(.plt)
 .plt           0x00004ee8      0x3d4 d:/android/android-ndk-r8e/platforms/android-9/arch-arm/usr/lib/crtbegin_so.o

.text           0x000052c0    0x5d5b0
 *(.text .stub .text.* .gnu.linkonce.t.*)
 .text.exit     0x000052c0       0x10 d:/android/android-ndk-r8e/platforms/android-9/arch-arm/usr/lib/crtbegin_so.o
                0x000052c0                __on_dlclose
 .text._Z22openalextInit_platformv
                0x000052d0        0x8 release\openalext_platform.os
                0x000052d0                openalextInit_platform()
 .text._Z27openalextTerminate_platformv
                0x000052d8        0x4 release\openalext_platform.os
                0x000052d8                openalextTerminate_platform()
 .text._Z30_alcGetCurrentContext_platformv
                0x000052dc        0x4 release\openalext_platform.os
                0x000052dc                _alcGetCurrentContext_platform()
 .text._Z27_alcDestroyContext_platformP11_ALCcontext
                0x000052e0        0x4 release\openalext_platform.os
                0x000052e0                _alcDestroyContext_platform(_ALCcontext*)
 .text._Z27_alcSuspendContext_platformP11_ALCcontext
                0x000052e4       0x10 release\openalext_platform.os
                0x000052e4                _alcSuspendContext_platform(_ALCcontext*)
 .text._Z27_alcProcessContext_platformP11_ALCcontext
                0x000052f4       0x10 release\openalext_platform.os
                0x000052f4                _alcProcessContext_platform(_ALCcontext*)
 .text._Z31_alcMakeContextCurrent_platformP11_ALCcontext
                0x00005304        0x4 release\openalext_platform.os
                0x00005304                _alcMakeContextCurrent_platform(_ALCcontext*)
 .text._Z26_alcCreateContext_platformP10_ALCdevicePKi
                0x00005308        0x4 release\openalext_platform.os
                0x00005308                _alcCreateContext_platform(_ALCdevice*, int const*)
 .text._Z24_alcCloseDevice_platformP10_ALCdevice
                0x0000530c        0x4 release\openalext_platform.os
                0x0000530c                _alcCloseDevice_platform(_ALCdevice*)
 .text._Z23_alcOpenDevice_platformPKc
                0x00005310        0x4 release\openalext_platform.os
                0x00005310                _alcOpenDevice_platform(char const*)
 .text._Z22_alBufferData_platformjjPKvii
                0x00005314        0x4 release\openalext_platform.os
                0x00005314                _alBufferData_platform(unsigned int, unsigned int, void const*, int, int)
 .text._Z25_alDeleteBuffers_platformiPKj
                0x00005318        0x4 release\openalext_platform.os
                0x00005318                _alDeleteBuffers_platform(int, unsigned int const*)
 .text._Z22_alGenBuffers_platformiPj
                0x0000531c        0x4 release\openalext_platform.os
                0x0000531c                _alGenBuffers_platform(int, unsigned int*)
 .text._Z25_alDeleteSources_platformiPKj
                0x00005320        0x4 release\openalext_platform.os
                0x00005320                _alDeleteSources_platform(int, unsigned int const*)
 .text._Z22_alGenSources_platformiPj
                0x00005324        0x4 release\openalext_platform.os
                0x00005324                _alGenSources_platform(int, unsigned int*)
 .text._Z23_alSourcePause_platformj
                0x00005328        0x4 release\openalext_platform.os
                0x00005328                _alSourcePause_platform(unsigned int)
 .text._Z22_alSourceStop_platformj
                0x0000532c        0x4 release\openalext_platform.os
                0x0000532c                _alSourceStop_platform(unsigned int)
 .text._Z22_alSourcePlay_platformj
                0x00005330        0x4 release\openalext_platform.os
                0x00005330                _alSourcePlay_platform(unsigned int)
 .text._Z19_alSourcei_platformjji
                0x00005334        0x4 release\openalext_platform.os
                0x00005334                _alSourcei_platform(unsigned int, unsigned int, int)
 .text._Z19_alSourcef_platformjjf
                0x00005338        0x4 release\openalext_platform.os
                0x00005338                _alSourcef_platform(unsigned int, unsigned int, float)
 .text._Z22_alGetSourcef_platformjjPf
                0x0000533c        0x4 release\openalext_platform.os
                0x0000533c                _alGetSourcef_platform(unsigned int, unsigned int, float*)
 .text._Z22_alGetSourcei_platformjjPi
                0x00005340        0x4 release\openalext_platform.os
                0x00005340                _alGetSourcei_platform(unsigned int, unsigned int, int*)
 .text._Z32_alSourceUnqueueBuffers_platformjiPj
                0x00005344        0x4 release\openalext_platform.os
                0x00005344                _alSourceUnqueueBuffers_platform(unsigned int, int, unsigned int*)
 .text._Z30_alSourceQueueBuffers_platformjiPKj
                0x00005348        0x4 release\openalext_platform.os
                0x00005348                _alSourceQueueBuffers_platform(unsigned int, int, unsigned int const*)
 .text._Z20_alGetError_platformv
                0x0000534c        0x4 release\openalext_platform.os
                0x0000534c                _alGetError_platform()
 .text._alcGetCurrentContext
                0x00005350        0x4 release\openalext.os
                0x00005350                _alcGetCurrentContext
 .text._alcDestroyContext
                0x00005354        0x4 release\openalext.os
                0x00005354                _alcDestroyContext
 .text._alcSuspendContext
                0x00005358        0x4 release\openalext.os
                0x00005358                _alcSuspendContext
 .text._alcProcessContext
                0x0000535c        0x4 release\openalext.os
                0x0000535c                _alcProcessContext
 .text._alcMakeContextCurrent
                0x00005360        0x4 release\openalext.os
                0x00005360                _alcMakeContextCurrent
 .text._alcCreateContext
                0x00005364        0x4 release\openalext.os
                0x00005364                _alcCreateContext
 .text._alcCloseDevice
                0x00005368        0x4 release\openalext.os
                0x00005368                _alcCloseDevice
 .text._alcOpenDevice
                0x0000536c        0x4 release\openalext.os
                0x0000536c                _alcOpenDevice
 .text._alBufferData
                0x00005370        0x4 release\openalext.os
                0x00005370                _alBufferData
 .text._alDeleteBuffers
                0x00005374        0x4 release\openalext.os
                0x00005374                _alDeleteBuffers
 .text._alGenBuffers
                0x00005378        0x4 release\openalext.os
                0x00005378                _alGenBuffers
 .text._alDeleteSources
                0x0000537c        0x4 release\openalext.os
                0x0000537c                _alDeleteSources
 .text._alGenSources
                0x00005380        0x4 release\openalext.os
                0x00005380                _alGenSources
 .text._alSourcePause
                0x00005384        0x4 release\openalext.os
                0x00005384                _alSourcePause
 .text._alSourceStop
                0x00005388        0x4 release\openalext.os
                0x00005388                _alSourceStop
 .text._alSourcePlay
                0x0000538c        0x4 release\openalext.os
                0x0000538c                _alSourcePlay
 .text._alSourcei
                0x00005390        0x4 release\openalext.os
                0x00005390                _alSourcei
 .text._alSourcef
                0x00005394        0x4 release\openalext.os
                0x00005394                _alSourcef
 .text._alGetSourcef
                0x00005398        0x4 release\openalext.os
                0x00005398                _alGetSourcef
 .text._alGetSourcei
                0x0000539c        0x4 release\openalext.os
                0x0000539c                _alGetSourcei
 .text._alSourceUnqueueBuffers
                0x000053a0        0x4 release\openalext.os
                0x000053a0                _alSourceUnqueueBuffers
 .text._alSourceQueueBuffers
                0x000053a4        0x4 release\openalext.os
                0x000053a4                _alSourceQueueBuffers
 .text._alGetError
                0x000053a8        0x4 release\openalext.os
                0x000053a8                _alGetError
 .text._Z18openalextTerminatev
                0x000053ac        0x4 release\openalext.os
                0x000053ac                openalextTerminate()
 .text._Z13openalextInitv
                0x000053b0        0x4 release\openalext.os
                0x000053b0                openalextInit()
 .text.RegisterExt
                0x000053b4      0x214 release\openalext_register.os
                0x000053b4                RegisterExt
 .text.alcGetJavaVM
                0x000055c8       0x10 D:\oxygine-sound\dependencies\openalext\lib\android\libopenal.a(android.o)
                0x000055c8                alcGetJavaVM
 .text.JNI_OnLoad
                0x000055d8       0x40 D:\oxygine-sound\dependencies\openalext\lib\android\libopenal.a(android.o)
                0x000055d8                JNI_OnLoad
 .text.JNI_OnUnload
                0x00005618       0x28 D:\oxygine-sound\dependencies\openalext\lib\android\libopenal.a(android.o)
                0x00005618                JNI_OnUnload
 .text.alcSuspend
                0x00005640       0x24 D:\oxygine-sound\dependencies\openalext\lib\android\libopenal.a(android.o)
                0x00005640                alcSuspend
 .text.alcResume
                0x00005664       0x24 D:\oxygine-sound\dependencies\openalext\lib\android\libopenal.a(android.o)
                0x00005664                alcResume
 .text.Convert_ALfp_IMA4
                0x00005688      0x2c8 D:\oxygine-sound\dependencies\openalext\lib\android\libopenal.a(alBuffer.o)
 .text.ConvertData
                0x00005950      0x8f8 D:\oxygine-sound\dependencies\openalext\lib\android\libopenal.a(alBuffer.o)
 .text.Convert_ALubyte_IMA4
                0x00006248      0x2bc D:\oxygine-sound\dependencies\openalext\lib\android\libopenal.a(alBuffer.o)
 .text.Convert_ALshort_IMA4
                0x00006504      0x350 D:\oxygine-sound\dependencies\openalext\lib\android\libopenal.a(alBuffer.o)
 .text.alGenBuffers
                0x00006854      0x2a4 D:\oxygine-sound\dependencies\openalext\lib\android\libopenal.a(alBuffer.o)
                0x00006854                alGenBuffers
 .text.alDeleteBuffers
                0x00006af8       0xf4 D:\oxygine-sound\dependencies\openalext\lib\android\libopenal.a(alBuffer.o)
                0x00006af8                alDeleteBuffers
 .text.alIsBuffer
                0x00006bec       0x50 D:\oxygine-sound\dependencies\openalext\lib\android\libopenal.a(alBuffer.o)
                0x00006bec                alIsBuffer
 .text.alBufferf
                0x00006c3c       0x44 D:\oxygine-sound\dependencies\openalext\lib\android\libopenal.a(alBuffer.o)
                0x00006c3c                alBufferf
 .text.alBuffer3f
                0x00006c80       0x44 D:\oxygine-sound\dependencies\openalext\lib\android\libopenal.a(alBuffer.o)
                0x00006c80                alBuffer3f
 .text.alBufferfv
                0x00006cc4       0x5c D:\oxygine-sound\dependencies\openalext\lib\android\libopenal.a(alBuffer.o)
                0x00006cc4                alBufferfv
 .text.alBufferi
                0x00006d20       0x44 D:\oxygine-sound\dependencies\openalext\lib\android\libopenal.a(alBuffer.o)
                0x00006d20                alBufferi
 .text.alBuffer3i
                0x00006d64       0x44 D:\oxygine-sound\dependencies\openalext\lib\android\libopenal.a(alBuffer.o)
                0x00006d64                alBuffer3i
 .text.alGetBufferf
                0x00006da8       0x5c D:\oxygine-sound\dependencies\openalext\lib\android\libopenal.a(alBuffer.o)
                0x00006da8                alGetBufferf
 .text.alGetBuffer3f
                0x00006e04       0x74 D:\oxygine-sound\dependencies\openalext\lib\android\libopenal.a(alBuffer.o)
                0x00006e04                alGetBuffer3f
 .text.alGetBufferfv
                0x00006e78       0x5c D:\oxygine-sound\dependencies\openalext\lib\android\libopenal.a(alBuffer.o)
                0x00006e78                alGetBufferfv
 .text.alGetBuffer3i
                0x00006ed4       0x74 D:\oxygine-sound\dependencies\openalext\lib\android\libopenal.a(alBuffer.o)
                0x00006ed4                alGetBuffer3i
 .text.BytesFromUserFmt
                0x00006f48       0x28 D:\oxygine-sound\dependencies\openalext\lib\android\libopenal.a(alBuffer.o)
                0x00006f48                BytesFromUserFmt
 .text.ChannelsFromUserFmt
                0x00006f70       0x28 D:\oxygine-sound\dependencies\openalext\lib\android\libopenal.a(alBuffer.o)
                0x00006f70                ChannelsFromUserFmt
 .text.DecomposeUserFormat
                0x00006f98      0x484 D:\oxygine-sound\dependencies\openalext\lib\android\libopenal.a(alBuffer.o)
                0x00006f98                DecomposeUserFormat
 .text.BytesFromFmt
                0x0000741c       0x2c D:\oxygine-sound\dependencies\openalext\lib\android\libopenal.a(alBuffer.o)
                0x0000741c                BytesFromFmt
 .text.ChannelsFromFmt
                0x00007448       0x28 D:\oxygine-sound\dependencies\openalext\lib\android\libopenal.a(alBuffer.o)
                0x00007448                ChannelsFromFmt
 .text.alGetBufferi
                0x00007470       0xd0 D:\oxygine-sound\dependencies\openalext\lib\android\libopenal.a(alBuffer.o)
                0x00007470                alGetBufferi
 .text.alBufferiv
                0x00007540      0x114 D:\oxygine-sound\dependencies\openalext\lib\android\libopenal.a(alBuffer.o)
                0x00007540                alBufferiv
 .text.alBufferSubDataSOFT
                0x00007654      0x23c D:\oxygine-sound\dependencies\openalext\lib\android\libopenal.a(alBuffer.o)
                0x00007654                alBufferSubDataSOFT
 .text.alGetBufferiv
                0x00007890      0x13c D:\oxygine-sound\dependencies\openalext\lib\android\libopenal.a(alBuffer.o)
                0x00007890                alGetBufferiv
 .text.DecomposeFormat
                0x000079cc      0x32c D:\oxygine-sound\dependencies\openalext\lib\android\libopenal.a(alBuffer.o)
                0x000079cc                DecomposeFormat
 .text.alBufferData
                0x00007cf8      0x6ac D:\oxygine-sound\dependencies\openalext\lib\android\libopenal.a(alBuffer.o)
                0x00007cf8                alBufferData
 .text.ReleaseALBuffers
                0x000083a4       0x60 D:\oxygine-sound\dependencies\openalext\lib\android\libopenal.a(alBuffer.o)
                0x000083a4                ReleaseALBuffers
 .text.alGetError
                0x00008404       0x2c D:\oxygine-sound\dependencies\openalext\lib\android\libopenal.a(alError.o)
                0x00008404                alGetError
 .text.alSetError
                0x00008430       0x10 D:\oxygine-sound\dependencies\openalext\lib\android\libopenal.a(alError.o)
                0x00008430                alSetError
 .text.alGenSources
                0x00008440      0x510 D:\oxygine-sound\dependencies\openalext\lib\android\libopenal.a(alSource.o)
                0x00008440                alGenSources
 .text.alDeleteSources
                0x00008950      0x1bc D:\oxygine-sound\dependencies\openalext\lib\android\libopenal.a(alSource.o)
                0x00008950                alDeleteSources
 .text.alIsSource
                0x00008b0c       0x3c D:\oxygine-sound\dependencies\openalext\lib\android\libopenal.a(alSource.o)
                0x00008b0c                alIsSource
 .text.alSourcef
                0x00008b48      0x548 D:\oxygine-sound\dependencies\openalext\lib\android\libopenal.a(alSource.o)
                0x00008b48                alSourcef
 .text.alSource3f
                0x00009090       0xcc D:\oxygine-sound\dependencies\openalext\lib\android\libopenal.a(alSource.o)
                0x00009090                alSource3f
 .text.alSourcefv
                0x0000915c      0x188 D:\oxygine-sound\dependencies\openalext\lib\android\libopenal.a(alSource.o)
                0x0000915c                alSourcefv
 *fill*         0x000092e4        0x4 00000000
 .text.alSourcei
                0x000092e8      0x540 D:\oxygine-sound\dependencies\openalext\lib\android\libopenal.a(alSource.o)
                0x000092e8                alSourcei
 .text.alSource3i
                0x00009828      0x208 D:\oxygine-sound\dependencies\openalext\lib\android\libopenal.a(alSource.o)
                0x00009828                alSource3i
 .text.alSourceiv
                0x00009a30      0x360 D:\oxygine-sound\dependencies\openalext\lib\android\libopenal.a(alSource.o)
                0x00009a30                alSourceiv
 .text.alGetSourcef
                0x00009d90      0x3ec D:\oxygine-sound\dependencies\openalext\lib\android\libopenal.a(alSource.o)
                0x00009d90                alGetSourcef
 .text.alGetSource3f
                0x0000a17c       0xfc D:\oxygine-sound\dependencies\openalext\lib\android\libopenal.a(alSource.o)
                0x0000a17c                alGetSource3f
 .text.alGetSourcefv
                0x0000a278      0x818 D:\oxygine-sound\dependencies\openalext\lib\android\libopenal.a(alSource.o)
                0x0000a278                alGetSourcefv
 .text.alGetSourcei
                0x0000aa90      0x4a8 D:\oxygine-sound\dependencies\openalext\lib\android\libopenal.a(alSource.o)
                0x0000aa90                alGetSourcei
 .text.alGetSource3i
                0x0000af38       0xf0 D:\oxygine-sound\dependencies\openalext\lib\android\libopenal.a(alSource.o)
                0x0000af38                alGetSource3i
 .text.alGetSourceiv
                0x0000b028      0x940 D:\oxygine-sound\dependencies\openalext\lib\android\libopenal.a(alSource.o)
                0x0000b028                alGetSourceiv
 .text.alSourcePlay
                0x0000b968      0x3e8 D:\oxygine-sound\dependencies\openalext\lib\android\libopenal.a(alSource.o)
                0x0000b968                alSourcePlay
 .text.alSourcePlayv
                0x0000bd50      0x4a0 D:\oxygine-sound\dependencies\openalext\lib\android\libopenal.a(alSource.o)
                0x0000bd50                alSourcePlayv
 .text.alSourcePause
                0x0000c1f0       0x60 D:\oxygine-sound\dependencies\openalext\lib\android\libopenal.a(alSource.o)
                0x0000c1f0                alSourcePause
 .text.alSourcePausev
                0x0000c250       0xc0 D:\oxygine-sound\dependencies\openalext\lib\android\libopenal.a(alSource.o)
                0x0000c250                alSourcePausev
 .text.alSourceStop
                0x0000c310       0x68 D:\oxygine-sound\dependencies\openalext\lib\android\libopenal.a(alSource.o)
                0x0000c310                alSourceStop
 .text.alSourceStopv
                0x0000c378       0xd0 D:\oxygine-sound\dependencies\openalext\lib\android\libopenal.a(alSource.o)
                0x0000c378                alSourceStopv
 .text.alSourceRewind
                0x0000c448       0x80 D:\oxygine-sound\dependencies\openalext\lib\android\libopenal.a(alSource.o)
                0x0000c448                alSourceRewind
 .text.alSourceRewindv
                0x0000c4c8       0xe4 D:\oxygine-sound\dependencies\openalext\lib\android\libopenal.a(alSource.o)
                0x0000c4c8                alSourceRewindv
 .text.alSourceQueueBuffers
                0x0000c5ac      0x274 D:\oxygine-sound\dependencies\openalext\lib\android\libopenal.a(alSource.o)
                0x0000c5ac                alSourceQueueBuffers
 .text.alSourceUnqueueBuffers
                0x0000c820      0x118 D:\oxygine-sound\dependencies\openalext\lib\android\libopenal.a(alSource.o)
                0x0000c820                alSourceUnqueueBuffers
 .text.ReleaseALSources
                0x0000c938       0xf4 D:\oxygine-sound\dependencies\openalext\lib\android\libopenal.a(alSource.o)
                0x0000c938                ReleaseALSources
 .text.startup.alc_init
                0x0000ca2c      0x530 D:\oxygine-sound\dependencies\openalext\lib\android\libopenal.a(ALc.o)
 .text.al_print
                0x0000cf5c       0xf4 D:\oxygine-sound\dependencies\openalext\lib\android\libopenal.a(ALc.o)
                0x0000cf5c                al_print
 .text.AppendAllDeviceList
                0x0000d050       0x9c D:\oxygine-sound\dependencies\openalext\lib\android\libopenal.a(ALc.o)
                0x0000d050                AppendAllDeviceList
 .text.AppendDeviceList
                0x0000d0ec       0x9c D:\oxygine-sound\dependencies\openalext\lib\android\libopenal.a(ALc.o)
                0x0000d0ec                AppendDeviceList
 .text.AppendCaptureDeviceList
                0x0000d188       0x9c D:\oxygine-sound\dependencies\openalext\lib\android\libopenal.a(ALc.o)
                0x0000d188                AppendCaptureDeviceList
 .text.SetRTPriority
                0x0000d224       0xa0 D:\oxygine-sound\dependencies\openalext\lib\android\libopenal.a(ALc.o)
                0x0000d224                SetRTPriority
 .text.InitUIntMap
                0x0000d2c4       0x14 D:\oxygine-sound\dependencies\openalext\lib\android\libopenal.a(ALc.o)
                0x0000d2c4                InitUIntMap
 .text.ResetUIntMap
                0x0000d2d8       0x24 D:\oxygine-sound\dependencies\openalext\lib\android\libopenal.a(ALc.o)
                0x0000d2d8                ResetUIntMap
 .text.InsertUIntMapEntry
                0x0000d2fc      0x160 D:\oxygine-sound\dependencies\openalext\lib\android\libopenal.a(ALc.o)
                0x0000d2fc                InsertUIntMapEntry
 .text.RemoveUIntMapKey
                0x0000d45c       0xb8 D:\oxygine-sound\dependencies\openalext\lib\android\libopenal.a(ALc.o)
                0x0000d45c                RemoveUIntMapKey
 .text.LookupUIntMapKey
                0x0000d514       0x90 D:\oxygine-sound\dependencies\openalext\lib\android\libopenal.a(ALc.o)
                0x0000d514                LookupUIntMapKey
 .text.BytesFromDevFmt
                0x0000d5a4       0x24 D:\oxygine-sound\dependencies\openalext\lib\android\libopenal.a(ALc.o)
                0x0000d5a4                BytesFromDevFmt
 .text.ChannelsFromDevFmt
                0x0000d5c8       0x28 D:\oxygine-sound\dependencies\openalext\lib\android\libopenal.a(ALc.o)
                0x0000d5c8                ChannelsFromDevFmt
 .text.DecomposeDevFormat
                0x0000d5f0      0x278 D:\oxygine-sound\dependencies\openalext\lib\android\libopenal.a(ALc.o)
                0x0000d5f0                DecomposeDevFormat
 .text.SuspendContext
                0x0000d868       0x14 D:\oxygine-sound\dependencies\openalext\lib\android\libopenal.a(ALc.o)
                0x0000d868                SuspendContext
 .text.ProcessContext
                0x0000d87c       0x14 D:\oxygine-sound\dependencies\openalext\lib\android\libopenal.a(ALc.o)
                0x0000d87c                ProcessContext
 .text.alcProcessContext
                0x0000d890       0x64 D:\oxygine-sound\dependencies\openalext\lib\android\libopenal.a(ALc.o)
                0x0000d890                alcProcessContext
 .text.alcSuspendContext
                0x0000d8f4       0x64 D:\oxygine-sound\dependencies\openalext\lib\android\libopenal.a(ALc.o)
                0x0000d8f4                alcSuspendContext
 .text.alcGetThreadContext
                0x0000d958       0x90 D:\oxygine-sound\dependencies\openalext\lib\android\libopenal.a(ALc.o)
                0x0000d958                alcGetThreadContext
 .text.alcGetError
                0x0000d9e8       0x78 D:\oxygine-sound\dependencies\openalext\lib\android\libopenal.a(ALc.o)
                0x0000d9e8                alcGetError
 .text.alcSetError
                0x0000da60       0x68 D:\oxygine-sound\dependencies\openalext\lib\android\libopenal.a(ALc.o)
                0x0000da60                alcSetError
 .text.alcGetEnumValue
                0x0000dac8       0x74 D:\oxygine-sound\dependencies\openalext\lib\android\libopenal.a(ALc.o)
                0x0000dac8                alcGetEnumValue
 .text.alcGetProcAddress
                0x0000db3c       0x74 D:\oxygine-sound\dependencies\openalext\lib\android\libopenal.a(ALc.o)
                0x0000db3c                alcGetProcAddress
 .text.alcDestroyContext
                0x0000dbb0      0x200 D:\oxygine-sound\dependencies\openalext\lib\android\libopenal.a(ALc.o)
                0x0000dbb0                alcDestroyContext
 .text.alcOpenDevice
                0x0000ddb0      0x570 D:\oxygine-sound\dependencies\openalext\lib\android\libopenal.a(ALc.o)
                0x0000ddb0                alcOpenDevice
 .text.alcSetThreadContext
                0x0000e320       0xa4 D:\oxygine-sound\dependencies\openalext\lib\android\libopenal.a(ALc.o)
                0x0000e320                alcSetThreadContext
 .text.alcMakeContextCurrent
                0x0000e3c4       0xa8 D:\oxygine-sound\dependencies\openalext\lib\android\libopenal.a(ALc.o)
                0x0000e3c4                alcMakeContextCurrent
 .text.alcGetContextsDevice
                0x0000e46c       0x78 D:\oxygine-sound\dependencies\openalext\lib\android\libopenal.a(ALc.o)
                0x0000e46c                alcGetContextsDevice
 .text.alcCaptureCloseDevice
                0x0000e4e4      0x10c D:\oxygine-sound\dependencies\openalext\lib\android\libopenal.a(ALc.o)
                0x0000e4e4                alcCaptureCloseDevice
 .text.alcCaptureOpenDevice
                0x0000e5f0      0x17c D:\oxygine-sound\dependencies\openalext\lib\android\libopenal.a(ALc.o)
                0x0000e5f0                alcCaptureOpenDevice
 .text.alcCreateContext
                0x0000e76c      0x634 D:\oxygine-sound\dependencies\openalext\lib\android\libopenal.a(ALc.o)
                0x0000e76c                alcCreateContext
 .text.alcCaptureSamples
                0x0000eda0       0xa0 D:\oxygine-sound\dependencies\openalext\lib\android\libopenal.a(ALc.o)
                0x0000eda0                alcCaptureSamples
 .text.alcCaptureStop
                0x0000ee40       0x90 D:\oxygine-sound\dependencies\openalext\lib\android\libopenal.a(ALc.o)
                0x0000ee40                alcCaptureStop
 .text.alcCaptureStart
                0x0000eed0       0xa0 D:\oxygine-sound\dependencies\openalext\lib\android\libopenal.a(ALc.o)
                0x0000eed0                alcCaptureStart
 .text.alcIsExtensionPresent
                0x0000ef70      0x154 D:\oxygine-sound\dependencies\openalext\lib\android\libopenal.a(ALc.o)
                0x0000ef70                alcIsExtensionPresent
 .text.exit.alc_deinit
                0x0000f0c4      0x598 D:\oxygine-sound\dependencies\openalext\lib\android\libopenal.a(ALc.o)
 .text.alcCloseDevice
                0x0000f65c      0x3b4 D:\oxygine-sound\dependencies\openalext\lib\android\libopenal.a(ALc.o)
                0x0000f65c                alcCloseDevice
 .text.alcGetString
                0x0000fa10      0x578 D:\oxygine-sound\dependencies\openalext\lib\android\libopenal.a(ALc.o)
                0x0000fa10                alcGetString
 .text.alcGetIntegerv
                0x0000ff88      0x538 D:\oxygine-sound\dependencies\openalext\lib\android\libopenal.a(ALc.o)
                0x0000ff88                alcGetIntegerv
 .text.GetContextSuspended
                0x000104c0       0xb8 D:\oxygine-sound\dependencies\openalext\lib\android\libopenal.a(ALc.o)
                0x000104c0                GetContextSuspended
 .text.alcGetCurrentContext
                0x00010578       0x1c D:\oxygine-sound\dependencies\openalext\lib\android\libopenal.a(ALc.o)
                0x00010578                alcGetCurrentContext
 .text.SetDefaultChannelOrder
                0x00010594       0x20 D:\oxygine-sound\dependencies\openalext\lib\android\libopenal.a(ALc.o)
                0x00010594                SetDefaultChannelOrder
 .text.SetDefaultWFXChannelOrder
                0x000105b4       0x20 D:\oxygine-sound\dependencies\openalext\lib\android\libopenal.a(ALc.o)
                0x000105b4                SetDefaultWFXChannelOrder
 .text.LoadConfigFromFile
                0x000105d4      0x60c D:\oxygine-sound\dependencies\openalext\lib\android\libopenal.a(alcConfig.o)
 .text.ReadALConfig
                0x00010be0      0x14c D:\oxygine-sound\dependencies\openalext\lib\android\libopenal.a(alcConfig.o)
                0x00010be0                ReadALConfig
 .text.FreeALConfig
                0x00010d2c       0xa4 D:\oxygine-sound\dependencies\openalext\lib\android\libopenal.a(alcConfig.o)
                0x00010d2c                FreeALConfig
 .text.GetConfigValue
                0x00010dd0       0xd4 D:\oxygine-sound\dependencies\openalext\lib\android\libopenal.a(alcConfig.o)
                0x00010dd0                GetConfigValue
 .text.ConfigValueExists
                0x00010ea4       0x24 D:\oxygine-sound\dependencies\openalext\lib\android\libopenal.a(alcConfig.o)
                0x00010ea4                ConfigValueExists
 .text.GetConfigValueInt
                0x00010ec8       0x3c D:\oxygine-sound\dependencies\openalext\lib\android\libopenal.a(alcConfig.o)
                0x00010ec8                GetConfigValueInt
 .text.GetConfigValueFloat
                0x00010f04       0x44 D:\oxygine-sound\dependencies\openalext\lib\android\libopenal.a(alcConfig.o)
                0x00010f04                GetConfigValueFloat
 .text.GetConfigValueBool
                0x00010f48       0xa8 D:\oxygine-sound\dependencies\openalext\lib\android\libopenal.a(alcConfig.o)
                0x00010f48                GetConfigValueBool
 .text.CalcNonAttnSourceParams
                0x00010ff0      0x3c8 D:\oxygine-sound\dependencies\openalext\lib\android\libopenal.a(ALu.o)
                0x00010ff0                CalcNonAttnSourceParams
 .text.CalcSourceParams
                0x000113b8     0x1020 D:\oxygine-sound\dependencies\openalext\lib\android\libopenal.a(ALu.o)
                0x000113b8                CalcSourceParams
 .text.aluMixData
                0x000123d8     0x6a0c D:\oxygine-sound\dependencies\openalext\lib\android\libopenal.a(ALu.o)
                0x000123d8                aluMixData
 .text.aluHandleDisconnect
                0x00018de4       0xb4 D:\oxygine-sound\dependencies\openalext\lib\android\libopenal.a(ALu.o)
                0x00018de4                aluHandleDisconnect
 .text.bs2b_set_level
                0x00018e98      0x200 D:\oxygine-sound\dependencies\openalext\lib\android\libopenal.a(bs2b.o)
                0x00018e98                bs2b_set_level
 .text.bs2b_get_level
                0x00019098        0x8 D:\oxygine-sound\dependencies\openalext\lib\android\libopenal.a(bs2b.o)
                0x00019098                bs2b_get_level
 .text.bs2b_set_srate
                0x000190a0      0x200 D:\oxygine-sound\dependencies\openalext\lib\android\libopenal.a(bs2b.o)
                0x000190a0                bs2b_set_srate
 .text.bs2b_get_srate
                0x000192a0        0x8 D:\oxygine-sound\dependencies\openalext\lib\android\libopenal.a(bs2b.o)
                0x000192a0                bs2b_get_srate
 .text.bs2b_clear
                0x000192a8       0x20 D:\oxygine-sound\dependencies\openalext\lib\android\libopenal.a(bs2b.o)
                0x000192a8                bs2b_clear
 .text.bs2b_is_clear
                0x000192c8       0x34 D:\oxygine-sound\dependencies\openalext\lib\android\libopenal.a(bs2b.o)
                0x000192c8                bs2b_is_clear
 .text.bs2b_cross_feed
                0x000192fc       0xbc D:\oxygine-sound\dependencies\openalext\lib\android\libopenal.a(bs2b.o)
                0x000192fc                bs2b_cross_feed
 .text.null_open_capture
                0x000193b8        0x8 D:\oxygine-sound\dependencies\openalext\lib\android\libopenal.a(null.o)
 .text.null_stop_playback
                0x000193c0       0x40 D:\oxygine-sound\dependencies\openalext\lib\android\libopenal.a(null.o)
 .text.null_close_playback
                0x00019400       0x20 D:\oxygine-sound\dependencies\openalext\lib\android\libopenal.a(null.o)
 .text.null_open_playback
                0x00019420       0x78 D:\oxygine-sound\dependencies\openalext\lib\android\libopenal.a(null.o)
 .text.null_reset_playback
                0x00019498       0xbc D:\oxygine-sound\dependencies\openalext\lib\android\libopenal.a(null.o)
 .text.NullProc
                0x00019554      0x2ac D:\oxygine-sound\dependencies\openalext\lib\android\libopenal.a(null.o)
 .text.alc_null_init
                0x00019800       0x34 D:\oxygine-sound\dependencies\openalext\lib\android\libopenal.a(null.o)
                0x00019800                alc_null_init
 .text.alc_null_deinit
                0x00019834        0x4 D:\oxygine-sound\dependencies\openalext\lib\android\libopenal.a(null.o)
                0x00019834                alc_null_deinit
 .text.alc_null_probe
                0x00019838       0x30 D:\oxygine-sound\dependencies\openalext\lib\android\libopenal.a(null.o)
                0x00019838                alc_null_probe
 .text.SetSpeakerArrangement.constprop.0
                0x00019868      0x5d0 D:\oxygine-sound\dependencies\openalext\lib\android\libopenal.a(panning.o)
 .text.aluCart2LUTpos
                0x00019e38       0x7c D:\oxygine-sound\dependencies\openalext\lib\android\libopenal.a(panning.o)
                0x00019e38                aluCart2LUTpos
 *fill*         0x00019eb4        0x4 00000000
 .text.aluInitPanning
                0x00019eb8      0x5c0 D:\oxygine-sound\dependencies\openalext\lib\android\libopenal.a(panning.o)
                0x00019eb8                aluInitPanning
 .text.Mix_ALfp_6_point32
                0x0001a478      0xac0 D:\oxygine-sound\dependencies\openalext\lib\android\libopenal.a(mixer.o)
 .text.Mix_ALfp_6_lerp32
                0x0001af38      0xf18 D:\oxygine-sound\dependencies\openalext\lib\android\libopenal.a(mixer.o)
 .text.Mix_ALshort_6_point16
                0x0001be50      0xd68 D:\oxygine-sound\dependencies\openalext\lib\android\libopenal.a(mixer.o)
 .text.Mix_ALshort_6_lerp16
                0x0001cbb8     0x1248 D:\oxygine-sound\dependencies\openalext\lib\android\libopenal.a(mixer.o)
 .text.Mix_ALubyte_6_point8
                0x0001de00      0xd20 D:\oxygine-sound\dependencies\openalext\lib\android\libopenal.a(mixer.o)
 .text.Mix_ALubyte_6_lerp8
                0x0001eb20     0x13c8 D:\oxygine-sound\dependencies\openalext\lib\android\libopenal.a(mixer.o)
 .text.Mix_ALfp_7_point32
                0x0001fee8      0xc08 D:\oxygine-sound\dependencies\openalext\lib\android\libopenal.a(mixer.o)
 .text.Mix_ALfp_7_lerp32
                0x00020af0     0x1100 D:\oxygine-sound\dependencies\openalext\lib\android\libopenal.a(mixer.o)
 .text.Mix_ALshort_7_point16
                0x00021bf0      0xf20 D:\oxygine-sound\dependencies\openalext\lib\android\libopenal.a(mixer.o)
 .text.Mix_ALshort_7_lerp16
                0x00022b10     0x1510 D:\oxygine-sound\dependencies\openalext\lib\android\libopenal.a(mixer.o)
 .text.Mix_ALubyte_7_point8
                0x00024020      0xee8 D:\oxygine-sound\dependencies\openalext\lib\android\libopenal.a(mixer.o)
 .text.Mix_ALubyte_7_lerp8
                0x00024f08     0x16b8 D:\oxygine-sound\dependencies\openalext\lib\android\libopenal.a(mixer.o)
 .text.Mix_ALfp_8_point32
                0x000265c0      0xd74 D:\oxygine-sound\dependencies\openalext\lib\android\libopenal.a(mixer.o)
 .text.Mix_ALfp_8_lerp32
                0x00027334     0x1378 D:\oxygine-sound\dependencies\openalext\lib\android\libopenal.a(mixer.o)
 *fill*         0x000286ac        0x4 00000000
 .text.Mix_ALshort_8_point16
                0x000286b0     0x1100 D:\oxygine-sound\dependencies\openalext\lib\android\libopenal.a(mixer.o)
 .text.Mix_ALshort_8_lerp16
                0x000297b0     0x17a8 D:\oxygine-sound\dependencies\openalext\lib\android\libopenal.a(mixer.o)
 .text.Mix_ALubyte_8_point8
                0x0002af58     0x1098 D:\oxygine-sound\dependencies\openalext\lib\android\libopenal.a(mixer.o)
 .text.Mix_ALubyte_8_lerp8
                0x0002bff0     0x19f8 D:\oxygine-sound\dependencies\openalext\lib\android\libopenal.a(mixer.o)
 .text.Mix_point
                0x0002d9e8     0x36b0 D:\oxygine-sound\dependencies\openalext\lib\android\libopenal.a(mixer.o)
 .text.Mix_ALfp_7_cubic32
                0x00031098     0x2014 D:\oxygine-sound\dependencies\openalext\lib\android\libopenal.a(mixer.o)
 .text.Mix_ALfp_8_cubic32
                0x000330ac     0x2458 D:\oxygine-sound\dependencies\openalext\lib\android\libopenal.a(mixer.o)
 .text.Mix_ALfp_6_cubic32
                0x00035504     0x1c14 D:\oxygine-sound\dependencies\openalext\lib\android\libopenal.a(mixer.o)
 .text.Mix_ALfp_1_cubic32
                0x00037118      0x724 D:\oxygine-sound\dependencies\openalext\lib\android\libopenal.a(mixer.o)
 *fill*         0x0003783c        0x4 00000000
 .text.Mix_ALshort_7_cubic16
                0x00037840     0x2d48 D:\oxygine-sound\dependencies\openalext\lib\android\libopenal.a(mixer.o)
 .text.Mix_ALshort_8_cubic16
                0x0003a588     0x34d8 D:\oxygine-sound\dependencies\openalext\lib\android\libopenal.a(mixer.o)
 .text.Mix_ALshort_6_cubic16
                0x0003da60     0x2800 D:\oxygine-sound\dependencies\openalext\lib\android\libopenal.a(mixer.o)
 .text.Mix_ALshort_1_cubic16
                0x00040260      0x880 D:\oxygine-sound\dependencies\openalext\lib\android\libopenal.a(mixer.o)
 .text.Mix_ALubyte_7_cubic8
                0x00040ae0     0x2cf0 D:\oxygine-sound\dependencies\openalext\lib\android\libopenal.a(mixer.o)
 .text.Mix_ALubyte_8_cubic8
                0x000437d0     0x32b8 D:\oxygine-sound\dependencies\openalext\lib\android\libopenal.a(mixer.o)
 .text.Mix_ALubyte_6_cubic8
                0x00046a88     0x27e8 D:\oxygine-sound\dependencies\openalext\lib\android\libopenal.a(mixer.o)
 .text.Mix_ALubyte_1_cubic8
                0x00049270      0x978 D:\oxygine-sound\dependencies\openalext\lib\android\libopenal.a(mixer.o)
 .text.Mix_cubic
                0x00049be8     0x75f0 D:\oxygine-sound\dependencies\openalext\lib\android\libopenal.a(mixer.o)
 .text.MixSource
                0x000511d8     0x5650 D:\oxygine-sound\dependencies\openalext\lib\android\libopenal.a(mixer.o)
                0x000511d8                MixSource
 .text.android_open_capture
                0x00056828        0x8 D:\oxygine-sound\dependencies\openalext\lib\android\libopenal.a(audiotrack.o)
 .text.android_close_capture
                0x00056830        0x4 D:\oxygine-sound\dependencies\openalext\lib\android\libopenal.a(audiotrack.o)
 .text.android_start_capture
                0x00056834        0x4 D:\oxygine-sound\dependencies\openalext\lib\android\libopenal.a(audiotrack.o)
 .text.android_stop_capture
                0x00056838        0x4 D:\oxygine-sound\dependencies\openalext\lib\android\libopenal.a(audiotrack.o)
 .text.android_capture_samples
                0x0005683c        0x4 D:\oxygine-sound\dependencies\openalext\lib\android\libopenal.a(audiotrack.o)
 .text.android_available_samples
                0x00056840        0x8 D:\oxygine-sound\dependencies\openalext\lib\android\libopenal.a(audiotrack.o)
 .text.alc_audiotrack_suspend
                0x00056848       0x1c D:\oxygine-sound\dependencies\openalext\lib\android\libopenal.a(audiotrack.o)
 .text.android_stop_playback
                0x00056864       0x40 D:\oxygine-sound\dependencies\openalext\lib\android\libopenal.a(audiotrack.o)
 .text.android_reset_playback
                0x000568a4       0x40 D:\oxygine-sound\dependencies\openalext\lib\android\libopenal.a(audiotrack.o)
 .text.thread_function
                0x000568e4      0x31c D:\oxygine-sound\dependencies\openalext\lib\android\libopenal.a(audiotrack.o)
 .text.android_close_playback
                0x00056c00       0x28 D:\oxygine-sound\dependencies\openalext\lib\android\libopenal.a(audiotrack.o)
 .text.android_open_playback
                0x00056c28      0x270 D:\oxygine-sound\dependencies\openalext\lib\android\libopenal.a(audiotrack.o)
 .text.alc_audiotrack_resume
                0x00056e98       0x58 D:\oxygine-sound\dependencies\openalext\lib\android\libopenal.a(audiotrack.o)
 .text.alc_audiotrack_init
                0x00056ef0       0x7c D:\oxygine-sound\dependencies\openalext\lib\android\libopenal.a(audiotrack.o)
                0x00056ef0                alc_audiotrack_init
 .text.alc_audiotrack_deinit
                0x00056f6c       0x48 D:\oxygine-sound\dependencies\openalext\lib\android\libopenal.a(audiotrack.o)
                0x00056f6c                alc_audiotrack_deinit
 .text.alc_audiotrack_probe
                0x00056fb4       0x30 D:\oxygine-sound\dependencies\openalext\lib\android\libopenal.a(audiotrack.o)
                0x00056fb4                alc_audiotrack_probe
 .text.opensles_available_samples
                0x00056fe4       0x30 D:\oxygine-sound\dependencies\openalext\lib\android\libopenal.a(opensles.o)
 .text.opensles_capture_samples
                0x00057014       0x38 D:\oxygine-sound\dependencies\openalext\lib\android\libopenal.a(opensles.o)
 .text.opensles_stop_capture
                0x0005704c       0x24 D:\oxygine-sound\dependencies\openalext\lib\android\libopenal.a(opensles.o)
 .text.opensles_start_capture
                0x00057070       0x24 D:\oxygine-sound\dependencies\openalext\lib\android\libopenal.a(opensles.o)
 .text.opensles_close_capture
                0x00057094       0x24 D:\oxygine-sound\dependencies\openalext\lib\android\libopenal.a(opensles.o)
 .text.opensles_open_capture
                0x000570b8       0x3c D:\oxygine-sound\dependencies\openalext\lib\android\libopenal.a(opensles.o)
 .text.opensles_stop_playback
                0x000570f4       0x4c D:\oxygine-sound\dependencies\openalext\lib\android\libopenal.a(opensles.o)
 .text.opensles_close_playback
                0x00057140       0xcc D:\oxygine-sound\dependencies\openalext\lib\android\libopenal.a(opensles.o)
 .text.playback_function
                0x0005720c      0x18c D:\oxygine-sound\dependencies\openalext\lib\android\libopenal.a(opensles.o)
 .text.opensles_callback
                0x00057398      0x1b0 D:\oxygine-sound\dependencies\openalext\lib\android\libopenal.a(opensles.o)
 .text.alc_opensles_set_java_vm
                0x00057548      0x3dc D:\oxygine-sound\dependencies\openalext\lib\android\libopenal.a(opensles.o)
 .text.alc_opensles_suspend
                0x00057924      0x1dc D:\oxygine-sound\dependencies\openalext\lib\android\libopenal.a(opensles.o)
                0x00057924                alc_opensles_suspend
 .text.alc_opensles_init_extradata
                0x00057b00      0x33c D:\oxygine-sound\dependencies\openalext\lib\android\libopenal.a(opensles.o)
                0x00057b00                alc_opensles_init_extradata
 .text.opensles_reset_playback
                0x00057e3c      0x3d8 D:\oxygine-sound\dependencies\openalext\lib\android\libopenal.a(opensles.o)
 .text.alc_opensles_resume
                0x00058214      0x184 D:\oxygine-sound\dependencies\openalext\lib\android\libopenal.a(opensles.o)
                0x00058214                alc_opensles_resume
 .text.alc_opensles_create_native_audio_engine
                0x00058398       0xb4 D:\oxygine-sound\dependencies\openalext\lib\android\libopenal.a(opensles.o)
                0x00058398                alc_opensles_create_native_audio_engine
 .text.alc_opensles_init
                0x0005844c       0x94 D:\oxygine-sound\dependencies\openalext\lib\android\libopenal.a(opensles.o)
                0x0005844c                alc_opensles_init
 .text.alc_opensles_deinit
                0x000584e0       0x84 D:\oxygine-sound\dependencies\openalext\lib\android\libopenal.a(opensles.o)
                0x000584e0                alc_opensles_deinit
 .text.alc_opensles_probe
                0x00058564      0x344 D:\oxygine-sound\dependencies\openalext\lib\android\libopenal.a(opensles.o)
                0x00058564                alc_opensles_probe
 .text.opensles_open_playback
                0x000588a8       0x8c D:\oxygine-sound\dependencies\openalext\lib\android\libopenal.a(opensles.o)
 .text.NoneDeviceUpdate
                0x00058934        0x8 D:\oxygine-sound\dependencies\openalext\lib\android\libopenal.a(alAuxEffectSlot.o)
 .text.NoneUpdate
                0x0005893c        0x4 D:\oxygine-sound\dependencies\openalext\lib\android\libopenal.a(alAuxEffectSlot.o)
 .text.NoneProcess
                0x00058940        0x4 D:\oxygine-sound\dependencies\openalext\lib\android\libopenal.a(alAuxEffectSlot.o)
 .text.NoneDestroy
                0x00058944        0x4 D:\oxygine-sound\dependencies\openalext\lib\android\libopenal.a(alAuxEffectSlot.o)
 .text.alDeleteAuxiliaryEffectSlots
                0x00058948       0xe0 D:\oxygine-sound\dependencies\openalext\lib\android\libopenal.a(alAuxEffectSlot.o)
                0x00058948                alDeleteAuxiliaryEffectSlots
 .text.alIsAuxiliaryEffectSlot
                0x00058a28       0x3c D:\oxygine-sound\dependencies\openalext\lib\android\libopenal.a(alAuxEffectSlot.o)
                0x00058a28                alIsAuxiliaryEffectSlot
 .text.alAuxiliaryEffectSlotf
                0x00058a64       0xa0 D:\oxygine-sound\dependencies\openalext\lib\android\libopenal.a(alAuxEffectSlot.o)
                0x00058a64                alAuxiliaryEffectSlotf
 .text.alAuxiliaryEffectSlotfv
                0x00058b04       0xdc D:\oxygine-sound\dependencies\openalext\lib\android\libopenal.a(alAuxEffectSlot.o)
                0x00058b04                alAuxiliaryEffectSlotfv
 .text.alGetAuxiliaryEffectSloti
                0x00058be0       0x80 D:\oxygine-sound\dependencies\openalext\lib\android\libopenal.a(alAuxEffectSlot.o)
                0x00058be0                alGetAuxiliaryEffectSloti
 .text.alGetAuxiliaryEffectSlotiv
                0x00058c60       0xd8 D:\oxygine-sound\dependencies\openalext\lib\android\libopenal.a(alAuxEffectSlot.o)
                0x00058c60                alGetAuxiliaryEffectSlotiv
 .text.alGetAuxiliaryEffectSlotf
                0x00058d38       0x6c D:\oxygine-sound\dependencies\openalext\lib\android\libopenal.a(alAuxEffectSlot.o)
                0x00058d38                alGetAuxiliaryEffectSlotf
 .text.alGetAuxiliaryEffectSlotfv
                0x00058da4       0xa4 D:\oxygine-sound\dependencies\openalext\lib\android\libopenal.a(alAuxEffectSlot.o)
                0x00058da4                alGetAuxiliaryEffectSlotfv
 .text.NoneCreate
                0x00058e48       0x54 D:\oxygine-sound\dependencies\openalext\lib\android\libopenal.a(alAuxEffectSlot.o)
                0x00058e48                NoneCreate
 .text.alAuxiliaryEffectSloti
                0x00058e9c      0x244 D:\oxygine-sound\dependencies\openalext\lib\android\libopenal.a(alAuxEffectSlot.o)
                0x00058e9c                alAuxiliaryEffectSloti
 .text.alAuxiliaryEffectSlotiv
                0x000590e0       0x7c D:\oxygine-sound\dependencies\openalext\lib\android\libopenal.a(alAuxEffectSlot.o)
                0x000590e0                alAuxiliaryEffectSlotiv
 .text.alGenAuxiliaryEffectSlots
                0x0005915c      0x304 D:\oxygine-sound\dependencies\openalext\lib\android\libopenal.a(alAuxEffectSlot.o)
                0x0005915c                alGenAuxiliaryEffectSlots
 .text.ReleaseALAuxiliaryEffectSlots
                0x00059460       0x64 D:\oxygine-sound\dependencies\openalext\lib\android\libopenal.a(alAuxEffectSlot.o)
                0x00059460                ReleaseALAuxiliaryEffectSlots
 .text.alGenDatabuffersEXT
                0x000594c4      0x2c4 D:\oxygine-sound\dependencies\openalext\lib\android\libopenal.a(alDatabuffer.o)
                0x000594c4                alGenDatabuffersEXT
 .text.alDeleteDatabuffersEXT
                0x00059788      0x110 D:\oxygine-sound\dependencies\openalext\lib\android\libopenal.a(alDatabuffer.o)
                0x00059788                alDeleteDatabuffersEXT
 .text.alIsDatabufferEXT
                0x00059898       0x50 D:\oxygine-sound\dependencies\openalext\lib\android\libopenal.a(alDatabuffer.o)
                0x00059898                alIsDatabufferEXT
 .text.alDatabufferDataEXT
                0x000598e8       0xe8 D:\oxygine-sound\dependencies\openalext\lib\android\libopenal.a(alDatabuffer.o)
                0x000598e8                alDatabufferDataEXT
 .text.alDatabufferSubDataEXT
                0x000599d0       0xb0 D:\oxygine-sound\dependencies\openalext\lib\android\libopenal.a(alDatabuffer.o)
                0x000599d0                alDatabufferSubDataEXT
 .text.alGetDatabufferSubDataEXT
                0x00059a80       0xb0 D:\oxygine-sound\dependencies\openalext\lib\android\libopenal.a(alDatabuffer.o)
                0x00059a80                alGetDatabufferSubDataEXT
 .text.alDatabufferfEXT
                0x00059b30       0x44 D:\oxygine-sound\dependencies\openalext\lib\android\libopenal.a(alDatabuffer.o)
                0x00059b30                alDatabufferfEXT
 .text.alDatabufferfvEXT
                0x00059b74       0x44 D:\oxygine-sound\dependencies\openalext\lib\android\libopenal.a(alDatabuffer.o)
                0x00059b74                alDatabufferfvEXT
 .text.alDatabufferiEXT
                0x00059bb8       0x44 D:\oxygine-sound\dependencies\openalext\lib\android\libopenal.a(alDatabuffer.o)
                0x00059bb8                alDatabufferiEXT
 .text.alDatabufferivEXT
                0x00059bfc       0x44 D:\oxygine-sound\dependencies\openalext\lib\android\libopenal.a(alDatabuffer.o)
                0x00059bfc                alDatabufferivEXT
 .text.alGetDatabufferfEXT
                0x00059c40       0x5c D:\oxygine-sound\dependencies\openalext\lib\android\libopenal.a(alDatabuffer.o)
                0x00059c40                alGetDatabufferfEXT
 .text.alGetDatabufferfvEXT
                0x00059c9c       0x5c D:\oxygine-sound\dependencies\openalext\lib\android\libopenal.a(alDatabuffer.o)
                0x00059c9c                alGetDatabufferfvEXT
 .text.alGetDatabufferiEXT
                0x00059cf8       0x88 D:\oxygine-sound\dependencies\openalext\lib\android\libopenal.a(alDatabuffer.o)
                0x00059cf8                alGetDatabufferiEXT
 .text.alGetDatabufferivEXT
                0x00059d80       0xc4 D:\oxygine-sound\dependencies\openalext\lib\android\libopenal.a(alDatabuffer.o)
                0x00059d80                alGetDatabufferivEXT
 .text.alSelectDatabufferEXT
                0x00059e44       0x7c D:\oxygine-sound\dependencies\openalext\lib\android\libopenal.a(alDatabuffer.o)
                0x00059e44                alSelectDatabufferEXT
 .text.alMapDatabufferEXT
                0x00059ec0       0xe0 D:\oxygine-sound\dependencies\openalext\lib\android\libopenal.a(alDatabuffer.o)
                0x00059ec0                alMapDatabufferEXT
 .text.alUnmapDatabufferEXT
                0x00059fa0       0x68 D:\oxygine-sound\dependencies\openalext\lib\android\libopenal.a(alDatabuffer.o)
                0x00059fa0                alUnmapDatabufferEXT
 .text.ReleaseALDatabuffers
                0x0005a008       0x60 D:\oxygine-sound\dependencies\openalext\lib\android\libopenal.a(alDatabuffer.o)
                0x0005a008                ReleaseALDatabuffers
 .text.alGenEffects
                0x0005a068      0x244 D:\oxygine-sound\dependencies\openalext\lib\android\libopenal.a(alEffect.o)
                0x0005a068                alGenEffects
 .text.alDeleteEffects
                0x0005a2ac       0xd0 D:\oxygine-sound\dependencies\openalext\lib\android\libopenal.a(alEffect.o)
                0x0005a2ac                alDeleteEffects
 .text.alIsEffect
                0x0005a37c       0x50 D:\oxygine-sound\dependencies\openalext\lib\android\libopenal.a(alEffect.o)
                0x0005a37c                alIsEffect
 .text.alEffectf
                0x0005a3cc      0x59c D:\oxygine-sound\dependencies\openalext\lib\android\libopenal.a(alEffect.o)
                0x0005a3cc                alEffectf
 .text.alEffecti
                0x0005a968      0x2c0 D:\oxygine-sound\dependencies\openalext\lib\android\libopenal.a(alEffect.o)
                0x0005a968                alEffecti
 .text.alEffectiv
                0x0005ac28       0xc4 D:\oxygine-sound\dependencies\openalext\lib\android\libopenal.a(alEffect.o)
                0x0005ac28                alEffectiv
 .text.alEffectfv
                0x0005acec      0x12c D:\oxygine-sound\dependencies\openalext\lib\android\libopenal.a(alEffect.o)
                0x0005acec                alEffectfv
 .text.alGetEffecti
                0x0005ae18       0xf4 D:\oxygine-sound\dependencies\openalext\lib\android\libopenal.a(alEffect.o)
                0x0005ae18                alGetEffecti
 .text.alGetEffectiv
                0x0005af0c      0x250 D:\oxygine-sound\dependencies\openalext\lib\android\libopenal.a(alEffect.o)
                0x0005af0c                alGetEffectiv
 .text.alGetEffectf
                0x0005b15c      0x2a0 D:\oxygine-sound\dependencies\openalext\lib\android\libopenal.a(alEffect.o)
                0x0005b15c                alGetEffectf
 .text.alGetEffectfv
                0x0005b3fc      0x12c D:\oxygine-sound\dependencies\openalext\lib\android\libopenal.a(alEffect.o)
                0x0005b3fc                alGetEffectfv
 .text.ReleaseALEffects
                0x0005b528       0x58 D:\oxygine-sound\dependencies\openalext\lib\android\libopenal.a(alEffect.o)
                0x0005b528                ReleaseALEffects
 .text.alIsExtensionPresent
                0x0005b580      0x104 D:\oxygine-sound\dependencies\openalext\lib\android\libopenal.a(alExtension.o)
                0x0005b580                alIsExtensionPresent
 .text.alGetProcAddress
                0x0005b684       0x10 D:\oxygine-sound\dependencies\openalext\lib\android\libopenal.a(alExtension.o)
                0x0005b684                alGetProcAddress
 .text.alGetEnumValue
                0x0005b694       0x60 D:\oxygine-sound\dependencies\openalext\lib\android\libopenal.a(alExtension.o)
                0x0005b694                alGetEnumValue
 .text.alGenFilters
                0x0005b6f4      0x25c D:\oxygine-sound\dependencies\openalext\lib\android\libopenal.a(alFilter.o)
                0x0005b6f4                alGenFilters
 .text.alDeleteFilters
                0x0005b950       0xd0 D:\oxygine-sound\dependencies\openalext\lib\android\libopenal.a(alFilter.o)
                0x0005b950                alDeleteFilters
 .text.alIsFilter
                0x0005ba20       0x50 D:\oxygine-sound\dependencies\openalext\lib\android\libopenal.a(alFilter.o)
                0x0005ba20                alIsFilter
 .text.alFilteri
                0x0005ba70       0x94 D:\oxygine-sound\dependencies\openalext\lib\android\libopenal.a(alFilter.o)
                0x0005ba70                alFilteri
 .text.alFilteriv
                0x0005bb04       0xd4 D:\oxygine-sound\dependencies\openalext\lib\android\libopenal.a(alFilter.o)
                0x0005bb04                alFilteriv
 .text.alFilterf
                0x0005bbd8       0xdc D:\oxygine-sound\dependencies\openalext\lib\android\libopenal.a(alFilter.o)
                0x0005bbd8                alFilterf
 .text.alFilterfv
                0x0005bcb4      0x11c D:\oxygine-sound\dependencies\openalext\lib\android\libopenal.a(alFilter.o)
                0x0005bcb4                alFilterfv
 .text.alGetFilteri
                0x0005bdd0       0x74 D:\oxygine-sound\dependencies\openalext\lib\android\libopenal.a(alFilter.o)
                0x0005bdd0                alGetFilteri
 .text.alGetFilteriv
                0x0005be44       0xb0 D:\oxygine-sound\dependencies\openalext\lib\android\libopenal.a(alFilter.o)
                0x0005be44                alGetFilteriv
 .text.alGetFilterf
                0x0005bef4       0x90 D:\oxygine-sound\dependencies\openalext\lib\android\libopenal.a(alFilter.o)
                0x0005bef4                alGetFilterf
 .text.alGetFilterfv
                0x0005bf84       0xcc D:\oxygine-sound\dependencies\openalext\lib\android\libopenal.a(alFilter.o)
                0x0005bf84                alGetFilterfv
 .text.ReleaseALFilters
                0x0005c050       0x58 D:\oxygine-sound\dependencies\openalext\lib\android\libopenal.a(alFilter.o)
                0x0005c050                ReleaseALFilters
 .text.alListenerf
                0x0005c0a8       0xbc D:\oxygine-sound\dependencies\openalext\lib\android\libopenal.a(alListener.o)
                0x0005c0a8                alListenerf
 .text.alListener3f
                0x0005c164       0xa8 D:\oxygine-sound\dependencies\openalext\lib\android\libopenal.a(alListener.o)
                0x0005c164                alListener3f
 .text.alListenerfv
                0x0005c20c      0x238 D:\oxygine-sound\dependencies\openalext\lib\android\libopenal.a(alListener.o)
                0x0005c20c                alListenerfv
 .text.alListeneri
                0x0005c444       0x3c D:\oxygine-sound\dependencies\openalext\lib\android\libopenal.a(alListener.o)
                0x0005c444                alListeneri
 .text.alListener3i
                0x0005c480       0xf8 D:\oxygine-sound\dependencies\openalext\lib\android\libopenal.a(alListener.o)
                0x0005c480                alListener3i
 .text.alListeneriv
                0x0005c578      0x1fc D:\oxygine-sound\dependencies\openalext\lib\android\libopenal.a(alListener.o)
                0x0005c578                alListeneriv
 .text.alGetListenerf
                0x0005c774       0x74 D:\oxygine-sound\dependencies\openalext\lib\android\libopenal.a(alListener.o)
                0x0005c774                alGetListenerf
 .text.alGetListener3f
                0x0005c7e8       0xa8 D:\oxygine-sound\dependencies\openalext\lib\android\libopenal.a(alListener.o)
                0x0005c7e8                alGetListener3f
 .text.alGetListenerfv
                0x0005c890      0x10c D:\oxygine-sound\dependencies\openalext\lib\android\libopenal.a(alListener.o)
                0x0005c890                alGetListenerfv
 .text.alGetListeneri
                0x0005c99c       0x58 D:\oxygine-sound\dependencies\openalext\lib\android\libopenal.a(alListener.o)
                0x0005c99c                alGetListeneri
 .text.alGetListener3i
                0x0005c9f4       0xa8 D:\oxygine-sound\dependencies\openalext\lib\android\libopenal.a(alListener.o)
                0x0005c9f4                alGetListener3i
 .text.alGetListeneriv
                0x0005ca9c       0xec D:\oxygine-sound\dependencies\openalext\lib\android\libopenal.a(alListener.o)
                0x0005ca9c                alGetListeneriv
 .text.alEnable
                0x0005cb88       0x6c D:\oxygine-sound\dependencies\openalext\lib\android\libopenal.a(alState.o)
                0x0005cb88                alEnable
 .text.alDisable
                0x0005cbf4       0x6c D:\oxygine-sound\dependencies\openalext\lib\android\libopenal.a(alState.o)
                0x0005cbf4                alDisable
 .text.alIsEnabled
                0x0005cc60       0x40 D:\oxygine-sound\dependencies\openalext\lib\android\libopenal.a(alState.o)
                0x0005cc60                alIsEnabled
 .text.alGetBoolean
                0x0005cca0       0xe4 D:\oxygine-sound\dependencies\openalext\lib\android\libopenal.a(alState.o)
                0x0005cca0                alGetBoolean
 *fill*         0x0005cd84        0x4 00000000
 .text.alGetDouble
                0x0005cd88       0xa8 D:\oxygine-sound\dependencies\openalext\lib\android\libopenal.a(alState.o)
                0x0005cd88                alGetDouble
 .text.alGetFloat
                0x0005ce30       0x90 D:\oxygine-sound\dependencies\openalext\lib\android\libopenal.a(alState.o)
                0x0005ce30                alGetFloat
 .text.alGetInteger
                0x0005cec0       0xf4 D:\oxygine-sound\dependencies\openalext\lib\android\libopenal.a(alState.o)
                0x0005cec0                alGetInteger
 .text.alGetBooleanv
                0x0005cfb4       0xe0 D:\oxygine-sound\dependencies\openalext\lib\android\libopenal.a(alState.o)
                0x0005cfb4                alGetBooleanv
 .text.alGetDoublev
                0x0005d094       0xb0 D:\oxygine-sound\dependencies\openalext\lib\android\libopenal.a(alState.o)
                0x0005d094                alGetDoublev
 .text.alGetFloatv
                0x0005d144       0xa4 D:\oxygine-sound\dependencies\openalext\lib\android\libopenal.a(alState.o)
                0x0005d144                alGetFloatv
 .text.alGetIntegerv
                0x0005d1e8       0xec D:\oxygine-sound\dependencies\openalext\lib\android\libopenal.a(alState.o)
                0x0005d1e8                alGetIntegerv
 .text.alGetString
                0x0005d2d4      0x170 D:\oxygine-sound\dependencies\openalext\lib\android\libopenal.a(alState.o)
                0x0005d2d4                alGetString
 .text.alDopplerFactor
                0x0005d444       0x80 D:\oxygine-sound\dependencies\openalext\lib\android\libopenal.a(alState.o)
                0x0005d444                alDopplerFactor
 .text.alDopplerVelocity
                0x0005d4c4       0x80 D:\oxygine-sound\dependencies\openalext\lib\android\libopenal.a(alState.o)
                0x0005d4c4                alDopplerVelocity
 .text.alSpeedOfSound
                0x0005d544       0x80 D:\oxygine-sound\dependencies\openalext\lib\android\libopenal.a(alState.o)
                0x0005d544                alSpeedOfSound
 .text.alDistanceModel
                0x0005d5c4       0x8c D:\oxygine-sound\dependencies\openalext\lib\android\libopenal.a(alState.o)
                0x0005d5c4                alDistanceModel
 .text.EchoProcess
                0x0005d650       0xf4 D:\oxygine-sound\dependencies\openalext\lib\android\libopenal.a(alcEcho.o)
 *fill*         0x0005d744        0x4 00000000
 .text.EchoUpdate
                0x0005d748      0x168 D:\oxygine-sound\dependencies\openalext\lib\android\libopenal.a(alcEcho.o)
 .text.EchoDeviceUpdate
                0x0005d8b0      0x110 D:\oxygine-sound\dependencies\openalext\lib\android\libopenal.a(alcEcho.o)
 .text.EchoDestroy
                0x0005d9c0       0x28 D:\oxygine-sound\dependencies\openalext\lib\android\libopenal.a(alcEcho.o)
 .text.EchoCreate
                0x0005d9e8       0x84 D:\oxygine-sound\dependencies\openalext\lib\android\libopenal.a(alcEcho.o)
                0x0005d9e8                EchoCreate
 .text.ModulatorDeviceUpdate
                0x0005da6c       0x5c D:\oxygine-sound\dependencies\openalext\lib\android\libopenal.a(alcModulator.o)
 .text.ModulatorProcess
                0x0005dac8      0x218 D:\oxygine-sound\dependencies\openalext\lib\android\libopenal.a(alcModulator.o)
 .text.ModulatorUpdate
                0x0005dce0       0xe0 D:\oxygine-sound\dependencies\openalext\lib\android\libopenal.a(alcModulator.o)
 .text.ModulatorDestroy
                0x0005ddc0        0x4 D:\oxygine-sound\dependencies\openalext\lib\android\libopenal.a(alcModulator.o)
 .text.ModulatorCreate
                0x0005ddc4       0x74 D:\oxygine-sound\dependencies\openalext\lib\android\libopenal.a(alcModulator.o)
                0x0005ddc4                ModulatorCreate
 .text.AllocLines
                0x0005de38      0x470 D:\oxygine-sound\dependencies\openalext\lib\android\libopenal.a(alcReverb.o)
 .text.EAXVerbDeviceUpdate
                0x0005e2a8      0x114 D:\oxygine-sound\dependencies\openalext\lib\android\libopenal.a(alcReverb.o)
 .text.VerbDestroy
                0x0005e3bc       0x28 D:\oxygine-sound\dependencies\openalext\lib\android\libopenal.a(alcReverb.o)
 .text.VerbDeviceUpdate
                0x0005e3e4      0x130 D:\oxygine-sound\dependencies\openalext\lib\android\libopenal.a(alcReverb.o)
 .text.LateReverb
                0x0005e514      0x314 D:\oxygine-sound\dependencies\openalext\lib\android\libopenal.a(alcReverb.o)
 .text.EAXVerbProcess
                0x0005e828      0x4b0 D:\oxygine-sound\dependencies\openalext\lib\android\libopenal.a(alcReverb.o)
 .text.EAXVerbUpdate
                0x0005ecd8      0xd18 D:\oxygine-sound\dependencies\openalext\lib\android\libopenal.a(alcReverb.o)
 .text.VerbProcess
                0x0005f9f0      0x2c4 D:\oxygine-sound\dependencies\openalext\lib\android\libopenal.a(alcReverb.o)
 *fill*         0x0005fcb4        0x4 00000000
 .text.VerbUpdate
                0x0005fcb8      0x8c0 D:\oxygine-sound\dependencies\openalext\lib\android\libopenal.a(alcReverb.o)
 .text.VerbCreate
                0x00060578      0x20c D:\oxygine-sound\dependencies\openalext\lib\android\libopenal.a(alcReverb.o)
                0x00060578                VerbCreate
 .text.EAXVerbCreate
                0x00060784       0x44 D:\oxygine-sound\dependencies\openalext\lib\android\libopenal.a(alcReverb.o)
                0x00060784                EAXVerbCreate
 .text.StarterFunc
                0x000607c8       0x20 D:\oxygine-sound\dependencies\openalext\lib\android\libopenal.a(alcThread.o)
 .text.StartThread
                0x000607e8       0x60 D:\oxygine-sound\dependencies\openalext\lib\android\libopenal.a(alcThread.o)
                0x000607e8                StartThread
 .text.StopThread
                0x00060848       0x28 D:\oxygine-sound\dependencies\openalext\lib\android\libopenal.a(alcThread.o)
                0x00060848                StopThread
 .text          0x00060870       0xc4 d:/android/android-ndk-r8e/toolchains/arm-linux-androideabi-4.4.3/prebuilt/windows/bin/../lib/gcc/arm-linux-androideabi/4.4.3\libgcc.a(_udivsi3.o)
                0x00060870                __udivsi3
                0x00060870                __aeabi_uidiv
                0x0006091c                __aeabi_uidivmod
 .text          0x00060934       0xf4 d:/android/android-ndk-r8e/toolchains/arm-linux-androideabi-4.4.3/prebuilt/windows/bin/../lib/gcc/arm-linux-androideabi/4.4.3\libgcc.a(_divsi3.o)
                0x00060934                __aeabi_idiv
                0x00060934                __divsi3
                0x00060a10                __aeabi_idivmod
 .text          0x00060a28       0x1c d:/android/android-ndk-r8e/toolchains/arm-linux-androideabi-4.4.3/prebuilt/windows/bin/../lib/gcc/arm-linux-androideabi/4.4.3\libgcc.a(_aeabi_ldivmod.o)
                0x00060a28                __aeabi_ldivmod
 .text          0x00060a44       0x1c d:/android/android-ndk-r8e/toolchains/arm-linux-androideabi-4.4.3/prebuilt/windows/bin/../lib/gcc/arm-linux-androideabi/4.4.3\libgcc.a(_aeabi_uldivmod.o)
                0x00060a44                __aeabi_uldivmod
 .text          0x00060a60       0x10 d:/android/android-ndk-r8e/toolchains/arm-linux-androideabi-4.4.3/prebuilt/windows/bin/../lib/gcc/arm-linux-androideabi/4.4.3\libgcc.a(_dvmd_lnx.o)
                0x00060a60                __div0
 .text          0x00060a70       0x88 d:/android/android-ndk-r8e/toolchains/arm-linux-androideabi-4.4.3/prebuilt/windows/bin/../lib/gcc/arm-linux-androideabi/4.4.3\libgcc.a(bpabi.o)
                0x00060a70                __gnu_uldivmod_helper
                0x00060ab4                __gnu_ldivmod_helper
 .text          0x00060af8      0xec4 d:/android/android-ndk-r8e/toolchains/arm-linux-androideabi-4.4.3/prebuilt/windows/bin/../lib/gcc/arm-linux-androideabi/4.4.3\libgcc.a(unwind-arm.o)
                0x00061520                __gnu_Unwind_RaiseException
                0x00061078                __aeabi_unwind_cpp_pr0
                0x00060ba8                _Unwind_GetCFA
                0x00060b44                _Unwind_VRS_Set
                0x000612bc                __gnu_Unwind_Backtrace
                0x00061650                _Unwind_VRS_Pop
                0x00061068                __aeabi_unwind_cpp_pr2
                0x00060bb4                _Unwind_DeleteException
                0x00060bb0                _Unwind_Complete
                0x000615e4                __gnu_Unwind_Resume
                0x000614ac                __gnu_Unwind_ForcedUnwind
                0x000615c4                __gnu_Unwind_Resume_or_Rethrow
                0x00060af8                _Unwind_VRS_Get
                0x00061070                __aeabi_unwind_cpp_pr1
 .text          0x000619bc      0x1a8 d:/android/android-ndk-r8e/toolchains/arm-linux-androideabi-4.4.3/prebuilt/windows/bin/../lib/gcc/arm-linux-androideabi/4.4.3\libgcc.a(libunwind.o)
                0x00061b1c                ___Unwind_ForcedUnwind
                0x000619d8                __gnu_Unwind_Save_VFP
                0x00061af8                _Unwind_Resume_or_Rethrow
                0x00061af8                ___Unwind_Resume_or_Rethrow
                0x00061b40                _Unwind_Backtrace
                0x000619bc                __restore_core_regs
                0x000619f8                __gnu_Unwind_Save_VFP_D_16_to_31
                0x000619e8                __gnu_Unwind_Save_VFP_D
                0x00061b40                ___Unwind_Backtrace
                0x00061ab0                ___Unwind_RaiseException
                0x00061ad4                ___Unwind_Resume
                0x00061a00                __gnu_Unwind_Restore_WMMXD
                0x000619d0                __gnu_Unwind_Restore_VFP
                0x00061ad4                _Unwind_Resume
                0x000619e0                __gnu_Unwind_Restore_VFP_D
                0x000619f0                __gnu_Unwind_Restore_VFP_D_16_to_31
                0x00061ab0                _Unwind_RaiseException
                0x000619bc                restore_core_regs
                0x00061a9c                __gnu_Unwind_Save_WMMXC
                0x00061a88                __gnu_Unwind_Restore_WMMXC
                0x00061b1c                _Unwind_ForcedUnwind
                0x00061a44                __gnu_Unwind_Save_WMMXD
 .text          0x00061b64      0x484 d:/android/android-ndk-r8e/toolchains/arm-linux-androideabi-4.4.3/prebuilt/windows/bin/../lib/gcc/arm-linux-androideabi/4.4.3\libgcc.a(pr-support.o)
                0x00061c04                _Unwind_GetRegionStart
                0x00061c30                __gnu_unwind_execute
                0x00061bbc                _Unwind_GetTextRelBase
                0x00061bcc                _Unwind_GetLanguageSpecificData
                0x00061fa8                __gnu_unwind_frame
                0x00061bc4                _Unwind_GetDataRelBase
 .text          0x00061fe8      0x47c d:/android/android-ndk-r8e/toolchains/arm-linux-androideabi-4.4.3/prebuilt/windows/bin/../lib/gcc/arm-linux-androideabi/4.4.3\libgcc.a(_divdi3.o)
                0x00061fe8                __divdi3
 .text          0x00062464      0x40c d:/android/android-ndk-r8e/toolchains/arm-linux-androideabi-4.4.3/prebuilt/windows/bin/../lib/gcc/arm-linux-androideabi/4.4.3\libgcc.a(_udivdi3.o)
                0x00062464                __udivdi3
 *(.gnu.warning)
 *(.glue_7t)
 .glue_7t       0x00000000        0x0 linker stubs
 *(.glue_7)
 .glue_7        0x00000000        0x0 linker stubs
 *(.vfp11_veneer)
 .vfp11_veneer  0x00000000        0x0 linker stubs
 *(.v4_bx)
 .v4_bx         0x00000000        0x0 linker stubs

.fini
 *(.fini)
                0x00062870                PROVIDE (__etext, .)
                0x00062870                PROVIDE (_etext, .)
                0x00062870                PROVIDE (etext, .)

.rodata         0x00062870     0x2bf8
 *(.rodata .rodata.* .gnu.linkonce.r.*)
 .rodata.str1.4
                0x00062870        0xa release\openalext_register.os
                                  0xc (size before relaxing)
 *fill*         0x0006287a        0x2 00
 .rodata        0x0006287c      0x488 D:\oxygine-sound\dependencies\openalext\lib\android\libopenal.a(alBuffer.o)
 .rodata        0x00062d04       0x18 D:\oxygine-sound\dependencies\openalext\lib\android\libopenal.a(alSource.o)
                0x00062d10                ResamplerPadding
                0x00062d04                ResamplerPrePadding
 .rodata.str1.4
                0x00062d1c       0x49 D:\oxygine-sound\dependencies\openalext\lib\android\libopenal.a(alSource.o)
                                 0x4c (size before relaxing)
 *fill*         0x00062d65        0x3 00
 .rodata        0x00062d68      0x254 D:\oxygine-sound\dependencies\openalext\lib\android\libopenal.a(ALc.o)
 .rodata.str1.4
                0x00062fbc      0xdea D:\oxygine-sound\dependencies\openalext\lib\android\libopenal.a(ALc.o)
                                0xdf0 (size before relaxing)
 *fill*         0x00063da6        0x2 00
 .rodata.str1.4
                0x00063da8      0x19b D:\oxygine-sound\dependencies\openalext\lib\android\libopenal.a(alcConfig.o)
                                0x1a4 (size before relaxing)
 *fill*         0x00063f43        0x1 00
 .rodata.str1.4
                0x00063f44       0x20 D:\oxygine-sound\dependencies\openalext\lib\android\libopenal.a(ALu.o)
 .rodata        0x00063f64        0xc D:\oxygine-sound\dependencies\openalext\lib\android\libopenal.a(null.o)
 .rodata.str1.4
                0x00063f70       0x2e D:\oxygine-sound\dependencies\openalext\lib\android\libopenal.a(null.o)
                                 0x30 (size before relaxing)
 *fill*         0x00063f9e        0x2 00
 .rodata.str1.4
                0x00063fa0      0x109 D:\oxygine-sound\dependencies\openalext\lib\android\libopenal.a(panning.o)
                                0x110 (size before relaxing)
 *fill*         0x000640a9        0x3 00
 .rodata        0x000640ac       0x10 D:\oxygine-sound\dependencies\openalext\lib\android\libopenal.a(audiotrack.o)
 .rodata.str1.4
                0x000640bc      0x118 D:\oxygine-sound\dependencies\openalext\lib\android\libopenal.a(audiotrack.o)
 .rodata        0x000641d4       0x18 D:\oxygine-sound\dependencies\openalext\lib\android\libopenal.a(opensles.o)
 .rodata.str1.4
                0x000641ec      0x53c D:\oxygine-sound\dependencies\openalext\lib\android\libopenal.a(opensles.o)
                                0x550 (size before relaxing)
 .rodata.str1.4
                0x00064728      0xc7c D:\oxygine-sound\dependencies\openalext\lib\android\libopenal.a(alExtension.o)
                                0xdb4 (size before relaxing)
 .rodata        0x000653a4       0x94 D:\oxygine-sound\dependencies\openalext\lib\android\libopenal.a(alState.o)
 .rodata        0x00065438       0x30 D:\oxygine-sound\dependencies\openalext\lib\android\libopenal.a(alcReverb.o)

.rodata1
 *(.rodata1)

.ARM.extab      0x00065468      0x3d8
 *(.ARM.extab* .gnu.linkonce.armextab.*)
 .ARM.extab.text.JNI_OnUnload
                0x00065468        0xc D:\oxygine-sound\dependencies\openalext\lib\android\libopenal.a(android.o)
 .ARM.extab.text.alcSuspend
                0x00065474        0xc D:\oxygine-sound\dependencies\openalext\lib\android\libopenal.a(android.o)
 .ARM.extab.text.alcResume
                0x00065480        0xc D:\oxygine-sound\dependencies\openalext\lib\android\libopenal.a(android.o)
 .ARM.extab.text.alDeleteBuffers
                0x0006548c        0xc D:\oxygine-sound\dependencies\openalext\lib\android\libopenal.a(alBuffer.o)
 .ARM.extab.text.alBufferiv
                0x00065498        0xc D:\oxygine-sound\dependencies\openalext\lib\android\libopenal.a(alBuffer.o)
 .ARM.extab.text.alGetBufferiv
                0x000654a4        0xc D:\oxygine-sound\dependencies\openalext\lib\android\libopenal.a(alBuffer.o)
 .ARM.extab.text.alSourcef
                0x000654b0        0xc D:\oxygine-sound\dependencies\openalext\lib\android\libopenal.a(alSource.o)
 .ARM.extab.text.alSource3f
                0x000654bc        0xc D:\oxygine-sound\dependencies\openalext\lib\android\libopenal.a(alSource.o)
 .ARM.extab.text.alSourcei
                0x000654c8        0xc D:\oxygine-sound\dependencies\openalext\lib\android\libopenal.a(alSource.o)
 .ARM.extab.text.alGetSource3f
                0x000654d4        0xc D:\oxygine-sound\dependencies\openalext\lib\android\libopenal.a(alSource.o)
 .ARM.extab.text.alGetSourcefv
                0x000654e0        0xc D:\oxygine-sound\dependencies\openalext\lib\android\libopenal.a(alSource.o)
 .ARM.extab.text.alGetSource3i
                0x000654ec        0xc D:\oxygine-sound\dependencies\openalext\lib\android\libopenal.a(alSource.o)
 .ARM.extab.text.alSourcePlay
                0x000654f8        0xc D:\oxygine-sound\dependencies\openalext\lib\android\libopenal.a(alSource.o)
 .ARM.extab.text.alSourcePlayv
                0x00065504        0xc D:\oxygine-sound\dependencies\openalext\lib\android\libopenal.a(alSource.o)
 .ARM.extab.text.alSourcePausev
                0x00065510        0xc D:\oxygine-sound\dependencies\openalext\lib\android\libopenal.a(alSource.o)
 .ARM.extab.text.alSourceStopv
                0x0006551c        0xc D:\oxygine-sound\dependencies\openalext\lib\android\libopenal.a(alSource.o)
 .ARM.extab.text.alSourceRewindv
                0x00065528        0xc D:\oxygine-sound\dependencies\openalext\lib\android\libopenal.a(alSource.o)
 .ARM.extab.text.alSourceUnqueueBuffers
                0x00065534        0xc D:\oxygine-sound\dependencies\openalext\lib\android\libopenal.a(alSource.o)
 .ARM.extab.text.al_print
                0x00065540        0xc D:\oxygine-sound\dependencies\openalext\lib\android\libopenal.a(ALc.o)
 .ARM.extab.text.alcOpenDevice
                0x0006554c        0xc D:\oxygine-sound\dependencies\openalext\lib\android\libopenal.a(ALc.o)
 .ARM.extab.text.ConfigValueExists
                0x00065558        0xc D:\oxygine-sound\dependencies\openalext\lib\android\libopenal.a(alcConfig.o)
 .ARM.extab.text.GetConfigValueFloat
                0x00065564        0xc D:\oxygine-sound\dependencies\openalext\lib\android\libopenal.a(alcConfig.o)
 .ARM.extab.text.CalcNonAttnSourceParams
                0x00065570        0xc D:\oxygine-sound\dependencies\openalext\lib\android\libopenal.a(ALu.o)
 .ARM.extab.text.CalcSourceParams
                0x0006557c        0xc D:\oxygine-sound\dependencies\openalext\lib\android\libopenal.a(ALu.o)
 .ARM.extab.text.aluMixData
                0x00065588        0xc D:\oxygine-sound\dependencies\openalext\lib\android\libopenal.a(ALu.o)
 .ARM.extab.text.aluHandleDisconnect
                0x00065594        0xc D:\oxygine-sound\dependencies\openalext\lib\android\libopenal.a(ALu.o)
 .ARM.extab.text.aluInitPanning
                0x000655a0        0xc D:\oxygine-sound\dependencies\openalext\lib\android\libopenal.a(panning.o)
 .ARM.extab.text.Mix_ALfp_6_point32
                0x000655ac        0xc D:\oxygine-sound\dependencies\openalext\lib\android\libopenal.a(mixer.o)
 .ARM.extab.text.Mix_ALfp_6_lerp32
                0x000655b8        0xc D:\oxygine-sound\dependencies\openalext\lib\android\libopenal.a(mixer.o)
 .ARM.extab.text.Mix_ALshort_6_point16
                0x000655c4        0xc D:\oxygine-sound\dependencies\openalext\lib\android\libopenal.a(mixer.o)
 .ARM.extab.text.Mix_ALshort_6_lerp16
                0x000655d0        0xc D:\oxygine-sound\dependencies\openalext\lib\android\libopenal.a(mixer.o)
 .ARM.extab.text.Mix_ALubyte_6_point8
                0x000655dc        0xc D:\oxygine-sound\dependencies\openalext\lib\android\libopenal.a(mixer.o)
 .ARM.extab.text.Mix_ALubyte_6_lerp8
                0x000655e8        0xc D:\oxygine-sound\dependencies\openalext\lib\android\libopenal.a(mixer.o)
 .ARM.extab.text.Mix_ALfp_7_point32
                0x000655f4        0xc D:\oxygine-sound\dependencies\openalext\lib\android\libopenal.a(mixer.o)
 .ARM.extab.text.Mix_ALfp_7_lerp32
                0x00065600        0xc D:\oxygine-sound\dependencies\openalext\lib\android\libopenal.a(mixer.o)
 .ARM.extab.text.Mix_ALshort_7_point16
                0x0006560c        0xc D:\oxygine-sound\dependencies\openalext\lib\android\libopenal.a(mixer.o)
 .ARM.extab.text.Mix_ALshort_7_lerp16
                0x00065618        0xc D:\oxygine-sound\dependencies\openalext\lib\android\libopenal.a(mixer.o)
 .ARM.extab.text.Mix_ALubyte_7_point8
                0x00065624        0xc D:\oxygine-sound\dependencies\openalext\lib\android\libopenal.a(mixer.o)
 .ARM.extab.text.Mix_ALubyte_7_lerp8
                0x00065630        0xc D:\oxygine-sound\dependencies\openalext\lib\android\libopenal.a(mixer.o)
 .ARM.extab.text.Mix_ALfp_8_point32
                0x0006563c        0xc D:\oxygine-sound\dependencies\openalext\lib\android\libopenal.a(mixer.o)
 .ARM.extab.text.Mix_ALfp_8_lerp32
                0x00065648        0xc D:\oxygine-sound\dependencies\openalext\lib\android\libopenal.a(mixer.o)
 .ARM.extab.text.Mix_ALshort_8_point16
                0x00065654        0xc D:\oxygine-sound\dependencies\openalext\lib\android\libopenal.a(mixer.o)
 .ARM.extab.text.Mix_ALshort_8_lerp16
                0x00065660        0xc D:\oxygine-sound\dependencies\openalext\lib\android\libopenal.a(mixer.o)
 .ARM.extab.text.Mix_ALubyte_8_point8
                0x0006566c        0xc D:\oxygine-sound\dependencies\openalext\lib\android\libopenal.a(mixer.o)
 .ARM.extab.text.Mix_ALubyte_8_lerp8
                0x00065678        0xc D:\oxygine-sound\dependencies\openalext\lib\android\libopenal.a(mixer.o)
 .ARM.extab.text.Mix_point
                0x00065684        0xc D:\oxygine-sound\dependencies\openalext\lib\android\libopenal.a(mixer.o)
 .ARM.extab.text.Mix_ALfp_7_cubic32
                0x00065690        0xc D:\oxygine-sound\dependencies\openalext\lib\android\libopenal.a(mixer.o)
 .ARM.extab.text.Mix_ALfp_8_cubic32
                0x0006569c        0xc D:\oxygine-sound\dependencies\openalext\lib\android\libopenal.a(mixer.o)
 .ARM.extab.text.Mix_ALfp_6_cubic32
                0x000656a8        0xc D:\oxygine-sound\dependencies\openalext\lib\android\libopenal.a(mixer.o)
 .ARM.extab.text.Mix_ALfp_1_cubic32
                0x000656b4        0xc D:\oxygine-sound\dependencies\openalext\lib\android\libopenal.a(mixer.o)
 .ARM.extab.text.Mix_ALshort_7_cubic16
                0x000656c0        0xc D:\oxygine-sound\dependencies\openalext\lib\android\libopenal.a(mixer.o)
 .ARM.extab.text.Mix_ALshort_8_cubic16
                0x000656cc        0xc D:\oxygine-sound\dependencies\openalext\lib\android\libopenal.a(mixer.o)
 .ARM.extab.text.Mix_ALshort_6_cubic16
                0x000656d8        0xc D:\oxygine-sound\dependencies\openalext\lib\android\libopenal.a(mixer.o)
 .ARM.extab.text.Mix_ALshort_1_cubic16
                0x000656e4        0xc D:\oxygine-sound\dependencies\openalext\lib\android\libopenal.a(mixer.o)
 .ARM.extab.text.Mix_ALubyte_7_cubic8
                0x000656f0        0xc D:\oxygine-sound\dependencies\openalext\lib\android\libopenal.a(mixer.o)
 .ARM.extab.text.Mix_ALubyte_8_cubic8
                0x000656fc        0xc D:\oxygine-sound\dependencies\openalext\lib\android\libopenal.a(mixer.o)
 .ARM.extab.text.Mix_ALubyte_6_cubic8
                0x00065708        0xc D:\oxygine-sound\dependencies\openalext\lib\android\libopenal.a(mixer.o)
 .ARM.extab.text.Mix_ALubyte_1_cubic8
                0x00065714        0xc D:\oxygine-sound\dependencies\openalext\lib\android\libopenal.a(mixer.o)
 .ARM.extab.text.Mix_cubic
                0x00065720        0xc D:\oxygine-sound\dependencies\openalext\lib\android\libopenal.a(mixer.o)
 .ARM.extab.text.MixSource
                0x0006572c        0xc D:\oxygine-sound\dependencies\openalext\lib\android\libopenal.a(mixer.o)
 .ARM.extab.text.android_stop_playback
                0x00065738        0xc D:\oxygine-sound\dependencies\openalext\lib\android\libopenal.a(audiotrack.o)
 .ARM.extab.text.opensles_available_samples
                0x00065744        0xc D:\oxygine-sound\dependencies\openalext\lib\android\libopenal.a(opensles.o)
 .ARM.extab.text.alAuxiliaryEffectSlotfv
                0x00065750        0xc D:\oxygine-sound\dependencies\openalext\lib\android\libopenal.a(alAuxEffectSlot.o)
 .ARM.extab.text.NoneCreate
                0x0006575c        0xc D:\oxygine-sound\dependencies\openalext\lib\android\libopenal.a(alAuxEffectSlot.o)
 .ARM.extab.text.alDeleteEffects
                0x00065768        0xc D:\oxygine-sound\dependencies\openalext\lib\android\libopenal.a(alEffect.o)
 .ARM.extab.text.alDeleteFilters
                0x00065774        0xc D:\oxygine-sound\dependencies\openalext\lib\android\libopenal.a(alFilter.o)
 .ARM.extab.text.alFilterfv
                0x00065780        0xc D:\oxygine-sound\dependencies\openalext\lib\android\libopenal.a(alFilter.o)
 .ARM.extab.text.alListenerf
                0x0006578c        0xc D:\oxygine-sound\dependencies\openalext\lib\android\libopenal.a(alListener.o)
 .ARM.extab.text.alListenerfv
                0x00065798        0xc D:\oxygine-sound\dependencies\openalext\lib\android\libopenal.a(alListener.o)
 .ARM.extab.text.alListener3i
                0x000657a4        0xc D:\oxygine-sound\dependencies\openalext\lib\android\libopenal.a(alListener.o)
 .ARM.extab.text.alGetDouble
                0x000657b0        0xc D:\oxygine-sound\dependencies\openalext\lib\android\libopenal.a(alState.o)
 .ARM.extab.text.alGetFloat
                0x000657bc        0xc D:\oxygine-sound\dependencies\openalext\lib\android\libopenal.a(alState.o)
 .ARM.extab.text.EchoUpdate
                0x000657c8        0xc D:\oxygine-sound\dependencies\openalext\lib\android\libopenal.a(alcEcho.o)
 .ARM.extab.text.EAXVerbDeviceUpdate
                0x000657d4        0xc D:\oxygine-sound\dependencies\openalext\lib\android\libopenal.a(alcReverb.o)
 .ARM.extab.text.EAXVerbProcess
                0x000657e0        0xc D:\oxygine-sound\dependencies\openalext\lib\android\libopenal.a(alcReverb.o)
 .ARM.extab.text.EAXVerbUpdate
                0x000657ec        0xc D:\oxygine-sound\dependencies\openalext\lib\android\libopenal.a(alcReverb.o)
 .ARM.extab.text.VerbProcess
                0x000657f8        0xc D:\oxygine-sound\dependencies\openalext\lib\android\libopenal.a(alcReverb.o)
 .ARM.extab.text.VerbUpdate
                0x00065804        0xc D:\oxygine-sound\dependencies\openalext\lib\android\libopenal.a(alcReverb.o)
 .ARM.extab.text.EAXVerbCreate
                0x00065810        0xc D:\oxygine-sound\dependencies\openalext\lib\android\libopenal.a(alcReverb.o)
 .ARM.extab     0x0006581c       0x24 d:/android/android-ndk-r8e/toolchains/arm-linux-androideabi-4.4.3/prebuilt/windows/bin/../lib/gcc/arm-linux-androideabi/4.4.3\libgcc.a(unwind-arm.o)
                0x00065840                __exidx_start = .

.ARM.exidx      0x00065840      0xae8
 *(.ARM.exidx* .gnu.linkonce.armexidx.*)
 .ARM.exidx.text.alcGetJavaVM
                0x00065840        0x8 D:\oxygine-sound\dependencies\openalext\lib\android\libopenal.a(android.o)
 .ARM.exidx.text.JNI_OnLoad
                0x00065848        0x8 D:\oxygine-sound\dependencies\openalext\lib\android\libopenal.a(android.o)
 .ARM.exidx.text.JNI_OnUnload
                0x00065850        0x8 D:\oxygine-sound\dependencies\openalext\lib\android\libopenal.a(android.o)
 .ARM.exidx.text.alcSuspend
                0x00065858        0x8 D:\oxygine-sound\dependencies\openalext\lib\android\libopenal.a(android.o)
 .ARM.exidx.text.alcResume
                0x00065860        0x8 D:\oxygine-sound\dependencies\openalext\lib\android\libopenal.a(android.o)
 .ARM.exidx.text.Convert_ALfp_IMA4
                0x00065868        0x8 D:\oxygine-sound\dependencies\openalext\lib\android\libopenal.a(alBuffer.o)
 .ARM.exidx.text.ConvertData
                0x00065870        0x8 D:\oxygine-sound\dependencies\openalext\lib\android\libopenal.a(alBuffer.o)
 .ARM.exidx.text.Convert_ALubyte_IMA4
                0x00065878        0x8 D:\oxygine-sound\dependencies\openalext\lib\android\libopenal.a(alBuffer.o)
 .ARM.exidx.text.Convert_ALshort_IMA4
                0x00065880        0x8 D:\oxygine-sound\dependencies\openalext\lib\android\libopenal.a(alBuffer.o)
 .ARM.exidx.text.alGenBuffers
                0x00065888        0x8 D:\oxygine-sound\dependencies\openalext\lib\android\libopenal.a(alBuffer.o)
 .ARM.exidx.text.alDeleteBuffers
                0x00065890        0x8 D:\oxygine-sound\dependencies\openalext\lib\android\libopenal.a(alBuffer.o)
 .ARM.exidx.text.alIsBuffer
                0x00065898        0x8 D:\oxygine-sound\dependencies\openalext\lib\android\libopenal.a(alBuffer.o)
 .ARM.exidx.text.alBufferf
                0x000658a0        0x8 D:\oxygine-sound\dependencies\openalext\lib\android\libopenal.a(alBuffer.o)
 .ARM.exidx.text.alBuffer3f
                0x000658a8        0x8 D:\oxygine-sound\dependencies\openalext\lib\android\libopenal.a(alBuffer.o)
 .ARM.exidx.text.alBufferfv
                0x000658b0        0x8 D:\oxygine-sound\dependencies\openalext\lib\android\libopenal.a(alBuffer.o)
 .ARM.exidx.text.alBufferi
                0x000658b8        0x8 D:\oxygine-sound\dependencies\openalext\lib\android\libopenal.a(alBuffer.o)
 .ARM.exidx.text.alBuffer3i
                0x000658c0        0x8 D:\oxygine-sound\dependencies\openalext\lib\android\libopenal.a(alBuffer.o)
 .ARM.exidx.text.alGetBufferf
                0x000658c8        0x8 D:\oxygine-sound\dependencies\openalext\lib\android\libopenal.a(alBuffer.o)
 .ARM.exidx.text.alGetBuffer3f
                0x000658d0        0x8 D:\oxygine-sound\dependencies\openalext\lib\android\libopenal.a(alBuffer.o)
 .ARM.exidx.text.alGetBufferfv